#
# There is insufficient memory for the Java Runtime Environment to continue.
# Native memory allocation (mmap) failed to map 4009754624 bytes. Error detail: G1 virtual space
# Possible reasons:
#   The system is out of physical RAM or swap space
#   This process is running with CompressedOops enabled, and the Java Heap may be blocking the growth of the native heap
# Possible solutions:
#   Reduce memory load on the system
#   Increase physical memory or swap space
#   Check if swap backing store is full
#   Decrease Java heap size (-Xmx/-Xms)
#   Decrease number of Java threads
#   Decrease Java thread stack sizes (-Xss)
#   Set larger code cache with -XX:ReservedCodeCacheSize=
#   JVM is running with Zero Based Compressed Oops mode in which the Java heap is
#     placed in the first 32GB address space. The Java Heap base address is the
#     maximum limit for the native heap growth. Please use -XX:HeapBaseMinAddress
#     to set the Java Heap base and to place the Java Heap above 32GB virtual address.
# This output file may be truncated or incomplete.
#
#  Out of Memory Error (os_windows.cpp:3732), pid=10732, tid=12136
#
# JRE version: OpenJDK Runtime Environment Temurin-21.0.12.1+1 (21.0.12.1+1) (build 21.0.12.1+1-LTS)
# Java VM: OpenJDK 64-Bit Server VM Temurin-21.0.12.1+1 (21.0.12.1+1-LTS, mixed mode, sharing, tiered, compressed oops, compressed class ptrs, g1 gc, windows-amd64)
# No core dump will be written. Minidumps are not enabled by default on client versions of Windows
#

---------------  S U M M A R Y ------------

Command Line: --add-modules=ALL-SYSTEM --add-opens=java.base/java.util=ALL-UNNAMED --add-opens=java.base/java.lang=ALL-UNNAMED --add-opens=java.base/sun.nio.fs=ALL-UNNAMED -Declipse.application=org.eclipse.jdt.ls.core.id1 -Dosgi.bundles.defaultStartLevel=4 -Declipse.product=org.eclipse.jdt.ls.core.product -Djava.import.generatesMetadataFilesAtProjectRoot=false -Dm2e.project.cache.size=50 -DDetectVMInstallationsJob.disabled=true -Dfile.encoding=utf8 -Xlog:disable -XX:+UseG1GC -XX:+UseStringDeduplication -Xmx4G -javaagent:c:\Users\58769084\.vscode\extensions\redhat.java-1.56.0-win32-x64\lombok\lombok-1.18.39-4050.jar -XX:+HeapDumpOnOutOfMemoryError -XX:HeapDumpPath=c:\Users\58769084\AppData\Roaming\Code\User\workspaceStorage\f183437116053616420707e311afbfd2\redhat.java -Daether.dependencyCollector.impl=bf c:\Users\58769084\.vscode\extensions\redhat.java-1.56.0-win32-x64\server\plugins\org.eclipse.equinox.launcher_1.8.0.v20260804-1928.jar -configuration c:\Users\58769084\AppData\Roaming\Code\User\globalStorage\redhat.java\1.56.0\config_win -data c:\Users\58769084\AppData\Roaming\Code\User\workspaceStorage\f183437116053616420707e311afbfd2\redhat.java\jdt_ws --stdio

Host: Intel(R) Celeron(R) N4020 CPU @ 1.10GHz, 2 cores, 3G,  Windows 10 , 64 bit Build 19041 (10.0.19041.5915)
Time: Tue Sep 29 22:57:53 2026 Hora estándar de Montevideo elapsed time: 6374.489757 seconds (0d 1h 46m 14s)

---------------  T H R E A D  ---------------

Current thread (0x000001b83933b420):  VMThread "VM Thread"          [id=12136, stack(0x0000009c89200000,0x0000009c89300000) (1024K)]

Stack: [0x0000009c89200000,0x0000009c89300000]
Native frames: (J=compiled Java code, j=interpreted, Vv=VM code, C=native code)
V  [jvm.dll+0x6d83e9]
V  [jvm.dll+0x8b5736]
V  [jvm.dll+0x8b7cee]
V  [jvm.dll+0x8b83d3]
V  [jvm.dll+0x284596]
V  [jvm.dll+0x6d4d05]
V  [jvm.dll+0x6c898a]
V  [jvm.dll+0x35f2f8]
V  [jvm.dll+0x366f36]
V  [jvm.dll+0x3b804e]
V  [jvm.dll+0x3b82f8]
V  [jvm.dll+0x33320c]
V  [jvm.dll+0x335fce]
V  [jvm.dll+0x375196]
V  [jvm.dll+0x8be0c0]
V  [jvm.dll+0x8bf434]
V  [jvm.dll+0x8bf960]
V  [jvm.dll+0x8bfc03]
V  [jvm.dll+0x8600cd]
V  [jvm.dll+0x6d6c1d]
C  [ucrtbase.dll+0x21bb2]
C  [KERNEL32.DLL+0x17374]
C  [ntdll.dll+0x4cc91]

VM_Operation (0x0000009c8aafe800): G1CollectForAllocation, mode: safepoint, requested by thread 0x000001b8395cf5e0


---------------  P R O C E S S  ---------------

Threads class SMR info:
_java_thread_list=0x000001b80a95d340, length=32, elements={
0x000001b81dddcad0, 0x000001b83935efc0, 0x000001b83935fe90, 0x000001b839361c10,
0x000001b839362670, 0x000001b8393630d0, 0x000001b839363b30, 0x000001b8393648c0,
0x000001b8393cf000, 0x000001b8393db890, 0x000001b8395ef670, 0x000001b839709040,
0x000001b839ca2f50, 0x000001b839d049b0, 0x000001b8395b1d10, 0x000001b8395b2750,
0x000001b839c9eeb0, 0x000001b87f369440, 0x000001b87f825450, 0x000001b8395d0300,
0x000001b8395cf5e0, 0x000001b87f1ba140, 0x000001b87f1b8d90, 0x000001b87f1b8070,
0x000001b8007fd950, 0x000001b8395cfc70, 0x000001b80a6e5d80, 0x000001b80a916d90,
0x000001b8007ffa20, 0x000001b80a6e7e50, 0x000001b80a6e8b70, 0x000001b80a6e77c0
}

Java Threads: ( => current thread )
  0x000001b81dddcad0 JavaThread "main"                              [_thread_blocked, id=12080, stack(0x0000009c88b00000,0x0000009c88c00000) (1024K)]
  0x000001b83935efc0 JavaThread "Reference Handler"          daemon [_thread_blocked, id=12260, stack(0x0000009c89300000,0x0000009c89400000) (1024K)]
  0x000001b83935fe90 JavaThread "Finalizer"                  daemon [_thread_blocked, id=12128, stack(0x0000009c89400000,0x0000009c89500000) (1024K)]
  0x000001b839361c10 JavaThread "Signal Dispatcher"          daemon [_thread_blocked, id=1336, stack(0x0000009c89500000,0x0000009c89600000) (1024K)]
  0x000001b839362670 JavaThread "Attach Listener"            daemon [_thread_blocked, id=4052, stack(0x0000009c89600000,0x0000009c89700000) (1024K)]
  0x000001b8393630d0 JavaThread "Service Thread"             daemon [_thread_blocked, id=176, stack(0x0000009c89700000,0x0000009c89800000) (1024K)]
  0x000001b839363b30 JavaThread "Monitor Deflation Thread"   daemon [_thread_blocked, id=12228, stack(0x0000009c89800000,0x0000009c89900000) (1024K)]
  0x000001b8393648c0 JavaThread "C2 CompilerThread0"         daemon [_thread_blocked, id=11988, stack(0x0000009c89900000,0x0000009c89a00000) (1024K)]
  0x000001b8393cf000 JavaThread "C1 CompilerThread0"         daemon [_thread_blocked, id=11700, stack(0x0000009c89a00000,0x0000009c89b00000) (1024K)]
  0x000001b8393db890 JavaThread "StringDedupThread"          daemon [_thread_blocked, id=3424, stack(0x0000009c89b00000,0x0000009c89c00000) (1024K)]
  0x000001b8395ef670 JavaThread "Common-Cleaner"             daemon [_thread_blocked, id=11416, stack(0x0000009c89c00000,0x0000009c89d00000) (1024K)]
  0x000001b839709040 JavaThread "Notification Thread"        daemon [_thread_blocked, id=10128, stack(0x0000009c89e00000,0x0000009c89f00000) (1024K)]
  0x000001b839ca2f50 JavaThread "Active Thread: Equinox Container: b1a458c1-ef44-4550-b363-13851c056dae"        [_thread_blocked, id=11432, stack(0x0000009c89f00000,0x0000009c8a000000) (1024K)]
  0x000001b839d049b0 JavaThread "Refresh Thread: Equinox Container: b1a458c1-ef44-4550-b363-13851c056dae" daemon [_thread_blocked, id=11368, stack(0x0000009c8a000000,0x0000009c8a100000) (1024K)]
  0x000001b8395b1d10 JavaThread "Framework Event Dispatcher: Equinox Container: b1a458c1-ef44-4550-b363-13851c056dae" daemon [_thread_blocked, id=4076, stack(0x0000009c8a100000,0x0000009c8a200000) (1024K)]
  0x000001b8395b2750 JavaThread "Start Level: Equinox Container: b1a458c1-ef44-4550-b363-13851c056dae" daemon [_thread_blocked, id=788, stack(0x0000009c8a200000,0x0000009c8a300000) (1024K)]
  0x000001b839c9eeb0 JavaThread "Bundle File Closer"         daemon [_thread_blocked, id=12040, stack(0x0000009c8a300000,0x0000009c8a400000) (1024K)]
  0x000001b87f369440 JavaThread "SCR Component Actor"        daemon [_thread_blocked, id=11356, stack(0x0000009c8a400000,0x0000009c8a500000) (1024K)]
  0x000001b87f825450 JavaThread "Worker-JM"                         [_thread_blocked, id=3208, stack(0x0000009c8a500000,0x0000009c8a600000) (1024K)]
  0x000001b8395d0300 JavaThread "JNA Cleaner"                daemon [_thread_blocked, id=1960, stack(0x0000009c8a600000,0x0000009c8a700000) (1024K)]
  0x000001b8395cf5e0 JavaThread "Java indexing"              daemon [_thread_blocked, id=1052, stack(0x0000009c8aa00000,0x0000009c8ab00000) (1024K)]
  0x000001b87f1ba140 JavaThread "pool-2-thread-1"                   [_thread_blocked, id=6964, stack(0x0000009c8b000000,0x0000009c8b100000) (1024K)]
  0x000001b87f1b8d90 JavaThread "WorkspaceEventsHandler"            [_thread_blocked, id=8240, stack(0x0000009c8b100000,0x0000009c8b200000) (1024K)]
  0x000001b87f1b8070 JavaThread "pool-1-thread-1"                   [_thread_blocked, id=7256, stack(0x0000009c8b200000,0x0000009c8b300000) (1024K)]
  0x000001b8007fd950 JavaThread "Cleaner-0"                  daemon [_thread_blocked, id=3312, stack(0x0000009c8a900000,0x0000009c8aa00000) (1024K)]
  0x000001b8395cfc70 JavaThread "PatternSearchJob-worker-2"  daemon [_thread_blocked, id=12068, stack(0x0000009c8ad00000,0x0000009c8ae00000) (1024K)]
  0x000001b80a6e5d80 JavaThread "Compiler Class File Writer" daemon [_thread_blocked, id=11560, stack(0x0000009c8b600000,0x0000009c8b700000) (1024K)]
  0x000001b80a916d90 JavaThread "Worker-9"                          [_thread_blocked, id=10144, stack(0x0000009c8ae00000,0x0000009c8af00000) (1024K)]
  0x000001b8007ffa20 JavaThread "Worker-11"                         [_thread_blocked, id=6556, stack(0x0000009c8a700000,0x0000009c8a800000) (1024K)]
  0x000001b80a6e7e50 JavaThread "Compiler Processing Task"   daemon [_thread_blocked, id=8360, stack(0x0000009c8ab00000,0x0000009c8ac00000) (1024K)]
  0x000001b80a6e8b70 JavaThread "Worker-12"                         [_thread_blocked, id=1264, stack(0x0000009c88900000,0x0000009c88a00000) (1024K)]
  0x000001b80a6e77c0 JavaThread "Worker-13: Building"               [_thread_blocked, id=12224, stack(0x0000009c88a00000,0x0000009c88b00000) (1024K)]
Total: 32

Other Threads:
=>0x000001b83933b420 VMThread "VM Thread"                           [id=12136, stack(0x0000009c89200000,0x0000009c89300000) (1024K)]
  0x000001b839325490 WatcherThread "VM Periodic Task Thread"        [id=7480, stack(0x0000009c89100000,0x0000009c89200000) (1024K)]
  0x000001b820069f60 WorkerThread "GC Thread#0"                     [id=11948, stack(0x0000009c88c00000,0x0000009c88d00000) (1024K)]
  0x000001b8396411d0 WorkerThread "GC Thread#1"                     [id=5280, stack(0x0000009c89d00000,0x0000009c89e00000) (1024K)]
  0x000001b82007ae60 ConcurrentGCThread "G1 Main Marker"            [id=11584, stack(0x0000009c88d00000,0x0000009c88e00000) (1024K)]
  0x000001b82007d1e0 WorkerThread "G1 Conc#0"                       [id=11304, stack(0x0000009c88e00000,0x0000009c88f00000) (1024K)]
  0x000001b8200b3fd0 ConcurrentGCThread "G1 Refine#0"               [id=8200, stack(0x0000009c88f00000,0x0000009c89000000) (1024K)]
  0x000001b8200b63c0 ConcurrentGCThread "G1 Service"                [id=2560, stack(0x0000009c89000000,0x0000009c89100000) (1024K)]
Total: 8

Threads with active compile tasks:
Total: 0

VM state: at safepoint (normal execution)

VM Mutex/Monitor currently owned by a thread:  ([mutex/lock_event])
[0x00007ffafdcdf5b0] Threads_lock - owner thread: 0x000001b83933b420
[0x00007ffafdcdf6b0] Heap_lock - owner thread: 0x000001b8395cf5e0

Heap address: 0x0000000700000000, size: 4096 MB, Compressed Oops mode: Zero based, Oop shift amount: 3

CDS archive(s) mapped at: [0x000001b83a000000-0x000001b83aba0000-0x000001b83aba0000), size 12189696, SharedBaseAddress: 0x000001b83a000000, ArchiveRelocationMode: 1.
Compressed class space mapped at: 0x000001b83b000000-0x000001b87b000000, reserved size: 1073741824
Narrow klass base: 0x000001b83a000000, Narrow klass shift: 0, Narrow klass range: 0x100000000

GC Precious Log:
 CardTable entry size: 512
 Card Set container configuration: InlinePtr #cards 4 size 8 Array Of Cards #cards 16 size 48 Howl #buckets 8 coarsen threshold 3686 Howl Bitmap #cards 512 size 80 coarsen threshold 460 Card regions per heap region 1 cards per card region 4096
 CPUs: 2 total, 2 available
 Memory: 3919M
 Large Page Support: Disabled
 NUMA Support: Disabled
 Compressed Oops: Enabled (Zero based)
 Heap Region Size: 2M
 Heap Min Capacity: 8M
 Heap Initial Capacity: 62M
 Heap Max Capacity: 4G
 Pre-touch: Disabled
 Parallel Workers: 2
 Concurrent Workers: 1
 Concurrent Refinement Workers: 2
 Periodic GC: Disabled
 String Deduplication is enabled

Heap:
 garbage-first heap   total 274432K, used 91491K [0x0000000700000000, 0x0000000800000000)
  region size 2048K, 4 young (8192K), 4 survivors (8192K)
 Metaspace       used 85998K, committed 87680K, reserved 1179648K
  class space    used 8639K, committed 9344K, reserved 1048576K

Heap Regions: E=young(eden), S=young(survivor), O=old, HS=humongous(starts), HC=humongous(continues), CS=collection set, F=free, TAMS=top-at-mark-start, PB=parsable bottom
|   0|0x0000000700000000, 0x0000000700200000, 0x0000000700200000|100%| O|  |TAMS 0x0000000700200000| PB 0x0000000700000000| Updating 
|   1|0x0000000700200000, 0x0000000700400000, 0x0000000700400000|100%| O|  |TAMS 0x0000000700400000| PB 0x0000000700200000| Updating 
|   2|0x0000000700400000, 0x0000000700600000, 0x0000000700600000|100%| O|  |TAMS 0x0000000700600000| PB 0x0000000700400000| Untracked 
|   3|0x0000000700600000, 0x0000000700800000, 0x0000000700800000|100%| O|  |TAMS 0x0000000700800000| PB 0x0000000700600000| Updating 
|   4|0x0000000700800000, 0x0000000700a00000, 0x0000000700a00000|100%| O|  |TAMS 0x0000000700a00000| PB 0x0000000700800000| Untracked 
|   5|0x0000000700a00000, 0x0000000700c00000, 0x0000000700c00000|100%| O|  |TAMS 0x0000000700c00000| PB 0x0000000700a00000| Untracked 
|   6|0x0000000700c00000, 0x0000000700e00000, 0x0000000700e00000|100%| O|  |TAMS 0x0000000700e00000| PB 0x0000000700c00000| Updating 
|   7|0x0000000700e00000, 0x0000000701000000, 0x0000000701000000|100%| O|  |TAMS 0x0000000701000000| PB 0x0000000700e00000| Updating 
|   8|0x0000000701000000, 0x0000000701200000, 0x0000000701200000|100%| O|  |TAMS 0x0000000701200000| PB 0x0000000701000000| Updating 
|   9|0x0000000701200000, 0x0000000701400000, 0x0000000701400000|100%| O|  |TAMS 0x0000000701400000| PB 0x0000000701200000| Untracked 
|  10|0x0000000701400000, 0x0000000701600000, 0x0000000701600000|100%| O|  |TAMS 0x0000000701600000| PB 0x0000000701400000| Updating 
|  11|0x0000000701600000, 0x0000000701600000, 0x0000000701800000|  0%| F|  |TAMS 0x0000000701600000| PB 0x0000000701600000| Untracked 
|  12|0x0000000701800000, 0x0000000701a00000, 0x0000000701a00000|100%| O|  |TAMS 0x0000000701a00000| PB 0x0000000701800000| Updating 
|  13|0x0000000701a00000, 0x0000000701c00000, 0x0000000701c00000|100%| O|  |TAMS 0x0000000701c00000| PB 0x0000000701a00000| Updating 
|  14|0x0000000701c00000, 0x0000000701e00000, 0x0000000701e00000|100%| O|  |TAMS 0x0000000701e00000| PB 0x0000000701c00000| Updating 
|  15|0x0000000701e00000, 0x0000000702000000, 0x0000000702000000|100%| O|  |TAMS 0x0000000702000000| PB 0x0000000701e00000| Untracked 
|  16|0x0000000702000000, 0x0000000702000000, 0x0000000702200000|  0%| F|  |TAMS 0x0000000702000000| PB 0x0000000702000000| Untracked 
|  17|0x0000000702200000, 0x0000000702400000, 0x0000000702400000|100%| O|  |TAMS 0x0000000702400000| PB 0x0000000702200000| Updating 
|  18|0x0000000702400000, 0x0000000702600000, 0x0000000702600000|100%| O|  |TAMS 0x0000000702600000| PB 0x0000000702400000| Updating 
|  19|0x0000000702600000, 0x0000000702800000, 0x0000000702800000|100%| O|  |TAMS 0x0000000702800000| PB 0x0000000702600000| Updating 
|  20|0x0000000702800000, 0x0000000702a00000, 0x0000000702a00000|100%| O|  |TAMS 0x0000000702a00000| PB 0x0000000702800000| Untracked 
|  21|0x0000000702a00000, 0x0000000702c00000, 0x0000000702c00000|100%| O|  |TAMS 0x0000000702c00000| PB 0x0000000702a00000| Untracked 
|  22|0x0000000702c00000, 0x0000000702e00000, 0x0000000702e00000|100%| O|  |TAMS 0x0000000702e00000| PB 0x0000000702c00000| Untracked 
|  23|0x0000000702e00000, 0x0000000702e00000, 0x0000000703000000|  0%| F|  |TAMS 0x0000000702e00000| PB 0x0000000702e00000| Untracked 
|  24|0x0000000703000000, 0x0000000703200000, 0x0000000703200000|100%| O|  |TAMS 0x0000000703200000| PB 0x0000000703200000| Untracked 
|  25|0x0000000703200000, 0x0000000703400000, 0x0000000703400000|100%| O|  |TAMS 0x0000000703400000| PB 0x0000000703400000| Updating 
|  26|0x0000000703400000, 0x0000000703600000, 0x0000000703600000|100%| O|  |TAMS 0x0000000703600000| PB 0x0000000703600000| Untracked 
|  27|0x0000000703600000, 0x0000000703800000, 0x0000000703800000|100%| O|  |TAMS 0x0000000703800000| PB 0x0000000703800000| Untracked 
|  28|0x0000000703800000, 0x0000000703a00000, 0x0000000703a00000|100%| O|  |TAMS 0x0000000703a00000| PB 0x0000000703a00000| Updating 
|  29|0x0000000703a00000, 0x0000000703c00000, 0x0000000703c00000|100%| O|  |TAMS 0x0000000703c00000| PB 0x0000000703c00000| Untracked 
|  30|0x0000000703c00000, 0x0000000703e00000, 0x0000000703e00000|100%| O|  |TAMS 0x0000000703e00000| PB 0x0000000703e00000| Untracked 
|  31|0x0000000703e00000, 0x0000000704000000, 0x0000000704000000|100%| O|  |TAMS 0x0000000704000000| PB 0x0000000704000000| Untracked 
|  32|0x0000000704000000, 0x0000000704200000, 0x0000000704200000|100%| O|  |TAMS 0x0000000704200000| PB 0x0000000704200000| Updating 
|  33|0x0000000704200000, 0x0000000704400000, 0x0000000704400000|100%| O|  |TAMS 0x0000000704400000| PB 0x0000000704400000| Untracked 
|  34|0x0000000704400000, 0x0000000704600000, 0x0000000704600000|100%| O|  |TAMS 0x0000000704600000| PB 0x0000000704600000| Updating 
|  35|0x0000000704600000, 0x0000000704800000, 0x0000000704800000|100%| O|  |TAMS 0x0000000704800000| PB 0x0000000704800000| Untracked 
|  36|0x0000000704800000, 0x0000000704a00000, 0x0000000704a00000|100%| O|  |TAMS 0x0000000704a00000| PB 0x0000000704a00000| Updating 
|  37|0x0000000704a00000, 0x0000000704c00000, 0x0000000704c00000|100%| O|  |TAMS 0x0000000704c00000| PB 0x0000000704c00000| Untracked 
|  38|0x0000000704c00000, 0x0000000704e00000, 0x0000000704e00000|100%| O|  |TAMS 0x0000000704e00000| PB 0x0000000704e00000| Untracked 
|  39|0x0000000704e00000, 0x0000000705000000, 0x0000000705000000|100%| O|  |TAMS 0x0000000705000000| PB 0x0000000705000000| Updating 
|  40|0x0000000705000000, 0x0000000705200000, 0x0000000705200000|100%| O|  |TAMS 0x0000000705200000| PB 0x0000000705200000| Untracked 
|  41|0x0000000705200000, 0x0000000705400000, 0x0000000705400000|100%| O|  |TAMS 0x0000000705400000| PB 0x0000000705400000| Updating 
|  42|0x0000000705400000, 0x00000007054d8360, 0x0000000705600000| 42%| O|  |TAMS 0x00000007054d8360| PB 0x00000007054d8360| Updating 
|  43|0x0000000705600000, 0x0000000705600000, 0x0000000705800000|  0%| F|  |TAMS 0x0000000705600000| PB 0x0000000705600000| Untracked 
|  44|0x0000000705800000, 0x0000000705800000, 0x0000000705a00000|  0%| F|  |TAMS 0x0000000705800000| PB 0x0000000705800000| Untracked 
|  45|0x0000000705a00000, 0x0000000705a00000, 0x0000000705c00000|  0%| F|  |TAMS 0x0000000705a00000| PB 0x0000000705a00000| Untracked 
|  46|0x0000000705c00000, 0x0000000705c00000, 0x0000000705e00000|  0%| F|  |TAMS 0x0000000705c00000| PB 0x0000000705c00000| Untracked 
|  47|0x0000000705e00000, 0x0000000705e00000, 0x0000000706000000|  0%| F|  |TAMS 0x0000000705e00000| PB 0x0000000705e00000| Untracked 
|  48|0x0000000706000000, 0x0000000706000000, 0x0000000706200000|  0%| F|  |TAMS 0x0000000706000000| PB 0x0000000706000000| Untracked 
|  49|0x0000000706200000, 0x0000000706200000, 0x0000000706400000|  0%| F|  |TAMS 0x0000000706200000| PB 0x0000000706200000| Untracked 
|  50|0x0000000706400000, 0x0000000706400000, 0x0000000706600000|  0%| F|  |TAMS 0x0000000706400000| PB 0x0000000706400000| Untracked 
|  51|0x0000000706600000, 0x0000000706600000, 0x0000000706800000|  0%| F|  |TAMS 0x0000000706600000| PB 0x0000000706600000| Untracked 
|  52|0x0000000706800000, 0x0000000706800000, 0x0000000706a00000|  0%| F|  |TAMS 0x0000000706800000| PB 0x0000000706800000| Untracked 
|  53|0x0000000706a00000, 0x0000000706a00000, 0x0000000706c00000|  0%| F|  |TAMS 0x0000000706a00000| PB 0x0000000706a00000| Untracked 
|  54|0x0000000706c00000, 0x0000000706c00000, 0x0000000706e00000|  0%| F|  |TAMS 0x0000000706c00000| PB 0x0000000706c00000| Untracked 
|  55|0x0000000706e00000, 0x0000000706e00000, 0x0000000707000000|  0%| F|  |TAMS 0x0000000706e00000| PB 0x0000000706e00000| Untracked 
|  56|0x0000000707000000, 0x0000000707000000, 0x0000000707200000|  0%| F|  |TAMS 0x0000000707000000| PB 0x0000000707000000| Untracked 
|  57|0x0000000707200000, 0x0000000707200000, 0x0000000707400000|  0%| F|  |TAMS 0x0000000707200000| PB 0x0000000707200000| Untracked 
|  58|0x0000000707400000, 0x0000000707400000, 0x0000000707600000|  0%| F|  |TAMS 0x0000000707400000| PB 0x0000000707400000| Untracked 
|  59|0x0000000707600000, 0x0000000707600000, 0x0000000707800000|  0%| F|  |TAMS 0x0000000707600000| PB 0x0000000707600000| Untracked 
|  60|0x0000000707800000, 0x0000000707800000, 0x0000000707a00000|  0%| F|  |TAMS 0x0000000707800000| PB 0x0000000707800000| Untracked 
|  61|0x0000000707a00000, 0x0000000707a00000, 0x0000000707c00000|  0%| F|  |TAMS 0x0000000707a00000| PB 0x0000000707a00000| Untracked 
|  62|0x0000000707c00000, 0x0000000707c00000, 0x0000000707e00000|  0%| F|  |TAMS 0x0000000707c00000| PB 0x0000000707c00000| Untracked 
|  63|0x0000000707e00000, 0x0000000707e00000, 0x0000000708000000|  0%| F|  |TAMS 0x0000000707e00000| PB 0x0000000707e00000| Untracked 
|  64|0x0000000708000000, 0x0000000708000000, 0x0000000708200000|  0%| F|  |TAMS 0x0000000708000000| PB 0x0000000708000000| Untracked 
|  65|0x0000000708200000, 0x0000000708200000, 0x0000000708400000|  0%| F|  |TAMS 0x0000000708200000| PB 0x0000000708200000| Untracked 
|  66|0x0000000708400000, 0x0000000708400000, 0x0000000708600000|  0%| F|  |TAMS 0x0000000708400000| PB 0x0000000708400000| Untracked 
|  67|0x0000000708600000, 0x0000000708600000, 0x0000000708800000|  0%| F|  |TAMS 0x0000000708600000| PB 0x0000000708600000| Untracked 
|  68|0x0000000708800000, 0x0000000708800000, 0x0000000708a00000|  0%| F|  |TAMS 0x0000000708800000| PB 0x0000000708800000| Untracked 
|  69|0x0000000708a00000, 0x0000000708a00000, 0x0000000708c00000|  0%| F|  |TAMS 0x0000000708a00000| PB 0x0000000708a00000| Untracked 
|  70|0x0000000708c00000, 0x0000000708c00000, 0x0000000708e00000|  0%| F|  |TAMS 0x0000000708c00000| PB 0x0000000708c00000| Untracked 
|  71|0x0000000708e00000, 0x0000000708e00000, 0x0000000709000000|  0%| F|  |TAMS 0x0000000708e00000| PB 0x0000000708e00000| Untracked 
|  72|0x0000000709000000, 0x0000000709000000, 0x0000000709200000|  0%| F|  |TAMS 0x0000000709000000| PB 0x0000000709000000| Untracked 
|  73|0x0000000709200000, 0x0000000709200000, 0x0000000709400000|  0%| F|  |TAMS 0x0000000709200000| PB 0x0000000709200000| Untracked 
|  74|0x0000000709400000, 0x0000000709400000, 0x0000000709600000|  0%| F|  |TAMS 0x0000000709400000| PB 0x0000000709400000| Untracked 
|  75|0x0000000709600000, 0x0000000709600000, 0x0000000709800000|  0%| F|  |TAMS 0x0000000709600000| PB 0x0000000709600000| Untracked 
|  76|0x0000000709800000, 0x0000000709800000, 0x0000000709a00000|  0%| F|  |TAMS 0x0000000709800000| PB 0x0000000709800000| Untracked 
|  77|0x0000000709a00000, 0x0000000709a00000, 0x0000000709c00000|  0%| F|  |TAMS 0x0000000709a00000| PB 0x0000000709a00000| Untracked 
|  78|0x0000000709c00000, 0x0000000709c00000, 0x0000000709e00000|  0%| F|  |TAMS 0x0000000709c00000| PB 0x0000000709c00000| Untracked 
|  79|0x0000000709e00000, 0x0000000709e00000, 0x000000070a000000|  0%| F|  |TAMS 0x0000000709e00000| PB 0x0000000709e00000| Untracked 
|  80|0x000000070a000000, 0x000000070a000000, 0x000000070a200000|  0%| F|  |TAMS 0x000000070a000000| PB 0x000000070a000000| Untracked 
|  81|0x000000070a200000, 0x000000070a200000, 0x000000070a400000|  0%| F|  |TAMS 0x000000070a200000| PB 0x000000070a200000| Untracked 
|  82|0x000000070a400000, 0x000000070a400000, 0x000000070a600000|  0%| F|  |TAMS 0x000000070a400000| PB 0x000000070a400000| Untracked 
|  83|0x000000070a600000, 0x000000070a600000, 0x000000070a800000|  0%| F|  |TAMS 0x000000070a600000| PB 0x000000070a600000| Untracked 
|  84|0x000000070a800000, 0x000000070a800000, 0x000000070aa00000|  0%| F|  |TAMS 0x000000070a800000| PB 0x000000070a800000| Untracked 
|  85|0x000000070aa00000, 0x000000070aa00000, 0x000000070ac00000|  0%| F|  |TAMS 0x000000070aa00000| PB 0x000000070aa00000| Untracked 
|  86|0x000000070ac00000, 0x000000070ac00000, 0x000000070ae00000|  0%| F|  |TAMS 0x000000070ac00000| PB 0x000000070ac00000| Untracked 
|  87|0x000000070ae00000, 0x000000070ae00000, 0x000000070b000000|  0%| F|  |TAMS 0x000000070ae00000| PB 0x000000070ae00000| Untracked 
|  88|0x000000070b000000, 0x000000070b000000, 0x000000070b200000|  0%| F|  |TAMS 0x000000070b000000| PB 0x000000070b000000| Untracked 
|  89|0x000000070b200000, 0x000000070b200000, 0x000000070b400000|  0%| F|  |TAMS 0x000000070b200000| PB 0x000000070b200000| Untracked 
|  90|0x000000070b400000, 0x000000070b400000, 0x000000070b600000|  0%| F|  |TAMS 0x000000070b400000| PB 0x000000070b400000| Untracked 
|  91|0x000000070b600000, 0x000000070b600000, 0x000000070b800000|  0%| F|  |TAMS 0x000000070b600000| PB 0x000000070b600000| Untracked 
|  92|0x000000070b800000, 0x000000070b800000, 0x000000070ba00000|  0%| F|  |TAMS 0x000000070b800000| PB 0x000000070b800000| Untracked 
|  93|0x000000070ba00000, 0x000000070ba00000, 0x000000070bc00000|  0%| F|  |TAMS 0x000000070ba00000| PB 0x000000070ba00000| Untracked 
|  94|0x000000070bc00000, 0x000000070bc00000, 0x000000070be00000|  0%| F|  |TAMS 0x000000070bc00000| PB 0x000000070bc00000| Untracked 
|  95|0x000000070be00000, 0x000000070be00000, 0x000000070c000000|  0%| F|  |TAMS 0x000000070be00000| PB 0x000000070be00000| Untracked 
|  96|0x000000070c000000, 0x000000070c000000, 0x000000070c200000|  0%| F|  |TAMS 0x000000070c000000| PB 0x000000070c000000| Untracked 
|  97|0x000000070c200000, 0x000000070c200000, 0x000000070c400000|  0%| F|  |TAMS 0x000000070c200000| PB 0x000000070c200000| Untracked 
|  98|0x000000070c400000, 0x000000070c400000, 0x000000070c600000|  0%| F|  |TAMS 0x000000070c400000| PB 0x000000070c400000| Untracked 
|  99|0x000000070c600000, 0x000000070c600000, 0x000000070c800000|  0%| F|  |TAMS 0x000000070c600000| PB 0x000000070c600000| Untracked 
| 100|0x000000070c800000, 0x000000070c800000, 0x000000070ca00000|  0%| F|  |TAMS 0x000000070c800000| PB 0x000000070c800000| Untracked 
| 101|0x000000070ca00000, 0x000000070ca00000, 0x000000070cc00000|  0%| F|  |TAMS 0x000000070ca00000| PB 0x000000070ca00000| Untracked 
| 102|0x000000070cc00000, 0x000000070cc00000, 0x000000070ce00000|  0%| F|  |TAMS 0x000000070cc00000| PB 0x000000070cc00000| Untracked 
| 103|0x000000070ce00000, 0x000000070ce00000, 0x000000070d000000|  0%| F|  |TAMS 0x000000070ce00000| PB 0x000000070ce00000| Untracked 
| 104|0x000000070d000000, 0x000000070d000000, 0x000000070d200000|  0%| F|  |TAMS 0x000000070d000000| PB 0x000000070d000000| Untracked 
| 105|0x000000070d200000, 0x000000070d200000, 0x000000070d400000|  0%| F|  |TAMS 0x000000070d200000| PB 0x000000070d200000| Untracked 
| 106|0x000000070d400000, 0x000000070d400000, 0x000000070d600000|  0%| F|  |TAMS 0x000000070d400000| PB 0x000000070d400000| Untracked 
| 107|0x000000070d600000, 0x000000070d600000, 0x000000070d800000|  0%| F|  |TAMS 0x000000070d600000| PB 0x000000070d600000| Untracked 
| 108|0x000000070d800000, 0x000000070d800000, 0x000000070da00000|  0%| F|  |TAMS 0x000000070d800000| PB 0x000000070d800000| Untracked 
| 109|0x000000070da00000, 0x000000070da00000, 0x000000070dc00000|  0%| F|  |TAMS 0x000000070da00000| PB 0x000000070da00000| Untracked 
| 110|0x000000070dc00000, 0x000000070dc00000, 0x000000070de00000|  0%| F|  |TAMS 0x000000070dc00000| PB 0x000000070dc00000| Untracked 
| 111|0x000000070de00000, 0x000000070de00000, 0x000000070e000000|  0%| F|  |TAMS 0x000000070de00000| PB 0x000000070de00000| Untracked 
| 112|0x000000070e000000, 0x000000070e000000, 0x000000070e200000|  0%| F|  |TAMS 0x000000070e000000| PB 0x000000070e000000| Untracked 
| 113|0x000000070e200000, 0x000000070e200000, 0x000000070e400000|  0%| F|  |TAMS 0x000000070e200000| PB 0x000000070e200000| Untracked 
| 114|0x000000070e400000, 0x000000070e400000, 0x000000070e600000|  0%| F|  |TAMS 0x000000070e400000| PB 0x000000070e400000| Untracked 
| 115|0x000000070e600000, 0x000000070e600000, 0x000000070e800000|  0%| F|  |TAMS 0x000000070e600000| PB 0x000000070e600000| Untracked 
| 116|0x000000070e800000, 0x000000070e800000, 0x000000070ea00000|  0%| F|  |TAMS 0x000000070e800000| PB 0x000000070e800000| Untracked 
| 117|0x000000070ea00000, 0x000000070ea00000, 0x000000070ec00000|  0%| F|  |TAMS 0x000000070ea00000| PB 0x000000070ea00000| Untracked 
| 118|0x000000070ec00000, 0x000000070ec00000, 0x000000070ee00000|  0%| F|  |TAMS 0x000000070ec00000| PB 0x000000070ec00000| Untracked 
| 119|0x000000070ee00000, 0x000000070ee00000, 0x000000070f000000|  0%| F|  |TAMS 0x000000070ee00000| PB 0x000000070ee00000| Untracked 
| 120|0x000000070f000000, 0x000000070f000000, 0x000000070f200000|  0%| F|  |TAMS 0x000000070f000000| PB 0x000000070f000000| Untracked 
| 121|0x000000070f200000, 0x000000070f200000, 0x000000070f400000|  0%| F|  |TAMS 0x000000070f200000| PB 0x000000070f200000| Untracked 
| 122|0x000000070f400000, 0x000000070f480c28, 0x000000070f600000| 25%| S|CS|TAMS 0x000000070f400000| PB 0x000000070f400000| Complete 
| 123|0x000000070f600000, 0x000000070f800000, 0x000000070f800000|100%| S|CS|TAMS 0x000000070f600000| PB 0x000000070f600000| Complete 
| 124|0x000000070f800000, 0x000000070fa00000, 0x000000070fa00000|100%| S|CS|TAMS 0x000000070f800000| PB 0x000000070f800000| Complete 
| 125|0x000000070fa00000, 0x000000070fc00000, 0x000000070fc00000|100%| S|CS|TAMS 0x000000070fa00000| PB 0x000000070fa00000| Complete 
| 126|0x000000070fc00000, 0x000000070fc00000, 0x000000070fe00000|  0%| F|  |TAMS 0x000000070fc00000| PB 0x000000070fc00000| Untracked 
| 127|0x000000070fe00000, 0x000000070fe00000, 0x0000000710000000|  0%| F|  |TAMS 0x000000070fe00000| PB 0x000000070fe00000| Untracked 
| 128|0x0000000710000000, 0x0000000710000000, 0x0000000710200000|  0%| F|  |TAMS 0x0000000710000000| PB 0x0000000710000000| Untracked 
| 129|0x0000000710200000, 0x0000000710200000, 0x0000000710400000|  0%| F|  |TAMS 0x0000000710200000| PB 0x0000000710200000| Untracked 
| 130|0x0000000710400000, 0x0000000710400000, 0x0000000710600000|  0%| F|  |TAMS 0x0000000710400000| PB 0x0000000710400000| Untracked 
| 131|0x0000000710600000, 0x0000000710600000, 0x0000000710800000|  0%| F|  |TAMS 0x0000000710600000| PB 0x0000000710600000| Untracked 
|2044|0x00000007ff800000, 0x00000007ffa00000, 0x00000007ffa00000|100%| O|  |TAMS 0x00000007ffa00000| PB 0x00000007ffa00000| Untracked 
|2046|0x00000007ffc00000, 0x00000007ffe00000, 0x00000007ffe00000|100%| O|  |TAMS 0x00000007ffe00000| PB 0x00000007ffe00000| Untracked 

Card table byte_map: [0x000001b832a00000,0x000001b833200000] _byte_map_base: 0x000001b82f200000

Marking Bits: (CMBitMap*) 0x000001b82006a580
 Bits: [0x000001b833200000, 0x000001b837200000)

Polling page: 0x000001b81dfc0000

Metaspace:

Usage:
  Non-class:     75.55 MB used.
      Class:      8.44 MB used.
       Both:     83.98 MB used.

Virtual space:
  Non-class space:      128.00 MB reserved,      76.50 MB ( 60%) committed,  2 nodes.
      Class space:        1.00 GB reserved,       9.12 MB ( <1%) committed,  1 nodes.
             Both:        1.12 GB reserved,      85.62 MB (  7%) committed. 

Chunk freelists:
   Non-Class:  2.58 MB
       Class:  6.82 MB
        Both:  9.40 MB

MaxMetaspaceSize: unlimited
CompressedClassSpaceSize: 1.00 GB
Initial GC threshold: 21.00 MB
Current GC threshold: 142.62 MB
CDS: on
 - commit_granule_bytes: 65536.
 - commit_granule_words: 8192.
 - virtual_space_node_default_size: 8388608.
 - enlarge_chunks_in_place: 1.
 - use_allocation_guard: 0.


Internal statistics:

num_allocs_failed_limit: 10.
num_arena_births: 1872.
num_arena_deaths: 478.
num_vsnodes_births: 3.
num_vsnodes_deaths: 0.
num_space_committed: 1370.
num_space_uncommitted: 0.
num_chunks_returned_to_freelist: 583.
num_chunks_taken_from_freelist: 6600.
num_chunk_merges: 161.
num_chunk_splits: 3757.
num_chunks_enlarged: 2036.
num_inconsistent_stats: 0.

CodeHeap 'non-profiled nmethods': size=120064Kb used=14696Kb max_used=15523Kb free=105367Kb
 bounds [0x000001b82acc0000, 0x000001b82bbf0000, 0x000001b832200000]
CodeHeap 'profiled nmethods': size=120000Kb used=24850Kb max_used=31976Kb free=95149Kb
 bounds [0x000001b823200000, 0x000001b825140000, 0x000001b82a730000]
CodeHeap 'non-nmethods': size=5696Kb used=1663Kb max_used=1746Kb free=4032Kb
 bounds [0x000001b82a730000, 0x000001b82a9a0000, 0x000001b82acc0000]
CodeCache: size=245760Kb, used=41209Kb, max_used=49245Kb, free=204548Kb
 total_blobs=11448, nmethods=10645, adapters=704, full_count=0
Compilation: enabled, stopped_count=0, restarted_count=0

Compilation events (20 events):
Event: 6373.410 Thread 0x000001b8393cf000 23961       3       java.util.HashMap::reinitialize (36 bytes)
Event: 6373.411 Thread 0x000001b8393cf000 nmethod 23961 0x000001b824341310 code [0x000001b8243414c0, 0x000001b8243416b0]
Event: 6373.429 Thread 0x000001b8393648c0 23962       4       org.eclipse.jdt.internal.core.index.DiskIndex::mergeCategory (301 bytes)
Event: 6373.463 Thread 0x000001b8393cf000 23964       3       org.eclipse.jdt.internal.core.index.DiskIndex$IntList::<init> (16 bytes)
Event: 6373.463 Thread 0x000001b8393cf000 nmethod 23964 0x000001b824bae090 code [0x000001b824bae240, 0x000001b824bae418]
Event: 6373.476 Thread 0x000001b8393cf000 23965       3       org.eclipse.jdt.internal.core.MemberElementInfo::<init> (5 bytes)
Event: 6373.476 Thread 0x000001b8393cf000 nmethod 23965 0x000001b824c41390 code [0x000001b824c41540, 0x000001b824c41768]
Event: 6373.595 Thread 0x000001b8393cf000 23966       3       org.eclipse.core.internal.preferences.PreferencesService::getString (20 bytes)
Event: 6373.596 Thread 0x000001b8393cf000 nmethod 23966 0x000001b824bc2c10 code [0x000001b824bc2de0, 0x000001b824bc3018]
Event: 6373.926 Thread 0x000001b8393648c0 nmethod 23962 0x000001b82ba72610 code [0x000001b82ba72b20, 0x000001b82ba785b8]
Event: 6373.926 Thread 0x000001b8393648c0 23963       4       org.eclipse.jdt.internal.core.index.DiskIndex::writeCategoryTable (252 bytes)
Event: 6374.017 Thread 0x000001b8393648c0 nmethod 23963 0x000001b82ba6ec10 code [0x000001b82ba6ef40, 0x000001b82ba711f0]
Event: 6374.018 Thread 0x000001b8393648c0 23967       4       org.eclipse.jdt.internal.compiler.util.Util::isJrt (18 bytes)
Event: 6374.024 Thread 0x000001b8393648c0 nmethod 23967 0x000001b82b725790 code [0x000001b82b725920, 0x000001b82b725c08]
Event: 6374.024 Thread 0x000001b8393648c0 23968       4       org.eclipse.jdt.internal.core.builder.ClasspathLocation::areAllModuleOptionsEqual (281 bytes)
Event: 6374.025 Thread 0x000001b8393648c0 nmethod 23968 0x000001b82b725210 code [0x000001b82b7253a0, 0x000001b82b725510]
Event: 6374.068 Thread 0x000001b8393648c0 23969       4       org.eclipse.jdt.internal.compiler.classfmt.MethodInfo::createMethod (710 bytes)
Event: 6374.166 Thread 0x000001b8393648c0 nmethod 23969 0x000001b82bbe8d10 code [0x000001b82bbe8fa0, 0x000001b82bbeac28]
Event: 6374.406 Thread 0x000001b8393cf000 23970       3       org.eclipse.jdt.internal.compiler.ClassFile::resizeContents (36 bytes)
Event: 6374.406 Thread 0x000001b8393cf000 nmethod 23970 0x000001b823204e90 code [0x000001b823205040, 0x000001b823205320]

GC Heap History (20 events):
Event: 6267.311 GC heap before
{Heap before GC invocations=111 (full 0):
 garbage-first heap   total 280576K, used 238308K [0x0000000700000000, 0x0000000800000000)
  region size 2048K, 82 young (167936K), 5 survivors (10240K)
 Metaspace       used 85270K, committed 86976K, reserved 1179648K
  class space    used 8614K, committed 9344K, reserved 1048576K
}
Event: 6267.361 GC heap after
{Heap after GC invocations=112 (full 0):
 garbage-first heap   total 280576K, used 82668K [0x0000000700000000, 0x0000000800000000)
  region size 2048K, 6 young (12288K), 6 survivors (12288K)
 Metaspace       used 85270K, committed 86976K, reserved 1179648K
  class space    used 8614K, committed 9344K, reserved 1048576K
}
Event: 6290.747 GC heap before
{Heap before GC invocations=112 (full 0):
 garbage-first heap   total 280576K, used 238316K [0x0000000700000000, 0x0000000800000000)
  region size 2048K, 82 young (167936K), 6 survivors (12288K)
 Metaspace       used 85545K, committed 87168K, reserved 1179648K
  class space    used 8629K, committed 9344K, reserved 1048576K
}
Event: 6290.888 GC heap after
{Heap after GC invocations=113 (full 0):
 garbage-first heap   total 280576K, used 80476K [0x0000000700000000, 0x0000000800000000)
  region size 2048K, 6 young (12288K), 6 survivors (12288K)
 Metaspace       used 85545K, committed 87168K, reserved 1179648K
  class space    used 8629K, committed 9344K, reserved 1048576K
}
Event: 6291.126 GC heap before
{Heap before GC invocations=113 (full 0):
 garbage-first heap   total 280576K, used 98908K [0x0000000700000000, 0x0000000800000000)
  region size 2048K, 16 young (32768K), 6 survivors (12288K)
 Metaspace       used 85549K, committed 87232K, reserved 1179648K
  class space    used 8629K, committed 9344K, reserved 1048576K
}
Event: 6291.163 GC heap after
{Heap after GC invocations=114 (full 0):
 garbage-first heap   total 280576K, used 80654K [0x0000000700000000, 0x0000000800000000)
  region size 2048K, 6 young (12288K), 6 survivors (12288K)
 Metaspace       used 85549K, committed 87232K, reserved 1179648K
  class space    used 8629K, committed 9344K, reserved 1048576K
}
Event: 6301.624 GC heap before
{Heap before GC invocations=115 (full 0):
 garbage-first heap   total 274432K, used 232206K [0x0000000700000000, 0x0000000800000000)
  region size 2048K, 80 young (163840K), 6 survivors (12288K)
 Metaspace       used 85637K, committed 87296K, reserved 1179648K
  class space    used 8629K, committed 9344K, reserved 1048576K
}
Event: 6301.657 GC heap after
{Heap after GC invocations=116 (full 0):
 garbage-first heap   total 274432K, used 79782K [0x0000000700000000, 0x0000000800000000)
  region size 2048K, 5 young (10240K), 5 survivors (10240K)
 Metaspace       used 85637K, committed 87296K, reserved 1179648K
  class space    used 8629K, committed 9344K, reserved 1048576K
}
Event: 6336.794 GC heap before
{Heap before GC invocations=116 (full 0):
 garbage-first heap   total 274432K, used 231334K [0x0000000700000000, 0x0000000800000000)
  region size 2048K, 80 young (163840K), 5 survivors (10240K)
 Metaspace       used 85729K, committed 87360K, reserved 1179648K
  class space    used 8636K, committed 9344K, reserved 1048576K
}
Event: 6336.836 GC heap after
{Heap after GC invocations=117 (full 0):
 garbage-first heap   total 274432K, used 77641K [0x0000000700000000, 0x0000000800000000)
  region size 2048K, 4 young (8192K), 4 survivors (8192K)
 Metaspace       used 85729K, committed 87360K, reserved 1179648K
  class space    used 8636K, committed 9344K, reserved 1048576K
}
Event: 6348.486 GC heap before
{Heap before GC invocations=117 (full 0):
 garbage-first heap   total 274432K, used 231241K [0x0000000700000000, 0x0000000800000000)
  region size 2048K, 80 young (163840K), 4 survivors (8192K)
 Metaspace       used 85913K, committed 87616K, reserved 1179648K
  class space    used 8638K, committed 9344K, reserved 1048576K
}
Event: 6348.539 GC heap after
{Heap after GC invocations=118 (full 0):
 garbage-first heap   total 274432K, used 83465K [0x0000000700000000, 0x0000000800000000)
  region size 2048K, 7 young (14336K), 7 survivors (14336K)
 Metaspace       used 85913K, committed 87616K, reserved 1179648K
  class space    used 8638K, committed 9344K, reserved 1048576K
}
Event: 6357.223 GC heap before
{Heap before GC invocations=119 (full 0):
 garbage-first heap   total 274432K, used 230921K [0x0000000700000000, 0x0000000800000000)
  region size 2048K, 80 young (163840K), 7 survivors (14336K)
 Metaspace       used 85953K, committed 87680K, reserved 1179648K
  class space    used 8638K, committed 9344K, reserved 1048576K
}
Event: 6357.303 GC heap after
{Heap after GC invocations=120 (full 0):
 garbage-first heap   total 274432K, used 92066K [0x0000000700000000, 0x0000000800000000)
  region size 2048K, 9 young (18432K), 9 survivors (18432K)
 Metaspace       used 85953K, committed 87680K, reserved 1179648K
  class space    used 8638K, committed 9344K, reserved 1048576K
}
Event: 6373.617 GC heap before
{Heap before GC invocations=120 (full 0):
 garbage-first heap   total 274432K, used 235426K [0x0000000700000000, 0x0000000800000000)
  region size 2048K, 80 young (163840K), 9 survivors (18432K)
 Metaspace       used 85998K, committed 87680K, reserved 1179648K
  class space    used 8639K, committed 9344K, reserved 1048576K
}
Event: 6373.742 GC heap after
{Heap after GC invocations=121 (full 0):
 garbage-first heap   total 274432K, used 89952K [0x0000000700000000, 0x0000000800000000)
  region size 2048K, 3 young (6144K), 3 survivors (6144K)
 Metaspace       used 85998K, committed 87680K, reserved 1179648K
  class space    used 8639K, committed 9344K, reserved 1048576K
}
Event: 6374.109 GC heap before
{Heap before GC invocations=121 (full 0):
 garbage-first heap   total 274432K, used 94048K [0x0000000700000000, 0x0000000800000000)
  region size 2048K, 6 young (12288K), 3 survivors (6144K)
 Metaspace       used 85998K, committed 87680K, reserved 1179648K
  class space    used 8639K, committed 9344K, reserved 1048576K
}
Event: 6374.121 GC heap after
{Heap after GC invocations=122 (full 0):
 garbage-first heap   total 274432K, used 90976K [0x0000000700000000, 0x0000000800000000)
  region size 2048K, 3 young (6144K), 3 survivors (6144K)
 Metaspace       used 85998K, committed 87680K, reserved 1179648K
  class space    used 8639K, committed 9344K, reserved 1048576K
}
Event: 6374.469 GC heap before
{Heap before GC invocations=122 (full 0):
 garbage-first heap   total 274432K, used 95072K [0x0000000700000000, 0x0000000800000000)
  region size 2048K, 6 young (12288K), 3 survivors (6144K)
 Metaspace       used 85998K, committed 87680K, reserved 1179648K
  class space    used 8639K, committed 9344K, reserved 1048576K
}
Event: 6374.483 GC heap after
{Heap after GC invocations=123 (full 0):
 garbage-first heap   total 274432K, used 91491K [0x0000000700000000, 0x0000000800000000)
  region size 2048K, 4 young (8192K), 4 survivors (8192K)
 Metaspace       used 85998K, committed 87680K, reserved 1179648K
  class space    used 8639K, committed 9344K, reserved 1048576K
}

Dll operation events (20 events):
Event: 0.026 Attempting to load shared library c:\Users\58769084\.vscode\extensions\redhat.java-1.56.0-win32-x64\jre\21.0.12.1-win32-x86_64\bin\java.dll
Event: 0.026 Loaded shared library c:\Users\58769084\.vscode\extensions\redhat.java-1.56.0-win32-x64\jre\21.0.12.1-win32-x86_64\bin\java.dll
Event: 0.748 Attempting to load shared library c:\Users\58769084\.vscode\extensions\redhat.java-1.56.0-win32-x64\jre\21.0.12.1-win32-x86_64\bin\zip.dll
Event: 0.748 Loaded shared library c:\Users\58769084\.vscode\extensions\redhat.java-1.56.0-win32-x64\jre\21.0.12.1-win32-x86_64\bin\zip.dll
Event: 0.830 Attempting to load shared library C:\Users\58769084\.vscode\extensions\redhat.java-1.56.0-win32-x64\jre\21.0.12.1-win32-x86_64\bin\instrument.dll
Event: 0.830 Loaded shared library C:\Users\58769084\.vscode\extensions\redhat.java-1.56.0-win32-x64\jre\21.0.12.1-win32-x86_64\bin\instrument.dll
Event: 0.863 Attempting to load shared library C:\Users\58769084\.vscode\extensions\redhat.java-1.56.0-win32-x64\jre\21.0.12.1-win32-x86_64\bin\net.dll
Event: 0.864 Loaded shared library C:\Users\58769084\.vscode\extensions\redhat.java-1.56.0-win32-x64\jre\21.0.12.1-win32-x86_64\bin\net.dll
Event: 0.868 Attempting to load shared library C:\Users\58769084\.vscode\extensions\redhat.java-1.56.0-win32-x64\jre\21.0.12.1-win32-x86_64\bin\nio.dll
Event: 0.869 Loaded shared library C:\Users\58769084\.vscode\extensions\redhat.java-1.56.0-win32-x64\jre\21.0.12.1-win32-x86_64\bin\nio.dll
Event: 0.879 Attempting to load shared library C:\Users\58769084\.vscode\extensions\redhat.java-1.56.0-win32-x64\jre\21.0.12.1-win32-x86_64\bin\zip.dll
Event: 0.879 Loaded shared library C:\Users\58769084\.vscode\extensions\redhat.java-1.56.0-win32-x64\jre\21.0.12.1-win32-x86_64\bin\zip.dll
Event: 0.977 Attempting to load shared library C:\Users\58769084\.vscode\extensions\redhat.java-1.56.0-win32-x64\jre\21.0.12.1-win32-x86_64\bin\jimage.dll
Event: 0.977 Loaded shared library C:\Users\58769084\.vscode\extensions\redhat.java-1.56.0-win32-x64\jre\21.0.12.1-win32-x86_64\bin\jimage.dll
Event: 1.452 Attempting to load shared library c:\Users\58769084\.vscode\extensions\redhat.java-1.56.0-win32-x64\jre\21.0.12.1-win32-x86_64\bin\verify.dll
Event: 1.453 Loaded shared library c:\Users\58769084\.vscode\extensions\redhat.java-1.56.0-win32-x64\jre\21.0.12.1-win32-x86_64\bin\verify.dll
Event: 10.387 Attempting to load shared library C:\Users\58769084\AppData\Roaming\Code\User\globalStorage\redhat.java\1.56.0\config_win\org.eclipse.equinox.launcher\org.eclipse.equinox.launcher.win32.win32.x86_64_1.3.100.v20260804-1928\eclipse_11924.dll
Event: 10.390 Loaded shared library C:\Users\58769084\AppData\Roaming\Code\User\globalStorage\redhat.java\1.56.0\config_win\org.eclipse.equinox.launcher\org.eclipse.equinox.launcher.win32.win32.x86_64_1.3.100.v20260804-1928\eclipse_11924.dll
Event: 34.572 Attempting to load shared library C:\Users\58769084\AppData\Local\Temp\jna-1961452565\jna4606901669975001475.dll
Event: 34.952 Loaded shared library C:\Users\58769084\AppData\Local\Temp\jna-1961452565\jna4606901669975001475.dll

Deoptimization events (20 events):
Event: 6372.309 Thread 0x000001b87f1b8700 DEOPT PACKING pc=0x000001b82b88df10 sp=0x0000009c8a8fe130
Event: 6372.309 Thread 0x000001b87f1b8700 DEOPT UNPACKING pc=0x000001b82a78439c sp=0x0000009c8a8fe120 mode 2
Event: 6372.310 Thread 0x000001b87f1b8700 Uncommon trap: trap_request=0xffffffde fr.pc=0x000001b82b88df10 relative=0x00000000000008b0
Event: 6372.310 Thread 0x000001b87f1b8700 Uncommon trap: reason=class_check action=maybe_recompile pc=0x000001b82b88df10 method=org.eclipse.lsp4j.jsonrpc.json.adapters.CollectionTypeAdapter.write(Lcom/google/gson/stream/JsonWriter;Ljava/util/Collection;)V @ 70 c2
Event: 6372.310 Thread 0x000001b87f1b8700 DEOPT PACKING pc=0x000001b82b88df10 sp=0x0000009c8a8fde00
Event: 6372.310 Thread 0x000001b87f1b8700 DEOPT UNPACKING pc=0x000001b82a78439c sp=0x0000009c8a8fddf0 mode 2
Event: 6373.150 Thread 0x000001b87f1b8700 DEOPT PACKING pc=0x000001b82369fa2a sp=0x0000009c8a8feb50
Event: 6373.151 Thread 0x000001b87f1b8700 DEOPT UNPACKING pc=0x000001b82a784b23 sp=0x0000009c8a8fe058 mode 0
Event: 6373.434 Thread 0x000001b8395cf5e0 DEOPT PACKING pc=0x000001b824ecb928 sp=0x0000009c8aafec10
Event: 6373.434 Thread 0x000001b8395cf5e0 DEOPT UNPACKING pc=0x000001b82a784b23 sp=0x0000009c8aafe0e8 mode 0
Event: 6373.454 Thread 0x000001b8395cf5e0 DEOPT PACKING pc=0x000001b8243fc396 sp=0x0000009c8aafeb30
Event: 6373.454 Thread 0x000001b8395cf5e0 DEOPT UNPACKING pc=0x000001b82a784b23 sp=0x0000009c8aafe010 mode 0
Event: 6373.458 Thread 0x000001b8395cf5e0 DEOPT PACKING pc=0x000001b824ecb928 sp=0x0000009c8aafec10
Event: 6373.458 Thread 0x000001b8395cf5e0 DEOPT UNPACKING pc=0x000001b82a784b23 sp=0x0000009c8aafe0e8 mode 0
Event: 6373.463 Thread 0x000001b8395cf5e0 DEOPT PACKING pc=0x000001b824ecb928 sp=0x0000009c8aafec10
Event: 6373.463 Thread 0x000001b8395cf5e0 DEOPT UNPACKING pc=0x000001b82a784b23 sp=0x0000009c8aafe0e8 mode 0
Event: 6374.108 Thread 0x000001b8395cf5e0 Uncommon trap: trap_request=0xffffff3d fr.pc=0x000001b82b322fec relative=0x0000000000003d0c
Event: 6374.109 Thread 0x000001b8395cf5e0 Uncommon trap: reason=unstable_fused_if action=reinterpret pc=0x000001b82b322fec method=org.eclipse.jdt.internal.compiler.util.HashtableOfObject.<init>(I)V @ 47 c2
Event: 6374.109 Thread 0x000001b8395cf5e0 DEOPT PACKING pc=0x000001b82b322fec sp=0x0000009c8aafeaa0
Event: 6374.109 Thread 0x000001b8395cf5e0 DEOPT UNPACKING pc=0x000001b82a78439c sp=0x0000009c8aafe9d8 mode 2

Classes loaded (20 events):
Event: 5955.322 Loading class java/lang/StringLatin1$CharsSpliterator
Event: 5955.437 Loading class java/lang/StringLatin1$CharsSpliterator done
Event: 5978.980 Loading class java/util/stream/ReduceOps$5
Event: 5979.011 Loading class java/util/stream/ReduceOps$5 done
Event: 5979.011 Loading class java/util/stream/ReduceOps$CountingSink$OfRef
Event: 5979.016 Loading class java/util/stream/ReduceOps$CountingSink
Event: 5979.021 Loading class java/util/stream/ReduceOps$CountingSink done
Event: 5979.021 Loading class java/util/stream/ReduceOps$CountingSink$OfRef done
Event: 6016.161 Loading class java/util/stream/ReferencePipeline$15
Event: 6016.166 Loading class java/util/stream/ReferencePipeline$15 done
Event: 6016.167 Loading class java/util/stream/ReferencePipeline$15$1
Event: 6016.167 Loading class java/util/stream/ReferencePipeline$15$1 done
Event: 6021.708 Loading class java/util/function/IntPredicate
Event: 6021.708 Loading class java/util/function/IntPredicate done
Event: 6021.756 Loading class java/util/regex/Pattern$Bound
Event: 6021.756 Loading class java/util/regex/Pattern$Bound done
Event: 6152.634 Loading class java/lang/Throwable$WrappedPrintWriter
Event: 6152.646 Loading class java/lang/Throwable$PrintStreamOrWriter
Event: 6152.647 Loading class java/lang/Throwable$PrintStreamOrWriter done
Event: 6152.647 Loading class java/lang/Throwable$WrappedPrintWriter done

Classes unloaded (20 events):
Event: 6096.132 Thread 0x000001b83933b420 Unloading class 0x000001b83b29d000 'jdk/internal/reflect/GeneratedSerializationConstructorAccessor10'
Event: 6096.132 Thread 0x000001b83933b420 Unloading class 0x000001b83b29cc00 'jdk/internal/reflect/GeneratedSerializationConstructorAccessor9'
Event: 6096.132 Thread 0x000001b83933b420 Unloading class 0x000001b83b296400 'java/lang/invoke/LambdaForm$MH+0x000001b83b296400'
Event: 6096.132 Thread 0x000001b83933b420 Unloading class 0x000001b83b295c00 'java/lang/invoke/LambdaForm$MH+0x000001b83b295c00'
Event: 6096.132 Thread 0x000001b83933b420 Unloading class 0x000001b83b292000 'jdk/internal/reflect/GeneratedSerializationConstructorAccessor8'
Event: 6096.132 Thread 0x000001b83933b420 Unloading class 0x000001b83b291c00 'jdk/internal/reflect/GeneratedSerializationConstructorAccessor7'
Event: 6096.132 Thread 0x000001b83933b420 Unloading class 0x000001b83b291800 'jdk/internal/reflect/GeneratedSerializationConstructorAccessor6'
Event: 6096.132 Thread 0x000001b83933b420 Unloading class 0x000001b83b291400 'jdk/internal/reflect/GeneratedSerializationConstructorAccessor5'
Event: 6096.132 Thread 0x000001b83933b420 Unloading class 0x000001b83b291000 'jdk/internal/reflect/GeneratedSerializationConstructorAccessor4'
Event: 6096.132 Thread 0x000001b83933b420 Unloading class 0x000001b83b290c00 'jdk/internal/reflect/GeneratedSerializationConstructorAccessor3'
Event: 6096.132 Thread 0x000001b83933b420 Unloading class 0x000001b83b290800 'jdk/internal/reflect/GeneratedSerializationConstructorAccessor2'
Event: 6096.132 Thread 0x000001b83933b420 Unloading class 0x000001b83b290400 'jdk/internal/reflect/GeneratedSerializationConstructorAccessor1'
Event: 6096.132 Thread 0x000001b83933b420 Unloading class 0x000001b83b082400 'java/lang/invoke/LambdaForm$MH+0x000001b83b082400'
Event: 6096.132 Thread 0x000001b83933b420 Unloading class 0x000001b83b081c00 'java/lang/invoke/LambdaForm$MH+0x000001b83b081c00'
Event: 6096.132 Thread 0x000001b83933b420 Unloading class 0x000001b83b081800 'java/lang/invoke/LambdaForm$MH+0x000001b83b081800'
Event: 6096.132 Thread 0x000001b83933b420 Unloading class 0x000001b83b081400 'java/lang/invoke/LambdaForm$MH+0x000001b83b081400'
Event: 6096.132 Thread 0x000001b83933b420 Unloading class 0x000001b83b081000 'java/lang/invoke/LambdaForm$MH+0x000001b83b081000'
Event: 6096.132 Thread 0x000001b83933b420 Unloading class 0x000001b83b080800 'java/lang/invoke/LambdaForm$MH+0x000001b83b080800'
Event: 6096.132 Thread 0x000001b83933b420 Unloading class 0x000001b83b080400 'java/lang/invoke/LambdaForm$MH+0x000001b83b080400'
Event: 6096.132 Thread 0x000001b83933b420 Unloading class 0x000001b83b080000 'java/lang/invoke/LambdaForm$MH+0x000001b83b080000'

Classes redefined (0 events):
No events

Internal exceptions (20 events):
Event: 6372.618 Thread 0x000001b80a916d90 Exception <a 'java/lang/NullPointerException'{0x0000000708f70ae0}> (0x0000000708f70ae0) 
thrown [s\src\hotspot\share\runtime\sharedRuntime.cpp, line 625]
Event: 6372.627 Thread 0x000001b80a916d90 Implicit null exception at 0x000001b823cb1eaa to 0x000001b823cb24ac
Event: 6372.627 Thread 0x000001b80a916d90 Exception <a 'java/lang/NullPointerException'{0x0000000708f77558}> (0x0000000708f77558) 
thrown [s\src\hotspot\share\runtime\sharedRuntime.cpp, line 625]
Event: 6372.668 Thread 0x000001b87f1bb4f0 Implicit null exception at 0x000001b823cb1eaa to 0x000001b823cb24ac
Event: 6372.668 Thread 0x000001b87f1bb4f0 Exception <a 'java/lang/NullPointerException'{0x0000000708d45b68}> (0x0000000708d45b68) 
thrown [s\src\hotspot\share\runtime\sharedRuntime.cpp, line 625]
Event: 6372.668 Thread 0x000001b87f1bb4f0 Implicit null exception at 0x000001b823cb1eaa to 0x000001b823cb24ac
Event: 6372.668 Thread 0x000001b87f1bb4f0 Exception <a 'java/lang/NullPointerException'{0x0000000708d4c578}> (0x0000000708d4c578) 
thrown [s\src\hotspot\share\runtime\sharedRuntime.cpp, line 625]
Event: 6373.472 Thread 0x000001b87f1b8070 Implicit null exception at 0x000001b823cb1eaa to 0x000001b823cb24ac
Event: 6373.472 Thread 0x000001b87f1b8070 Exception <a 'java/lang/NullPointerException'{0x0000000707c17d58}> (0x0000000707c17d58) 
thrown [s\src\hotspot\share\runtime\sharedRuntime.cpp, line 625]
Event: 6373.473 Thread 0x000001b87f1b8070 Implicit null exception at 0x000001b823cb1eaa to 0x000001b823cb24ac
Event: 6373.473 Thread 0x000001b87f1b8070 Exception <a 'java/lang/NullPointerException'{0x0000000707c1ea20}> (0x0000000707c1ea20) 
thrown [s\src\hotspot\share\runtime\sharedRuntime.cpp, line 625]
Event: 6373.487 Thread 0x000001b87f1b8070 Implicit null exception at 0x000001b823cb1eaa to 0x000001b823cb24ac
Event: 6373.487 Thread 0x000001b87f1b8070 Exception <a 'java/lang/NullPointerException'{0x0000000707cbc410}> (0x0000000707cbc410) 
thrown [s\src\hotspot\share\runtime\sharedRuntime.cpp, line 625]
Event: 6373.489 Thread 0x000001b87f1b8070 Implicit null exception at 0x000001b823cb1eaa to 0x000001b823cb24ac
Event: 6373.489 Thread 0x000001b87f1b8070 Exception <a 'java/lang/NullPointerException'{0x0000000707cc2e38}> (0x0000000707cc2e38) 
thrown [s\src\hotspot\share\runtime\sharedRuntime.cpp, line 625]
Event: 6374.034 Thread 0x000001b8395cf5e0 Exception <a 'sun/nio/fs/WindowsException'{0x0000000710630e30}> (0x0000000710630e30) 
thrown [s\src\hotspot\share\prims\jni.cpp, line 520]
Event: 6374.062 Thread 0x000001b80a6e7e50 Implicit null exception at 0x000001b823cb1eaa to 0x000001b823cb24ac
Event: 6374.062 Thread 0x000001b80a6e7e50 Exception <a 'java/lang/NullPointerException'{0x00000007104f4668}> (0x00000007104f4668) 
thrown [s\src\hotspot\share\runtime\sharedRuntime.cpp, line 625]
Event: 6374.062 Thread 0x000001b80a6e7e50 Implicit null exception at 0x000001b823cb1eaa to 0x000001b823cb24ac
Event: 6374.062 Thread 0x000001b80a6e7e50 Exception <a 'java/lang/NullPointerException'{0x00000007104fae30}> (0x00000007104fae30) 
thrown [s\src\hotspot\share\runtime\sharedRuntime.cpp, line 625]

ZGC Phase Switch (0 events):
No events

VM Operations (20 events):
Event: 6356.389 Executing safepoint VM operation: Cleanup done
Event: 6357.223 Executing safepoint VM operation: G1CollectForAllocation (G1 Evacuation Pause)
Event: 6357.304 Executing safepoint VM operation: G1CollectForAllocation (G1 Evacuation Pause) done
Event: 6358.305 Executing safepoint VM operation: Cleanup
Event: 6358.305 Executing safepoint VM operation: Cleanup done
Event: 6363.332 Executing safepoint VM operation: Cleanup
Event: 6363.332 Executing safepoint VM operation: Cleanup done
Event: 6369.378 Executing safepoint VM operation: Cleanup
Event: 6369.527 Executing safepoint VM operation: Cleanup done
Event: 6370.533 Executing safepoint VM operation: Cleanup
Event: 6370.533 Executing safepoint VM operation: Cleanup done
Event: 6373.561 Executing safepoint VM operation: Cleanup
Event: 6373.588 Executing safepoint VM operation: Cleanup done
Event: 6373.617 Executing safepoint VM operation: G1CollectForAllocation (G1 Evacuation Pause)
Event: 6373.742 Executing safepoint VM operation: G1CollectForAllocation (G1 Evacuation Pause) done
Event: 6374.109 Executing safepoint VM operation: G1TryInitiateConcMark (G1 Humongous Allocation)
Event: 6374.121 Executing safepoint VM operation: G1TryInitiateConcMark (G1 Humongous Allocation) done
Event: 6374.323 Executing safepoint VM operation: G1PauseRemark
Event: 6374.363 Executing safepoint VM operation: G1PauseRemark done
Event: 6374.415 Executing safepoint VM operation: G1CollectForAllocation (G1 Humongous Allocation)

Memory protections (0 events):
No events

Nmethod flushes (20 events):
Event: 6374.360 Thread 0x000001b83933b420 flushing  nmethod 0x000001b824f44410
Event: 6374.360 Thread 0x000001b83933b420 flushing  nmethod 0x000001b824f45a10
Event: 6374.360 Thread 0x000001b83933b420 flushing  nmethod 0x000001b824f46310
Event: 6374.360 Thread 0x000001b83933b420 flushing  nmethod 0x000001b824f4c010
Event: 6374.360 Thread 0x000001b83933b420 flushing  nmethod 0x000001b824f52410
Event: 6374.360 Thread 0x000001b83933b420 flushing  nmethod 0x000001b824f52e10
Event: 6374.360 Thread 0x000001b83933b420 flushing  nmethod 0x000001b824f53410
Event: 6374.360 Thread 0x000001b83933b420 flushing  nmethod 0x000001b824f56d90
Event: 6374.360 Thread 0x000001b83933b420 flushing  nmethod 0x000001b824f62210
Event: 6374.360 Thread 0x000001b83933b420 flushing  nmethod 0x000001b824f77090
Event: 6374.360 Thread 0x000001b83933b420 flushing  nmethod 0x000001b824f78010
Event: 6374.360 Thread 0x000001b83933b420 flushing  nmethod 0x000001b824fadc10
Event: 6374.360 Thread 0x000001b83933b420 flushing  nmethod 0x000001b824fb3c90
Event: 6374.360 Thread 0x000001b83933b420 flushing  nmethod 0x000001b824fb5090
Event: 6374.360 Thread 0x000001b83933b420 flushing  nmethod 0x000001b824fd6290
Event: 6374.360 Thread 0x000001b83933b420 flushing  nmethod 0x000001b824fda410
Event: 6374.360 Thread 0x000001b83933b420 flushing  nmethod 0x000001b825030d10
Event: 6374.360 Thread 0x000001b83933b420 flushing  nmethod 0x000001b8250d1690
Event: 6374.360 Thread 0x000001b83933b420 flushing  nmethod 0x000001b8250de510
Event: 6374.360 Thread 0x000001b83933b420 flushing  nmethod 0x000001b8250e1610

Events (20 events):
Event: 6372.578 Thread 0x000001b87f1b8070 Thread added: 0x000001b87f1bb4f0
Event: 6372.639 Thread 0x000001b87f1b8700 Thread exited: 0x000001b87f1b8700
Event: 6372.649 Thread 0x000001b87f1b8070 Thread added: 0x000001b87f1ba7d0
Event: 6372.652 Thread 0x000001b87f1b9ab0 Thread exited: 0x000001b87f1b9ab0
Event: 6372.746 Thread 0x000001b87f1b8070 Thread added: 0x000001b87f1b9ab0
Event: 6372.747 Thread 0x000001b87f1b8070 Thread added: 0x000001b87f1b8700
Event: 6372.803 Thread 0x000001b87f1ba7d0 Thread exited: 0x000001b87f1ba7d0
Event: 6372.854 Thread 0x000001b87f1b9ab0 Thread exited: 0x000001b87f1b9ab0
Event: 6372.871 Thread 0x000001b87f1b8070 Thread added: 0x000001b87f1b9ab0
Event: 6372.877 Thread 0x000001b87f1b8700 Thread exited: 0x000001b87f1b8700
Event: 6372.914 Thread 0x000001b87f1b9ab0 Thread exited: 0x000001b87f1b9ab0
Event: 6372.938 Thread 0x000001b87f1bb4f0 Thread exited: 0x000001b87f1bb4f0
Event: 6373.131 Thread 0x000001b87f1b8070 Thread added: 0x000001b87f1b8700
Event: 6373.132 Thread 0x000001b87f1b8070 Thread added: 0x000001b87f1bb4f0
Event: 6373.156 Thread 0x000001b87f1b8700 Thread exited: 0x000001b87f1b8700
Event: 6373.230 Thread 0x000001b87f1bb4f0 Thread exited: 0x000001b87f1bb4f0
Event: 6373.354 Thread 0x000001b87f1b8070 Thread added: 0x000001b87f1bb4f0
Event: 6373.377 Thread 0x000001b87f1bb4f0 Thread exited: 0x000001b87f1bb4f0
Event: 6373.491 Thread 0x000001b87f1b8070 Thread added: 0x000001b87f1bb4f0
Event: 6373.593 Thread 0x000001b87f1bb4f0 Thread exited: 0x000001b87f1bb4f0


Dynamic libraries:
0x00007ff6d4fb0000 - 0x00007ff6d4fbe000 	c:\Users\58769084\.vscode\extensions\redhat.java-1.56.0-win32-x64\jre\21.0.12.1-win32-x86_64\bin\java.exe
0x00007ffb813f0000 - 0x00007ffb815e8000 	C:\WINDOWS\SYSTEM32\ntdll.dll
0x00007ffb7ff30000 - 0x00007ffb7fff2000 	C:\WINDOWS\System32\KERNEL32.DLL
0x00007ffb7efe0000 - 0x00007ffb7f2d6000 	C:\WINDOWS\System32\KERNELBASE.dll
0x00007ffb7afc0000 - 0x00007ffb7b054000 	C:\WINDOWS\SYSTEM32\apphelp.dll
0x00007ffb7f2e0000 - 0x00007ffb7f3e0000 	C:\WINDOWS\System32\ucrtbase.dll
0x00007ffb77fb0000 - 0x00007ffb77fc8000 	c:\Users\58769084\.vscode\extensions\redhat.java-1.56.0-win32-x64\jre\21.0.12.1-win32-x86_64\bin\jli.dll
0x00007ffb7f630000 - 0x00007ffb7f7d1000 	C:\WINDOWS\System32\USER32.dll
0x00007ffb7eee0000 - 0x00007ffb7ef02000 	C:\WINDOWS\System32\win32u.dll
0x00007ffb7f7e0000 - 0x00007ffb7f80b000 	C:\WINDOWS\System32\GDI32.dll
0x00007ffb7ed10000 - 0x00007ffb7ee29000 	C:\WINDOWS\System32\gdi32full.dll
0x00007ffb7ea80000 - 0x00007ffb7eb1d000 	C:\WINDOWS\System32\msvcp_win.dll
0x00007ffb753e0000 - 0x00007ffb753fe000 	c:\Users\58769084\.vscode\extensions\redhat.java-1.56.0-win32-x64\jre\21.0.12.1-win32-x86_64\bin\VCRUNTIME140.dll
0x00007ffb7dd40000 - 0x00007ffb7dfdb000 	C:\WINDOWS\WinSxS\amd64_microsoft.windows.common-controls_6595b64144ccf1df_6.0.19041.6456_none_60b8a6cb71f64256\COMCTL32.dll
0x00007ffb7f410000 - 0x00007ffb7f4ae000 	C:\WINDOWS\System32\msvcrt.dll
0x00007ffb7fcb0000 - 0x00007ffb7fcdf000 	C:\WINDOWS\System32\IMM32.DLL
0x00007ffb7c190000 - 0x00007ffb7c19c000 	c:\Users\58769084\.vscode\extensions\redhat.java-1.56.0-win32-x64\jre\21.0.12.1-win32-x86_64\bin\vcruntime140_1.dll
0x00007ffb48800000 - 0x00007ffb4888d000 	c:\Users\58769084\.vscode\extensions\redhat.java-1.56.0-win32-x64\jre\21.0.12.1-win32-x86_64\bin\msvcp140.dll
0x00007ffafd020000 - 0x00007ffafddc2000 	c:\Users\58769084\.vscode\extensions\redhat.java-1.56.0-win32-x64\jre\21.0.12.1-win32-x86_64\bin\server\jvm.dll
0x00007ffb80110000 - 0x00007ffb801c1000 	C:\WINDOWS\System32\ADVAPI32.dll
0x00007ffb81310000 - 0x00007ffb813af000 	C:\WINDOWS\System32\sechost.dll
0x00007ffb7f4b0000 - 0x00007ffb7f5d0000 	C:\WINDOWS\System32\RPCRT4.dll
0x00007ffb7f3e0000 - 0x00007ffb7f407000 	C:\WINDOWS\System32\bcrypt.dll
0x00007ffb80b30000 - 0x00007ffb80b9b000 	C:\WINDOWS\System32\WS2_32.dll
0x00007ffb7e8e0000 - 0x00007ffb7e92b000 	C:\WINDOWS\SYSTEM32\POWRPROF.dll
0x00007ffb67a20000 - 0x00007ffb67a47000 	C:\WINDOWS\SYSTEM32\WINMM.dll
0x00007ffb7b440000 - 0x00007ffb7b44a000 	C:\WINDOWS\SYSTEM32\VERSION.dll
0x00007ffb7e8c0000 - 0x00007ffb7e8d2000 	C:\WINDOWS\SYSTEM32\UMPDC.dll
0x00007ffb7b790000 - 0x00007ffb7b7a2000 	C:\WINDOWS\SYSTEM32\kernel.appcore.dll
0x00007ffb77fa0000 - 0x00007ffb77faa000 	c:\Users\58769084\.vscode\extensions\redhat.java-1.56.0-win32-x64\jre\21.0.12.1-win32-x86_64\bin\jimage.dll
0x00007ffb7e1c0000 - 0x00007ffb7e3c1000 	C:\WINDOWS\SYSTEM32\DBGHELP.DLL
0x00007ffb7e140000 - 0x00007ffb7e174000 	C:\WINDOWS\SYSTEM32\dbgcore.DLL
0x00007ffb7ec80000 - 0x00007ffb7ed02000 	C:\WINDOWS\System32\bcryptPrimitives.dll
0x00007ffb75550000 - 0x00007ffb7555f000 	c:\Users\58769084\.vscode\extensions\redhat.java-1.56.0-win32-x64\jre\21.0.12.1-win32-x86_64\bin\instrument.dll
0x00007ffb753a0000 - 0x00007ffb753c0000 	c:\Users\58769084\.vscode\extensions\redhat.java-1.56.0-win32-x64\jre\21.0.12.1-win32-x86_64\bin\java.dll
0x00007ffb80ba0000 - 0x00007ffb81310000 	C:\WINDOWS\System32\SHELL32.dll
0x00007ffb7b990000 - 0x00007ffb7c135000 	C:\WINDOWS\SYSTEM32\windows.storage.dll
0x00007ffb804d0000 - 0x00007ffb80824000 	C:\WINDOWS\System32\combase.dll
0x00007ffb7dc30000 - 0x00007ffb7dc5b000 	C:\WINDOWS\SYSTEM32\Wldp.dll
0x00007ffb80a60000 - 0x00007ffb80b2d000 	C:\WINDOWS\System32\OLEAUT32.dll
0x00007ffb80830000 - 0x00007ffb808dd000 	C:\WINDOWS\System32\SHCORE.dll
0x00007ffb7f5d0000 - 0x00007ffb7f62b000 	C:\WINDOWS\System32\shlwapi.dll
0x00007ffb7e9b0000 - 0x00007ffb7e9d4000 	C:\WINDOWS\SYSTEM32\profapi.dll
0x00007ffb75380000 - 0x00007ffb75398000 	c:\Users\58769084\.vscode\extensions\redhat.java-1.56.0-win32-x64\jre\21.0.12.1-win32-x86_64\bin\zip.dll
0x00007ffb752e0000 - 0x00007ffb752f0000 	C:\Users\58769084\.vscode\extensions\redhat.java-1.56.0-win32-x64\jre\21.0.12.1-win32-x86_64\bin\net.dll
0x00007ffb7d330000 - 0x00007ffb7d43a000 	C:\WINDOWS\SYSTEM32\WINHTTP.dll
0x00007ffb7da10000 - 0x00007ffb7da7a000 	C:\WINDOWS\system32\mswsock.dll
0x00007ffb64c00000 - 0x00007ffb64c16000 	C:\Users\58769084\.vscode\extensions\redhat.java-1.56.0-win32-x64\jre\21.0.12.1-win32-x86_64\bin\nio.dll
0x00007ffb59ca0000 - 0x00007ffb59cb0000 	c:\Users\58769084\.vscode\extensions\redhat.java-1.56.0-win32-x64\jre\21.0.12.1-win32-x86_64\bin\verify.dll
0x00007ffb64d60000 - 0x00007ffb64da5000 	C:\Users\58769084\AppData\Roaming\Code\User\globalStorage\redhat.java\1.56.0\config_win\org.eclipse.equinox.launcher\org.eclipse.equinox.launcher.win32.win32.x86_64_1.3.100.v20260804-1928\eclipse_11924.dll
0x00007ffb7fdf0000 - 0x00007ffb7ff1b000 	C:\WINDOWS\System32\ole32.dll
0x00007ffb7e780000 - 0x00007ffb7e798000 	C:\WINDOWS\SYSTEM32\CRYPTSP.dll
0x00007ffb7d2a0000 - 0x00007ffb7d2d8000 	C:\WINDOWS\system32\rsaenh.dll
0x00007ffb7e930000 - 0x00007ffb7e95e000 	C:\WINDOWS\SYSTEM32\USERENV.dll
0x00007ffb7dba0000 - 0x00007ffb7dbac000 	C:\WINDOWS\SYSTEM32\CRYPTBASE.dll
0x00007ffb7d710000 - 0x00007ffb7d74b000 	C:\WINDOWS\SYSTEM32\IPHLPAPI.DLL
0x00007ffb80230000 - 0x00007ffb80238000 	C:\WINDOWS\System32\NSI.dll
0x00007ffb48650000 - 0x00007ffb48699000 	C:\Users\58769084\AppData\Local\Temp\jna-1961452565\jna4606901669975001475.dll
0x00007ffb7ff20000 - 0x00007ffb7ff28000 	C:\WINDOWS\System32\PSAPI.DLL
0x00007ffb742f0000 - 0x00007ffb74307000 	C:\WINDOWS\SYSTEM32\dhcpcsvc6.DLL
0x00007ffb765a0000 - 0x00007ffb765bd000 	C:\WINDOWS\SYSTEM32\dhcpcsvc.DLL

JVMTI agents:
c:\Users\58769084\.vscode\extensions\redhat.java-1.56.0-win32-x64\lombok\lombok-1.18.39-4050.jar path:c:\Users\58769084\.vscode\extensions\redhat.java-1.56.0-win32-x64\jre\21.0.12.1-win32-x86_64\bin\instrument.dll, loaded, initialized, instrumentlib options:none

dbghelp: loaded successfully - version: 4.0.5 - missing functions: none
symbol engine: initialized successfully - sym options: 0x614 - pdb path: .;c:\Users\58769084\.vscode\extensions\redhat.java-1.56.0-win32-x64\jre\21.0.12.1-win32-x86_64\bin;C:\WINDOWS\SYSTEM32;C:\WINDOWS\WinSxS\amd64_microsoft.windows.common-controls_6595b64144ccf1df_6.0.19041.6456_none_60b8a6cb71f64256;c:\Users\58769084\.vscode\extensions\redhat.java-1.56.0-win32-x64\jre\21.0.12.1-win32-x86_64\bin\server;C:\Users\58769084\AppData\Roaming\Code\User\globalStorage\redhat.java\1.56.0\config_win\org.eclipse.equinox.launcher\org.eclipse.equinox.launcher.win32.win32.x86_64_1.3.100.v20260804-1928;C:\Users\58769084\AppData\Local\Temp\jna-1961452565

VM Arguments:
jvm_args: --add-modules=ALL-SYSTEM --add-opens=java.base/java.util=ALL-UNNAMED --add-opens=java.base/java.lang=ALL-UNNAMED --add-opens=java.base/sun.nio.fs=ALL-UNNAMED -Declipse.application=org.eclipse.jdt.ls.core.id1 -Dosgi.bundles.defaultStartLevel=4 -Declipse.product=org.eclipse.jdt.ls.core.product -Djava.import.generatesMetadataFilesAtProjectRoot=false -Dm2e.project.cache.size=50 -DDetectVMInstallationsJob.disabled=true -Dfile.encoding=utf8 -Xlog:disable -XX:+UseG1GC -XX:+UseStringDeduplication -Xmx4G -javaagent:c:\Users\58769084\.vscode\extensions\redhat.java-1.56.0-win32-x64\lombok\lombok-1.18.39-4050.jar -XX:+HeapDumpOnOutOfMemoryError -XX:HeapDumpPath=c:\Users\58769084\AppData\Roaming\Code\User\workspaceStorage\f183437116053616420707e311afbfd2\redhat.java -Daether.dependencyCollector.impl=bf 
java_command: c:\Users\58769084\.vscode\extensions\redhat.java-1.56.0-win32-x64\server\plugins\org.eclipse.equinox.launcher_1.8.0.v20260804-1928.jar -configuration c:\Users\58769084\AppData\Roaming\Code\User\globalStorage\redhat.java\1.56.0\config_win -data c:\Users\58769084\AppData\Roaming\Code\User\workspaceStorage\f183437116053616420707e311afbfd2\redhat.java\jdt_ws --stdio
java_class_path (initial): c:\Users\58769084\.vscode\extensions\redhat.java-1.56.0-win32-x64\server\plugins\org.eclipse.equinox.launcher_1.8.0.v20260804-1928.jar
Launcher Type: SUN_STANDARD

[Global flags]
     intx CICompilerCount                          = 2                                         {product} {ergonomic}
     uint ConcGCThreads                            = 1                                         {product} {ergonomic}
     uint G1ConcRefinementThreads                  = 2                                         {product} {ergonomic}
   size_t G1HeapRegionSize                         = 2097152                                   {product} {ergonomic}
    uintx GCDrainStackTargetSize                   = 64                                        {product} {ergonomic}
     bool HeapDumpOnOutOfMemoryError               = true                                   {manageable} {command line}
    ccstr HeapDumpPath                             = c:\Users\58769084\AppData\Roaming\Code\User\workspaceStorage\f183437116053616420707e311afbfd2\redhat.java         {manageable} {command line}
   size_t InitialHeapSize                          = 65011712                                  {product} {ergonomic}
   size_t MarkStackSize                            = 4194304                                   {product} {ergonomic}
   size_t MaxHeapSize                              = 4294967296                                {product} {command line}
   size_t MaxNewSize                               = 2575302656                                {product} {ergonomic}
   size_t MinHeapDeltaBytes                        = 2097152                                   {product} {ergonomic}
   size_t MinHeapSize                              = 8388608                                   {product} {ergonomic}
    uintx NonNMethodCodeHeapSize                   = 5826188                                {pd product} {ergonomic}
    uintx NonProfiledCodeHeapSize                  = 122916026                              {pd product} {ergonomic}
    uintx ProfiledCodeHeapSize                     = 122916026                              {pd product} {ergonomic}
    uintx ReservedCodeCacheSize                    = 251658240                              {pd product} {ergonomic}
     bool SegmentedCodeCache                       = true                                      {product} {ergonomic}
   size_t SoftMaxHeapSize                          = 4294967296                             {manageable} {ergonomic}
     bool UseCompressedOops                        = true                           {product lp64_product} {ergonomic}
     bool UseG1GC                                  = true                                      {product} {command line}
     bool UseLargePagesIndividualAllocation        = false                                  {pd product} {ergonomic}
     bool UseStringDeduplication                   = true                                      {product} {command line}

Logging:
Log output configuration:
 #0: stdout all=off uptime,level,tags foldmultilines=false
 #1: stderr all=off uptime,level,tags foldmultilines=false

Release file:
JAVA_VERSION="21.0.12.1" 
MODULES="java.base java.compiler java.datatransfer java.xml java.prefs java.desktop java.instrument java.logging java.management java.security.sasl java.naming java.rmi java.management.rmi java.net.http java.scripting java.security.jgss java.transaction.xa java.sql java.sql.rowset java.xml.crypto java.se java.smartcardio jdk.accessibility jdk.internal.jvmstat jdk.attach jdk.charsets jdk.internal.opt jdk.zipfs jdk.compiler jdk.crypto.ec jdk.crypto.cryptoki jdk.crypto.mscapi jdk.dynalink jdk.internal.ed jdk.editpad jdk.hotspot.agent jdk.httpserver jdk.internal.le jdk.internal.vm.ci jdk.internal.vm.compiler jdk.internal.vm.compiler.management jdk.jartool jdk.javadoc jdk.jcmd jdk.management jdk.management.agent jdk.jconsole jdk.jdeps jdk.jdwp.agent jdk.jdi jdk.jfr jdk.jshell jdk.jsobject jdk.jstatd jdk.localedata jdk.management.jfr jdk.naming.dns jdk.naming.rmi jdk.net jdk.nio.mapmode jdk.random jdk.sctp jdk.security.auth jdk.security.jgss jdk.unsupported jdk.unsupported.desktop jdk.xml.dom" 

Environment Variables:
JAVA_HOME=C:\Program Files\Eclipse Adoptium\jdk-17.0.20.101-hotspot
PATH=C:\Program Files\Eclipse Adoptium\jdk-17.0.20.101-hotspot\bin;C:\WINDOWS\system32;C:\WINDOWS;C:\WINDOWS\System32\Wbem;C:\WINDOWS\System32\WindowsPowerShell\v1.0\;C:\WINDOWS\System32\OpenSSH\;C:\Program Files\dotnet\;C:\Program Files\nodejs\;C:\Program Files\Git\cmd;C:\Users\58769084\AppData\Local\Microsoft\WindowsApps;C:\Users\58769084\AppData\Local\Programs\Microsoft VS Code\bin;C:\Users\58769084\Downloads\flutter_windows_3.44.1-stable\flutter\bin;C:\Users\58769084\Desktop\flutt\flutter\bin;C:\Users\58769084\AppData\Roaming\npm;C:\Program Files\Java\jdk-21.0.12.1\bin;C:\Users\58769084\Documents\apache-maven-3.9.16-bin\apache-maven-3.9.16\bin
USERNAME=58769084
OS=Windows_NT
PROCESSOR_IDENTIFIER=Intel64 Family 6 Model 122 Stepping 8, GenuineIntel
TMP=C:\Users\58769084\AppData\Local\Temp
TEMP=C:\Users\58769084\AppData\Local\Temp




Periodic native trim disabled

---------------  S Y S T E M  ---------------

OS:
 Windows 10 , 64 bit Build 19041 (10.0.19041.5915)
OS uptime: 0 days 2:27 hours
Hyper-V role detected

CPU: total 2 (initial active 2) (2 cores per cpu, 1 threads per core) family 6 model 122 stepping 8 microcode 0xc, cx8, cmov, fxsr, mmx, 3dnowpref, sse, sse2, sse3, ssse3, sse4.1, sse4.2, popcnt, tsc, tscinvbit, aes, erms, clmul, sha, clflush, clflushopt, hv, rdtscp, rdpid
Processor Information for the first 2 processors :
  Max Mhz: 1101, Current Mhz: 1101, Mhz Limit: 1101

Memory: 4k page, system-wide physical 3919M (517M free)
TotalPageFile size 10171M (AvailPageFile size 2039M)
current process WorkingSet (physical memory assigned to process): 458M, peak: 485M
current process commit charge ("private bytes"): 551M, peak: 4375M

vm_info: OpenJDK 64-Bit Server VM (21.0.12.1+1-LTS) for windows-amd64 JRE (21.0.12.1+1-LTS), built on 2026-08-18T00:00:00Z by "admin" with MS VC++ 17.12 (VS2022)

END.
