#
# There is insufficient memory for the Java Runtime Environment to continue.
# Native memory allocation (mmap) failed to map 1096810496 bytes. Error detail: G1 virtual space
# Possible reasons:
#   The system is out of physical RAM or swap space
#   This process is running with CompressedOops enabled, and the Java Heap may be blocking the growth of the native heap
# Possible solutions:
#   Reduce memory load on the system
#   Increase physical memory or swap space
#   Check if swap backing store is full
#   Decrease Java heap size (-Xmx/-Xms)
#   Decrease number of Java threads
#   Decrease Java thread stack sizes (-Xss)
#   Set larger code cache with -XX:ReservedCodeCacheSize=
#   JVM is running with Zero Based Compressed Oops mode in which the Java heap is
#     placed in the first 32GB address space. The Java Heap base address is the
#     maximum limit for the native heap growth. Please use -XX:HeapBaseMinAddress
#     to set the Java Heap base and to place the Java Heap above 32GB virtual address.
# This output file may be truncated or incomplete.
#
#  Out of Memory Error (os_windows.cpp:3732), pid=6088, tid=6476
#
# JRE version: OpenJDK Runtime Environment Temurin-21.0.12.1+1 (21.0.12.1+1) (build 21.0.12.1+1-LTS)
# Java VM: OpenJDK 64-Bit Server VM Temurin-21.0.12.1+1 (21.0.12.1+1-LTS, mixed mode, sharing, tiered, compressed oops, compressed class ptrs, g1 gc, windows-amd64)
# No core dump will be written. Minidumps are not enabled by default on client versions of Windows
#

---------------  S U M M A R Y ------------

Command Line: --add-modules=ALL-SYSTEM --add-opens=java.base/java.util=ALL-UNNAMED --add-opens=java.base/java.lang=ALL-UNNAMED --add-opens=java.base/sun.nio.fs=ALL-UNNAMED -Declipse.application=org.eclipse.jdt.ls.core.id1 -Dosgi.bundles.defaultStartLevel=4 -Declipse.product=org.eclipse.jdt.ls.core.product -Djava.import.generatesMetadataFilesAtProjectRoot=false -Dm2e.project.cache.size=50 -DDetectVMInstallationsJob.disabled=true -Dfile.encoding=utf8 -Xlog:disable -XX:+UseG1GC -XX:+UseStringDeduplication -Xmx4G -javaagent:c:\Users\58769084\.vscode\extensions\redhat.java-1.56.0-win32-x64\lombok\lombok-1.18.39-4050.jar -XX:+HeapDumpOnOutOfMemoryError -XX:HeapDumpPath=c:\Users\58769084\AppData\Roaming\Code\User\workspaceStorage\f183437116053616420707e311afbfd2\redhat.java -Daether.dependencyCollector.impl=bf c:\Users\58769084\.vscode\extensions\redhat.java-1.56.0-win32-x64\server\plugins\org.eclipse.equinox.launcher_1.8.0.v20260804-1928.jar -configuration c:\Users\58769084\AppData\Roaming\Code\User\globalStorage\redhat.java\1.56.0\config_win -data c:\Users\58769084\AppData\Roaming\Code\User\workspaceStorage\f183437116053616420707e311afbfd2\redhat.java\jdt_ws --stdio

Host: Intel(R) Celeron(R) N4020 CPU @ 1.10GHz, 2 cores, 3G,  Windows 10 , 64 bit Build 19041 (10.0.19041.5915)
Time: Wed Sep 30 13:54:40 2026 Hora estándar de Montevideo elapsed time: 7171.405750 seconds (0d 1h 59m 31s)

---------------  T H R E A D  ---------------

Current thread (0x00000283f22e84a0):  VMThread "VM Thread"          [id=6476, stack(0x000000e16af00000,0x000000e16b000000) (1024K)]

Stack: [0x000000e16af00000,0x000000e16b000000]
Native frames: (J=compiled Java code, j=interpreted, Vv=VM code, C=native code)
V  [jvm.dll+0x6d83e9]
V  [jvm.dll+0x8b5736]
V  [jvm.dll+0x8b7cee]
V  [jvm.dll+0x8b83d3]
V  [jvm.dll+0x284596]
V  [jvm.dll+0x6d4d05]
V  [jvm.dll+0x6c898a]
V  [jvm.dll+0x35f2f8]
V  [jvm.dll+0x366f36]
V  [jvm.dll+0x3b804e]
V  [jvm.dll+0x3b82f8]
V  [jvm.dll+0x33320c]
V  [jvm.dll+0x33329a]
V  [jvm.dll+0x377382]
V  [jvm.dll+0x375b1a]
V  [jvm.dll+0x332951]
V  [jvm.dll+0x37517a]
V  [jvm.dll+0x8be0c0]
V  [jvm.dll+0x8bf434]
V  [jvm.dll+0x8bf960]
V  [jvm.dll+0x8bfc03]
V  [jvm.dll+0x8600cd]
V  [jvm.dll+0x6d6c1d]
C  [ucrtbase.dll+0x21bb2]
C  [KERNEL32.DLL+0x17374]
C  [ntdll.dll+0x4cc91]

VM_Operation (0x000000e16cffebb0): G1CollectForAllocation, mode: safepoint, requested by thread 0x00000283f8a3e8c0


---------------  P R O C E S S  ---------------

Threads class SMR info:
_java_thread_list=0x00000283f87a9f20, length=29, elements={
0x00000283d8fb1fa0, 0x00000283f2307570, 0x00000283f230aa30, 0x00000283f230f4a0,
0x00000283f2311f10, 0x00000283f2314980, 0x00000283f23153e0, 0x00000283f2316170,
0x00000283f2383820, 0x00000283f2388090, 0x00000283f25bf600, 0x00000283f2648fb0,
0x00000283f24da440, 0x00000283f2c98b90, 0x00000283f2ca9e30, 0x00000283f237ad30,
0x00000283f2c105a0, 0x00000283f7143250, 0x00000283f2f58f10, 0x00000283f2f5bd00,
0x00000283f2f5c390, 0x00000283f8a3ef50, 0x00000283f8a3adb0, 0x00000283f8a3e8c0,
0x00000283f8a3c7f0, 0x00000283f7133e60, 0x00000283f712d560, 0x00000283f2bd12c0,
0x00000283f2bd1950
}

Java Threads: ( => current thread )
  0x00000283d8fb1fa0 JavaThread "main"                              [_thread_blocked, id=11756, stack(0x000000e16a800000,0x000000e16a900000) (1024K)]
  0x00000283f2307570 JavaThread "Reference Handler"          daemon [_thread_blocked, id=8360, stack(0x000000e16b000000,0x000000e16b100000) (1024K)]
  0x00000283f230aa30 JavaThread "Finalizer"                  daemon [_thread_blocked, id=3232, stack(0x000000e16b100000,0x000000e16b200000) (1024K)]
  0x00000283f230f4a0 JavaThread "Signal Dispatcher"          daemon [_thread_blocked, id=1816, stack(0x000000e16b200000,0x000000e16b300000) (1024K)]
  0x00000283f2311f10 JavaThread "Attach Listener"            daemon [_thread_blocked, id=8576, stack(0x000000e16b300000,0x000000e16b400000) (1024K)]
  0x00000283f2314980 JavaThread "Service Thread"             daemon [_thread_blocked, id=10892, stack(0x000000e16b400000,0x000000e16b500000) (1024K)]
  0x00000283f23153e0 JavaThread "Monitor Deflation Thread"   daemon [_thread_blocked, id=4988, stack(0x000000e16b500000,0x000000e16b600000) (1024K)]
  0x00000283f2316170 JavaThread "C2 CompilerThread0"         daemon [_thread_blocked, id=1824, stack(0x000000e16b600000,0x000000e16b700000) (1024K)]
  0x00000283f2383820 JavaThread "C1 CompilerThread0"         daemon [_thread_blocked, id=4664, stack(0x000000e16b700000,0x000000e16b800000) (1024K)]
  0x00000283f2388090 JavaThread "StringDedupThread"          daemon [_thread_blocked, id=6412, stack(0x000000e16b800000,0x000000e16b900000) (1024K)]
  0x00000283f25bf600 JavaThread "Common-Cleaner"             daemon [_thread_blocked, id=12024, stack(0x000000e16b900000,0x000000e16ba00000) (1024K)]
  0x00000283f2648fb0 JavaThread "Notification Thread"        daemon [_thread_blocked, id=8548, stack(0x000000e16bb00000,0x000000e16bc00000) (1024K)]
  0x00000283f24da440 JavaThread "Active Thread: Equinox Container: ec12c23a-92b1-4732-84e0-cd35c61a5308"        [_thread_blocked, id=3384, stack(0x000000e16bc00000,0x000000e16bd00000) (1024K)]
  0x00000283f2c98b90 JavaThread "Refresh Thread: Equinox Container: ec12c23a-92b1-4732-84e0-cd35c61a5308" daemon [_thread_blocked, id=6124, stack(0x000000e16bd00000,0x000000e16be00000) (1024K)]
  0x00000283f2ca9e30 JavaThread "Framework Event Dispatcher: Equinox Container: ec12c23a-92b1-4732-84e0-cd35c61a5308" daemon [_thread_blocked, id=3184, stack(0x000000e16be00000,0x000000e16bf00000) (1024K)]
  0x00000283f237ad30 JavaThread "Start Level: Equinox Container: ec12c23a-92b1-4732-84e0-cd35c61a5308" daemon [_thread_blocked, id=2744, stack(0x000000e16bf00000,0x000000e16c000000) (1024K)]
  0x00000283f2c105a0 JavaThread "Bundle File Closer"         daemon [_thread_blocked, id=9324, stack(0x000000e16c000000,0x000000e16c100000) (1024K)]
  0x00000283f7143250 JavaThread "SCR Component Actor"        daemon [_thread_blocked, id=10632, stack(0x000000e16c100000,0x000000e16c200000) (1024K)]
  0x00000283f2f58f10 JavaThread "Worker-JM"                         [_thread_blocked, id=7832, stack(0x000000e16c200000,0x000000e16c300000) (1024K)]
  0x00000283f2f5bd00 JavaThread "Java indexing"              daemon [_thread_blocked, id=4236, stack(0x000000e16c700000,0x000000e16c800000) (1024K)]
  0x00000283f2f5c390 JavaThread "JNA Cleaner"                daemon [_thread_blocked, id=11524, stack(0x000000e16c800000,0x000000e16c900000) (1024K)]
  0x00000283f8a3ef50 JavaThread "pool-2-thread-1"                   [_thread_blocked, id=5872, stack(0x000000e16cd00000,0x000000e16ce00000) (1024K)]
  0x00000283f8a3adb0 JavaThread "WorkspaceEventsHandler"            [_thread_blocked, id=9932, stack(0x000000e16ce00000,0x000000e16cf00000) (1024K)]
  0x00000283f8a3e8c0 JavaThread "pool-1-thread-1"                   [_thread_blocked, id=6468, stack(0x000000e16cf00000,0x000000e16d000000) (1024K)]
  0x00000283f8a3c7f0 JavaThread "Cleaner-0"                  daemon [_thread_blocked, id=6672, stack(0x000000e16ca00000,0x000000e16cb00000) (1024K)]
  0x00000283f7133e60 JavaThread "Worker-26"                         [_thread_blocked, id=4148, stack(0x000000e16c300000,0x000000e16c400000) (1024K)]
  0x00000283f712d560 JavaThread "Worker-27"                         [_thread_blocked, id=7816, stack(0x000000e16c600000,0x000000e16c700000) (1024K)]
  0x00000283f2bd12c0 JavaThread "Thread-1131"                       [_thread_blocked, id=4976, stack(0x000000e16a600000,0x000000e16a700000) (1024K)]
  0x00000283f2bd1950 JavaThread "Thread-1132"                       [_thread_blocked, id=12096, stack(0x000000e16a700000,0x000000e16a800000) (1024K)]
Total: 29

Other Threads:
=>0x00000283f22e84a0 VMThread "VM Thread"                           [id=6476, stack(0x000000e16af00000,0x000000e16b000000) (1024K)]
  0x00000283d90738a0 WatcherThread "VM Periodic Task Thread"        [id=10008, stack(0x000000e16ae00000,0x000000e16af00000) (1024K)]
  0x00000283d901f3f0 WorkerThread "GC Thread#0"                     [id=7552, stack(0x000000e16a900000,0x000000e16aa00000) (1024K)]
  0x00000283f2640f30 WorkerThread "GC Thread#1"                     [id=8804, stack(0x000000e16ba00000,0x000000e16bb00000) (1024K)]
  0x00000283d6dcdfa0 ConcurrentGCThread "G1 Main Marker"            [id=7056, stack(0x000000e16aa00000,0x000000e16ab00000) (1024K)]
  0x00000283d6dceb00 WorkerThread "G1 Conc#0"                       [id=8888, stack(0x000000e16ab00000,0x000000e16ac00000) (1024K)]
  0x00000283d9061b20 ConcurrentGCThread "G1 Refine#0"               [id=11644, stack(0x000000e16ac00000,0x000000e16ad00000) (1024K)]
  0x00000283d9062e90 ConcurrentGCThread "G1 Service"                [id=2068, stack(0x000000e16ad00000,0x000000e16ae00000) (1024K)]
Total: 8

Threads with active compile tasks:
Total: 0

VM state: at safepoint (normal execution)

VM Mutex/Monitor currently owned by a thread:  ([mutex/lock_event])
[0x00007ff8d8a4f5b0] Threads_lock - owner thread: 0x00000283f22e84a0
[0x00007ff8d8a4f6b0] Heap_lock - owner thread: 0x00000283f8a3e8c0

Heap address: 0x0000000700000000, size: 4096 MB, Compressed Oops mode: Zero based, Oop shift amount: 3

CDS archive(s) mapped at: [0x0000028380000000-0x0000028380ba0000-0x0000028380ba0000), size 12189696, SharedBaseAddress: 0x0000028380000000, ArchiveRelocationMode: 1.
Compressed class space mapped at: 0x0000028381000000-0x00000283c1000000, reserved size: 1073741824
Narrow klass base: 0x0000028380000000, Narrow klass shift: 0, Narrow klass range: 0x100000000

GC Precious Log:
 CardTable entry size: 512
 Card Set container configuration: InlinePtr #cards 4 size 8 Array Of Cards #cards 16 size 48 Howl #buckets 8 coarsen threshold 3686 Howl Bitmap #cards 512 size 80 coarsen threshold 460 Card regions per heap region 1 cards per card region 4096
 CPUs: 2 total, 2 available
 Memory: 3919M
 Large Page Support: Disabled
 NUMA Support: Disabled
 Compressed Oops: Enabled (Zero based)
 Heap Region Size: 2M
 Heap Min Capacity: 8M
 Heap Initial Capacity: 62M
 Heap Max Capacity: 4G
 Pre-touch: Disabled
 Parallel Workers: 2
 Concurrent Workers: 1
 Concurrent Refinement Workers: 2
 Periodic GC: Disabled
 String Deduplication is enabled

Heap:
 garbage-first heap   total 604160K, used 229831K [0x0000000700000000, 0x0000000800000000)
  region size 2048K, 3 young (6144K), 3 survivors (6144K)
 Metaspace       used 89230K, committed 91392K, reserved 1179648K
  class space    used 8788K, committed 9728K, reserved 1048576K

Heap Regions: E=young(eden), S=young(survivor), O=old, HS=humongous(starts), HC=humongous(continues), CS=collection set, F=free, TAMS=top-at-mark-start, PB=parsable bottom
|   0|0x0000000700000000, 0x0000000700200000, 0x0000000700200000|100%| O|  |TAMS 0x0000000700000000| PB 0x0000000700000000| Untracked 
|   1|0x0000000700200000, 0x0000000700400000, 0x0000000700400000|100%| O|  |TAMS 0x0000000700200000| PB 0x0000000700200000| Untracked 
|   2|0x0000000700400000, 0x0000000700600000, 0x0000000700600000|100%| O|  |TAMS 0x0000000700400000| PB 0x0000000700400000| Untracked 
|   3|0x0000000700600000, 0x0000000700800000, 0x0000000700800000|100%| O|  |TAMS 0x0000000700600000| PB 0x0000000700600000| Untracked 
|   4|0x0000000700800000, 0x0000000700a00000, 0x0000000700a00000|100%| O|  |TAMS 0x0000000700800000| PB 0x0000000700800000| Untracked 
|   5|0x0000000700a00000, 0x0000000700c00000, 0x0000000700c00000|100%| O|  |TAMS 0x0000000700a00000| PB 0x0000000700a00000| Untracked 
|   6|0x0000000700c00000, 0x0000000700e00000, 0x0000000700e00000|100%| O|  |TAMS 0x0000000700c00000| PB 0x0000000700c00000| Untracked 
|   7|0x0000000700e00000, 0x0000000701000000, 0x0000000701000000|100%| O|  |TAMS 0x0000000700e00000| PB 0x0000000700e00000| Untracked 
|   8|0x0000000701000000, 0x0000000701200000, 0x0000000701200000|100%| O|Cm|TAMS 0x0000000701000000| PB 0x0000000701000000| Complete 
|   9|0x0000000701200000, 0x0000000701400000, 0x0000000701400000|100%| O|  |TAMS 0x0000000701200000| PB 0x0000000701200000| Untracked 
|  10|0x0000000701400000, 0x0000000701600000, 0x0000000701600000|100%| O|Cm|TAMS 0x0000000701400000| PB 0x0000000701400000| Complete 
|  11|0x0000000701600000, 0x0000000701800000, 0x0000000701800000|100%| O|  |TAMS 0x0000000701600000| PB 0x0000000701600000| Untracked 
|  12|0x0000000701800000, 0x0000000701a00000, 0x0000000701a00000|100%| O|  |TAMS 0x0000000701800000| PB 0x0000000701800000| Untracked 
|  13|0x0000000701a00000, 0x0000000701c00000, 0x0000000701c00000|100%| O|  |TAMS 0x0000000701a00000| PB 0x0000000701a00000| Untracked 
|  14|0x0000000701c00000, 0x0000000701e00000, 0x0000000701e00000|100%| O|  |TAMS 0x0000000701c00000| PB 0x0000000701c00000| Untracked 
|  15|0x0000000701e00000, 0x0000000702000000, 0x0000000702000000|100%| O|  |TAMS 0x0000000701e00000| PB 0x0000000701e00000| Untracked 
|  16|0x0000000702000000, 0x0000000702200000, 0x0000000702200000|100%| O|  |TAMS 0x0000000702000000| PB 0x0000000702000000| Untracked 
|  17|0x0000000702200000, 0x0000000702400000, 0x0000000702400000|100%| O|  |TAMS 0x0000000702200000| PB 0x0000000702200000| Untracked 
|  18|0x0000000702400000, 0x0000000702600000, 0x0000000702600000|100%| O|  |TAMS 0x0000000702400000| PB 0x0000000702400000| Untracked 
|  19|0x0000000702600000, 0x0000000702800000, 0x0000000702800000|100%| O|  |TAMS 0x0000000702600000| PB 0x0000000702600000| Untracked 
|  20|0x0000000702800000, 0x0000000702a00000, 0x0000000702a00000|100%| O|  |TAMS 0x0000000702800000| PB 0x0000000702800000| Untracked 
|  21|0x0000000702a00000, 0x0000000702c00000, 0x0000000702c00000|100%| O|  |TAMS 0x0000000702a00000| PB 0x0000000702a00000| Untracked 
|  22|0x0000000702c00000, 0x0000000702e00000, 0x0000000702e00000|100%| O|Cm|TAMS 0x0000000702c00000| PB 0x0000000702c00000| Complete 
|  23|0x0000000702e00000, 0x0000000703000000, 0x0000000703000000|100%| O|  |TAMS 0x0000000702e00000| PB 0x0000000702e00000| Untracked 
|  24|0x0000000703000000, 0x0000000703200000, 0x0000000703200000|100%| O|  |TAMS 0x0000000703000000| PB 0x0000000703000000| Untracked 
|  25|0x0000000703200000, 0x0000000703400000, 0x0000000703400000|100%| O|  |TAMS 0x0000000703200000| PB 0x0000000703200000| Untracked 
|  26|0x0000000703400000, 0x0000000703600000, 0x0000000703600000|100%| O|  |TAMS 0x0000000703400000| PB 0x0000000703400000| Untracked 
|  27|0x0000000703600000, 0x0000000703800000, 0x0000000703800000|100%| O|  |TAMS 0x0000000703600000| PB 0x0000000703600000| Untracked 
|  28|0x0000000703800000, 0x0000000703a00000, 0x0000000703a00000|100%| O|  |TAMS 0x0000000703800000| PB 0x0000000703800000| Untracked 
|  29|0x0000000703a00000, 0x0000000703c00000, 0x0000000703c00000|100%| O|Cm|TAMS 0x0000000703a00000| PB 0x0000000703a00000| Complete 
|  30|0x0000000703c00000, 0x0000000703e00000, 0x0000000703e00000|100%| O|Cm|TAMS 0x0000000703c00000| PB 0x0000000703c00000| Complete 
|  31|0x0000000703e00000, 0x0000000704000000, 0x0000000704000000|100%| O|Cm|TAMS 0x0000000703e00000| PB 0x0000000703e00000| Complete 
|  32|0x0000000704000000, 0x0000000704200000, 0x0000000704200000|100%| O|  |TAMS 0x0000000704000000| PB 0x0000000704000000| Untracked 
|  33|0x0000000704200000, 0x0000000704400000, 0x0000000704400000|100%| O|Cm|TAMS 0x0000000704200000| PB 0x0000000704200000| Complete 
|  34|0x0000000704400000, 0x0000000704600000, 0x0000000704600000|100%| O|Cm|TAMS 0x0000000704400000| PB 0x0000000704400000| Complete 
|  35|0x0000000704600000, 0x0000000704800000, 0x0000000704800000|100%| O|Cm|TAMS 0x0000000704600000| PB 0x0000000704600000| Complete 
|  36|0x0000000704800000, 0x0000000704a00000, 0x0000000704a00000|100%| O|Cm|TAMS 0x0000000704800000| PB 0x0000000704800000| Complete 
|  37|0x0000000704a00000, 0x0000000704c00000, 0x0000000704c00000|100%| O|Cm|TAMS 0x0000000704a00000| PB 0x0000000704a00000| Complete 
|  38|0x0000000704c00000, 0x0000000704e00000, 0x0000000704e00000|100%| O|Cm|TAMS 0x0000000704c00000| PB 0x0000000704c00000| Complete 
|  39|0x0000000704e00000, 0x0000000705000000, 0x0000000705000000|100%| O|Cm|TAMS 0x0000000704e00000| PB 0x0000000704e00000| Complete 
|  40|0x0000000705000000, 0x0000000705200000, 0x0000000705200000|100%| O|  |TAMS 0x0000000705000000| PB 0x0000000705000000| Untracked 
|  41|0x0000000705200000, 0x0000000705400000, 0x0000000705400000|100%| O|  |TAMS 0x0000000705200000| PB 0x0000000705200000| Untracked 
|  42|0x0000000705400000, 0x0000000705600000, 0x0000000705600000|100%| O|  |TAMS 0x0000000705400000| PB 0x0000000705400000| Untracked 
|  43|0x0000000705600000, 0x0000000705800000, 0x0000000705800000|100%| O|  |TAMS 0x0000000705600000| PB 0x0000000705600000| Untracked 
|  44|0x0000000705800000, 0x0000000705a00000, 0x0000000705a00000|100%| O|  |TAMS 0x0000000705800000| PB 0x0000000705800000| Untracked 
|  45|0x0000000705a00000, 0x0000000705c00000, 0x0000000705c00000|100%| O|Cm|TAMS 0x0000000705a00000| PB 0x0000000705a00000| Complete 
|  46|0x0000000705c00000, 0x0000000705e00000, 0x0000000705e00000|100%| O|Cm|TAMS 0x0000000705c00000| PB 0x0000000705c00000| Complete 
|  47|0x0000000705e00000, 0x0000000706000000, 0x0000000706000000|100%| O|Cm|TAMS 0x0000000705e00000| PB 0x0000000705e00000| Complete 
|  48|0x0000000706000000, 0x0000000706200000, 0x0000000706200000|100%| O|Cm|TAMS 0x0000000706000000| PB 0x0000000706000000| Complete 
|  49|0x0000000706200000, 0x0000000706400000, 0x0000000706400000|100%| O|  |TAMS 0x0000000706200000| PB 0x0000000706200000| Untracked 
|  50|0x0000000706400000, 0x0000000706600000, 0x0000000706600000|100%| O|Cm|TAMS 0x0000000706400000| PB 0x0000000706400000| Complete 
|  51|0x0000000706600000, 0x0000000706800000, 0x0000000706800000|100%| O|  |TAMS 0x0000000706600000| PB 0x0000000706600000| Untracked 
|  52|0x0000000706800000, 0x0000000706a00000, 0x0000000706a00000|100%| O|  |TAMS 0x0000000706800000| PB 0x0000000706800000| Untracked 
|  53|0x0000000706a00000, 0x0000000706c00000, 0x0000000706c00000|100%| O|  |TAMS 0x0000000706a00000| PB 0x0000000706a00000| Untracked 
|  54|0x0000000706c00000, 0x0000000706e00000, 0x0000000706e00000|100%| O|Cm|TAMS 0x0000000706c00000| PB 0x0000000706c00000| Complete 
|  55|0x0000000706e00000, 0x0000000707000000, 0x0000000707000000|100%| O|Cm|TAMS 0x0000000706e00000| PB 0x0000000706e00000| Complete 
|  56|0x0000000707000000, 0x0000000707200000, 0x0000000707200000|100%| O|Cm|TAMS 0x0000000707000000| PB 0x0000000707000000| Complete 
|  57|0x0000000707200000, 0x0000000707400000, 0x0000000707400000|100%| O|Cm|TAMS 0x0000000707200000| PB 0x0000000707200000| Complete 
|  58|0x0000000707400000, 0x0000000707600000, 0x0000000707600000|100%| O|Cm|TAMS 0x0000000707400000| PB 0x0000000707400000| Complete 
|  59|0x0000000707600000, 0x0000000707800000, 0x0000000707800000|100%| O|Cm|TAMS 0x0000000707600000| PB 0x0000000707600000| Complete 
|  60|0x0000000707800000, 0x0000000707a00000, 0x0000000707a00000|100%| O|Cm|TAMS 0x0000000707800000| PB 0x0000000707800000| Complete 
|  61|0x0000000707a00000, 0x0000000707c00000, 0x0000000707c00000|100%| O|Cm|TAMS 0x0000000707a00000| PB 0x0000000707a00000| Complete 
|  62|0x0000000707c00000, 0x0000000707e00000, 0x0000000707e00000|100%| O|Cm|TAMS 0x0000000707c00000| PB 0x0000000707c00000| Complete 
|  63|0x0000000707e00000, 0x0000000708000000, 0x0000000708000000|100%| O|  |TAMS 0x0000000707e00000| PB 0x0000000707e00000| Untracked 
|  64|0x0000000708000000, 0x0000000708200000, 0x0000000708200000|100%| O|Cm|TAMS 0x0000000708000000| PB 0x0000000708000000| Complete 
|  65|0x0000000708200000, 0x0000000708400000, 0x0000000708400000|100%| O|  |TAMS 0x0000000708200000| PB 0x0000000708200000| Untracked 
|  66|0x0000000708400000, 0x0000000708600000, 0x0000000708600000|100%| O|  |TAMS 0x0000000708400000| PB 0x0000000708400000| Untracked 
|  67|0x0000000708600000, 0x0000000708800000, 0x0000000708800000|100%| O|  |TAMS 0x0000000708600000| PB 0x0000000708600000| Untracked 
|  68|0x0000000708800000, 0x0000000708a00000, 0x0000000708a00000|100%| O|  |TAMS 0x0000000708800000| PB 0x0000000708800000| Untracked 
|  69|0x0000000708a00000, 0x0000000708c00000, 0x0000000708c00000|100%| O|  |TAMS 0x0000000708a00000| PB 0x0000000708a00000| Untracked 
|  70|0x0000000708c00000, 0x0000000708e00000, 0x0000000708e00000|100%| O|Cm|TAMS 0x0000000708c00000| PB 0x0000000708c00000| Complete 
|  71|0x0000000708e00000, 0x0000000709000000, 0x0000000709000000|100%| O|  |TAMS 0x0000000708e00000| PB 0x0000000708e00000| Untracked 
|  72|0x0000000709000000, 0x0000000709200000, 0x0000000709200000|100%| O|  |TAMS 0x0000000709000000| PB 0x0000000709000000| Untracked 
|  73|0x0000000709200000, 0x0000000709400000, 0x0000000709400000|100%| O|Cm|TAMS 0x0000000709200000| PB 0x0000000709200000| Complete 
|  74|0x0000000709400000, 0x0000000709600000, 0x0000000709600000|100%| O|Cm|TAMS 0x0000000709400000| PB 0x0000000709400000| Complete 
|  75|0x0000000709600000, 0x0000000709800000, 0x0000000709800000|100%| O|Cm|TAMS 0x0000000709600000| PB 0x0000000709600000| Complete 
|  76|0x0000000709800000, 0x0000000709a00000, 0x0000000709a00000|100%| O|  |TAMS 0x0000000709800000| PB 0x0000000709800000| Untracked 
|  77|0x0000000709a00000, 0x0000000709c00000, 0x0000000709c00000|100%| O|Cm|TAMS 0x0000000709a00000| PB 0x0000000709a00000| Complete 
|  78|0x0000000709c00000, 0x0000000709e00000, 0x0000000709e00000|100%| O|  |TAMS 0x0000000709c00000| PB 0x0000000709c00000| Untracked 
|  79|0x0000000709e00000, 0x000000070a000000, 0x000000070a000000|100%| O|  |TAMS 0x0000000709e00000| PB 0x0000000709e00000| Untracked 
|  80|0x000000070a000000, 0x000000070a200000, 0x000000070a200000|100%| O|  |TAMS 0x000000070a000000| PB 0x000000070a000000| Untracked 
|  81|0x000000070a200000, 0x000000070a400000, 0x000000070a400000|100%| O|  |TAMS 0x000000070a200000| PB 0x000000070a200000| Untracked 
|  82|0x000000070a400000, 0x000000070a600000, 0x000000070a600000|100%| O|  |TAMS 0x000000070a400000| PB 0x000000070a400000| Untracked 
|  83|0x000000070a600000, 0x000000070a800000, 0x000000070a800000|100%| O|  |TAMS 0x000000070a600000| PB 0x000000070a600000| Untracked 
|  84|0x000000070a800000, 0x000000070aa00000, 0x000000070aa00000|100%| O|  |TAMS 0x000000070a800000| PB 0x000000070a800000| Untracked 
|  85|0x000000070aa00000, 0x000000070ac00000, 0x000000070ac00000|100%| O|Cm|TAMS 0x000000070aa00000| PB 0x000000070aa00000| Complete 
|  86|0x000000070ac00000, 0x000000070ae00000, 0x000000070ae00000|100%| O|Cm|TAMS 0x000000070ac00000| PB 0x000000070ac00000| Complete 
|  87|0x000000070ae00000, 0x000000070b000000, 0x000000070b000000|100%| O|Cm|TAMS 0x000000070ae00000| PB 0x000000070ae00000| Complete 
|  88|0x000000070b000000, 0x000000070b200000, 0x000000070b200000|100%| O|  |TAMS 0x000000070b000000| PB 0x000000070b000000| Untracked 
|  89|0x000000070b200000, 0x000000070b31f1e8, 0x000000070b400000| 56%| O|  |TAMS 0x000000070b200000| PB 0x000000070b200000| Untracked 
|  90|0x000000070b400000, 0x000000070b400000, 0x000000070b600000|  0%| F|  |TAMS 0x000000070b400000| PB 0x000000070b400000| Untracked 
|  91|0x000000070b600000, 0x000000070b600000, 0x000000070b800000|  0%| F|  |TAMS 0x000000070b600000| PB 0x000000070b600000| Untracked 
|  92|0x000000070b800000, 0x000000070b800000, 0x000000070ba00000|  0%| F|  |TAMS 0x000000070b800000| PB 0x000000070b800000| Untracked 
|  93|0x000000070ba00000, 0x000000070bc00000, 0x000000070bc00000|100%| O|Cm|TAMS 0x000000070ba00000| PB 0x000000070ba00000| Complete 
|  94|0x000000070bc00000, 0x000000070be00000, 0x000000070be00000|100%| O|Cm|TAMS 0x000000070bc00000| PB 0x000000070bc00000| Complete 
|  95|0x000000070be00000, 0x000000070be00000, 0x000000070c000000|  0%| F|  |TAMS 0x000000070be00000| PB 0x000000070be00000| Untracked 
|  96|0x000000070c000000, 0x000000070c000000, 0x000000070c200000|  0%| F|  |TAMS 0x000000070c000000| PB 0x000000070c000000| Untracked 
|  97|0x000000070c200000, 0x000000070c200000, 0x000000070c400000|  0%| F|  |TAMS 0x000000070c200000| PB 0x000000070c200000| Untracked 
|  98|0x000000070c400000, 0x000000070c400000, 0x000000070c600000|  0%| F|  |TAMS 0x000000070c400000| PB 0x000000070c400000| Untracked 
|  99|0x000000070c600000, 0x000000070c600000, 0x000000070c800000|  0%| F|  |TAMS 0x000000070c600000| PB 0x000000070c600000| Untracked 
| 100|0x000000070c800000, 0x000000070c800000, 0x000000070ca00000|  0%| F|  |TAMS 0x000000070c800000| PB 0x000000070c800000| Untracked 
| 101|0x000000070ca00000, 0x000000070ca00000, 0x000000070cc00000|  0%| F|  |TAMS 0x000000070ca00000| PB 0x000000070ca00000| Untracked 
| 102|0x000000070cc00000, 0x000000070ce00000, 0x000000070ce00000|100%| O|Cm|TAMS 0x000000070cc00000| PB 0x000000070cc00000| Complete 
| 103|0x000000070ce00000, 0x000000070ce00000, 0x000000070d000000|  0%| F|  |TAMS 0x000000070ce00000| PB 0x000000070ce00000| Untracked 
| 104|0x000000070d000000, 0x000000070d000000, 0x000000070d200000|  0%| F|  |TAMS 0x000000070d000000| PB 0x000000070d000000| Untracked 
| 105|0x000000070d200000, 0x000000070d200000, 0x000000070d400000|  0%| F|  |TAMS 0x000000070d200000| PB 0x000000070d200000| Untracked 
| 106|0x000000070d400000, 0x000000070d400000, 0x000000070d600000|  0%| F|  |TAMS 0x000000070d400000| PB 0x000000070d400000| Untracked 
| 107|0x000000070d600000, 0x000000070d800000, 0x000000070d800000|100%| O|Cm|TAMS 0x000000070d600000| PB 0x000000070d600000| Complete 
| 108|0x000000070d800000, 0x000000070da00000, 0x000000070da00000|100%| O|Cm|TAMS 0x000000070d800000| PB 0x000000070d800000| Complete 
| 109|0x000000070da00000, 0x000000070dc00000, 0x000000070dc00000|100%| O|Cm|TAMS 0x000000070da00000| PB 0x000000070da00000| Complete 
| 110|0x000000070dc00000, 0x000000070de00000, 0x000000070de00000|100%| O|Cm|TAMS 0x000000070dc00000| PB 0x000000070dc00000| Complete 
| 111|0x000000070de00000, 0x000000070e000000, 0x000000070e000000|100%| O|Cm|TAMS 0x000000070de00000| PB 0x000000070de00000| Complete 
| 112|0x000000070e000000, 0x000000070e200000, 0x000000070e200000|100%| O|Cm|TAMS 0x000000070e000000| PB 0x000000070e000000| Complete 
| 113|0x000000070e200000, 0x000000070e200000, 0x000000070e400000|  0%| F|  |TAMS 0x000000070e200000| PB 0x000000070e200000| Untracked 
| 114|0x000000070e400000, 0x000000070e400000, 0x000000070e600000|  0%| F|  |TAMS 0x000000070e400000| PB 0x000000070e400000| Untracked 
| 115|0x000000070e600000, 0x000000070e600000, 0x000000070e800000|  0%| F|  |TAMS 0x000000070e600000| PB 0x000000070e600000| Untracked 
| 116|0x000000070e800000, 0x000000070e800000, 0x000000070ea00000|  0%| F|  |TAMS 0x000000070e800000| PB 0x000000070e800000| Untracked 
| 117|0x000000070ea00000, 0x000000070ea00000, 0x000000070ec00000|  0%| F|  |TAMS 0x000000070ea00000| PB 0x000000070ea00000| Untracked 
| 118|0x000000070ec00000, 0x000000070ec00000, 0x000000070ee00000|  0%| F|  |TAMS 0x000000070ec00000| PB 0x000000070ec00000| Untracked 
| 119|0x000000070ee00000, 0x000000070ee00000, 0x000000070f000000|  0%| F|  |TAMS 0x000000070ee00000| PB 0x000000070ee00000| Untracked 
| 120|0x000000070f000000, 0x000000070f200000, 0x000000070f200000|100%| O|Cm|TAMS 0x000000070f000000| PB 0x000000070f000000| Complete 
| 121|0x000000070f200000, 0x000000070f200000, 0x000000070f400000|  0%| F|  |TAMS 0x000000070f200000| PB 0x000000070f200000| Untracked 
| 122|0x000000070f400000, 0x000000070f400000, 0x000000070f600000|  0%| F|  |TAMS 0x000000070f400000| PB 0x000000070f400000| Untracked 
| 123|0x000000070f600000, 0x000000070f800000, 0x000000070f800000|100%| O|Cm|TAMS 0x000000070f600000| PB 0x000000070f600000| Complete 
| 124|0x000000070f800000, 0x000000070f800000, 0x000000070fa00000|  0%| F|  |TAMS 0x000000070f800000| PB 0x000000070f800000| Untracked 
| 125|0x000000070fa00000, 0x000000070fc00000, 0x000000070fc00000|100%| O|Cm|TAMS 0x000000070fa00000| PB 0x000000070fa00000| Complete 
| 126|0x000000070fc00000, 0x000000070fc00000, 0x000000070fe00000|  0%| F|  |TAMS 0x000000070fc00000| PB 0x000000070fc00000| Untracked 
| 127|0x000000070fe00000, 0x000000070fe00000, 0x0000000710000000|  0%| F|  |TAMS 0x000000070fe00000| PB 0x000000070fe00000| Untracked 
| 128|0x0000000710000000, 0x0000000710000000, 0x0000000710200000|  0%| F|  |TAMS 0x0000000710000000| PB 0x0000000710000000| Untracked 
| 129|0x0000000710200000, 0x0000000710200000, 0x0000000710400000|  0%| F|  |TAMS 0x0000000710200000| PB 0x0000000710200000| Untracked 
| 130|0x0000000710400000, 0x0000000710400000, 0x0000000710600000|  0%| F|  |TAMS 0x0000000710400000| PB 0x0000000710400000| Untracked 
| 131|0x0000000710600000, 0x0000000710600000, 0x0000000710800000|  0%| F|  |TAMS 0x0000000710600000| PB 0x0000000710600000| Untracked 
| 132|0x0000000710800000, 0x0000000710800000, 0x0000000710a00000|  0%| F|  |TAMS 0x0000000710800000| PB 0x0000000710800000| Untracked 
| 133|0x0000000710a00000, 0x0000000710c00000, 0x0000000710c00000|100%| O|Cm|TAMS 0x0000000710a00000| PB 0x0000000710a00000| Complete 
| 134|0x0000000710c00000, 0x0000000710e00000, 0x0000000710e00000|100%| O|Cm|TAMS 0x0000000710c00000| PB 0x0000000710c00000| Complete 
| 135|0x0000000710e00000, 0x0000000711000000, 0x0000000711000000|100%| O|Cm|TAMS 0x0000000710e00000| PB 0x0000000710e00000| Complete 
| 136|0x0000000711000000, 0x0000000711200000, 0x0000000711200000|100%| O|Cm|TAMS 0x0000000711000000| PB 0x0000000711000000| Complete 
| 137|0x0000000711200000, 0x0000000711400000, 0x0000000711400000|100%| O|Cm|TAMS 0x0000000711200000| PB 0x0000000711200000| Complete 
| 138|0x0000000711400000, 0x0000000711400000, 0x0000000711600000|  0%| F|  |TAMS 0x0000000711400000| PB 0x0000000711400000| Untracked 
| 139|0x0000000711600000, 0x0000000711600000, 0x0000000711800000|  0%| F|  |TAMS 0x0000000711600000| PB 0x0000000711600000| Untracked 
| 140|0x0000000711800000, 0x0000000711800000, 0x0000000711a00000|  0%| F|  |TAMS 0x0000000711800000| PB 0x0000000711800000| Untracked 
| 141|0x0000000711a00000, 0x0000000711c00000, 0x0000000711c00000|100%| O|Cm|TAMS 0x0000000711a00000| PB 0x0000000711a00000| Complete 
| 142|0x0000000711c00000, 0x0000000711c00000, 0x0000000711e00000|  0%| F|  |TAMS 0x0000000711c00000| PB 0x0000000711c00000| Untracked 
| 143|0x0000000711e00000, 0x0000000711e00000, 0x0000000712000000|  0%| F|  |TAMS 0x0000000711e00000| PB 0x0000000711e00000| Untracked 
| 144|0x0000000712000000, 0x0000000712000000, 0x0000000712200000|  0%| F|  |TAMS 0x0000000712000000| PB 0x0000000712000000| Untracked 
| 145|0x0000000712200000, 0x0000000712200000, 0x0000000712400000|  0%| F|  |TAMS 0x0000000712200000| PB 0x0000000712200000| Untracked 
| 146|0x0000000712400000, 0x0000000712400000, 0x0000000712600000|  0%| F|  |TAMS 0x0000000712400000| PB 0x0000000712400000| Untracked 
| 147|0x0000000712600000, 0x0000000712600000, 0x0000000712800000|  0%| F|  |TAMS 0x0000000712600000| PB 0x0000000712600000| Untracked 
| 148|0x0000000712800000, 0x0000000712800000, 0x0000000712a00000|  0%| F|  |TAMS 0x0000000712800000| PB 0x0000000712800000| Untracked 
| 149|0x0000000712a00000, 0x0000000712a00000, 0x0000000712c00000|  0%| F|  |TAMS 0x0000000712a00000| PB 0x0000000712a00000| Untracked 
| 150|0x0000000712c00000, 0x0000000712c00000, 0x0000000712e00000|  0%| F|  |TAMS 0x0000000712c00000| PB 0x0000000712c00000| Untracked 
| 151|0x0000000712e00000, 0x0000000712e00000, 0x0000000713000000|  0%| F|  |TAMS 0x0000000712e00000| PB 0x0000000712e00000| Untracked 
| 152|0x0000000713000000, 0x0000000713000000, 0x0000000713200000|  0%| F|  |TAMS 0x0000000713000000| PB 0x0000000713000000| Untracked 
| 153|0x0000000713200000, 0x0000000713200000, 0x0000000713400000|  0%| F|  |TAMS 0x0000000713200000| PB 0x0000000713200000| Untracked 
| 154|0x0000000713400000, 0x0000000713400000, 0x0000000713600000|  0%| F|  |TAMS 0x0000000713400000| PB 0x0000000713400000| Untracked 
| 155|0x0000000713600000, 0x0000000713600000, 0x0000000713800000|  0%| F|  |TAMS 0x0000000713600000| PB 0x0000000713600000| Untracked 
| 156|0x0000000713800000, 0x0000000713800000, 0x0000000713a00000|  0%| F|  |TAMS 0x0000000713800000| PB 0x0000000713800000| Untracked 
| 157|0x0000000713a00000, 0x0000000713a00000, 0x0000000713c00000|  0%| F|  |TAMS 0x0000000713a00000| PB 0x0000000713a00000| Untracked 
| 158|0x0000000713c00000, 0x0000000713c00000, 0x0000000713e00000|  0%| F|  |TAMS 0x0000000713c00000| PB 0x0000000713c00000| Untracked 
| 159|0x0000000713e00000, 0x0000000713e00000, 0x0000000714000000|  0%| F|  |TAMS 0x0000000713e00000| PB 0x0000000713e00000| Untracked 
| 160|0x0000000714000000, 0x0000000714000000, 0x0000000714200000|  0%| F|  |TAMS 0x0000000714000000| PB 0x0000000714000000| Untracked 
| 161|0x0000000714200000, 0x0000000714200000, 0x0000000714400000|  0%| F|  |TAMS 0x0000000714200000| PB 0x0000000714200000| Untracked 
| 162|0x0000000714400000, 0x0000000714400000, 0x0000000714600000|  0%| F|  |TAMS 0x0000000714400000| PB 0x0000000714400000| Untracked 
| 163|0x0000000714600000, 0x0000000714600000, 0x0000000714800000|  0%| F|  |TAMS 0x0000000714600000| PB 0x0000000714600000| Untracked 
| 164|0x0000000714800000, 0x0000000714800000, 0x0000000714a00000|  0%| F|  |TAMS 0x0000000714800000| PB 0x0000000714800000| Untracked 
| 165|0x0000000714a00000, 0x0000000714a00000, 0x0000000714c00000|  0%| F|  |TAMS 0x0000000714a00000| PB 0x0000000714a00000| Untracked 
| 166|0x0000000714c00000, 0x0000000714c00000, 0x0000000714e00000|  0%| F|  |TAMS 0x0000000714c00000| PB 0x0000000714c00000| Untracked 
| 167|0x0000000714e00000, 0x0000000714e00000, 0x0000000715000000|  0%| F|  |TAMS 0x0000000714e00000| PB 0x0000000714e00000| Untracked 
| 168|0x0000000715000000, 0x0000000715000000, 0x0000000715200000|  0%| F|  |TAMS 0x0000000715000000| PB 0x0000000715000000| Untracked 
| 169|0x0000000715200000, 0x0000000715200000, 0x0000000715400000|  0%| F|  |TAMS 0x0000000715200000| PB 0x0000000715200000| Untracked 
| 170|0x0000000715400000, 0x0000000715400000, 0x0000000715600000|  0%| F|  |TAMS 0x0000000715400000| PB 0x0000000715400000| Untracked 
| 171|0x0000000715600000, 0x0000000715600000, 0x0000000715800000|  0%| F|  |TAMS 0x0000000715600000| PB 0x0000000715600000| Untracked 
| 172|0x0000000715800000, 0x0000000715800000, 0x0000000715a00000|  0%| F|  |TAMS 0x0000000715800000| PB 0x0000000715800000| Untracked 
| 173|0x0000000715a00000, 0x0000000715a00000, 0x0000000715c00000|  0%| F|  |TAMS 0x0000000715a00000| PB 0x0000000715a00000| Untracked 
| 174|0x0000000715c00000, 0x0000000715c00000, 0x0000000715e00000|  0%| F|  |TAMS 0x0000000715c00000| PB 0x0000000715c00000| Untracked 
| 175|0x0000000715e00000, 0x0000000715e00000, 0x0000000716000000|  0%| F|  |TAMS 0x0000000715e00000| PB 0x0000000715e00000| Untracked 
| 176|0x0000000716000000, 0x0000000716000000, 0x0000000716200000|  0%| F|  |TAMS 0x0000000716000000| PB 0x0000000716000000| Untracked 
| 177|0x0000000716200000, 0x0000000716200000, 0x0000000716400000|  0%| F|  |TAMS 0x0000000716200000| PB 0x0000000716200000| Untracked 
| 178|0x0000000716400000, 0x0000000716400000, 0x0000000716600000|  0%| F|  |TAMS 0x0000000716400000| PB 0x0000000716400000| Untracked 
| 179|0x0000000716600000, 0x0000000716600000, 0x0000000716800000|  0%| F|  |TAMS 0x0000000716600000| PB 0x0000000716600000| Untracked 
| 180|0x0000000716800000, 0x0000000716800000, 0x0000000716a00000|  0%| F|  |TAMS 0x0000000716800000| PB 0x0000000716800000| Untracked 
| 181|0x0000000716a00000, 0x0000000716a00000, 0x0000000716c00000|  0%| F|  |TAMS 0x0000000716a00000| PB 0x0000000716a00000| Untracked 
| 182|0x0000000716c00000, 0x0000000716c00000, 0x0000000716e00000|  0%| F|  |TAMS 0x0000000716c00000| PB 0x0000000716c00000| Untracked 
| 183|0x0000000716e00000, 0x0000000716e00000, 0x0000000717000000|  0%| F|  |TAMS 0x0000000716e00000| PB 0x0000000716e00000| Untracked 
| 184|0x0000000717000000, 0x0000000717000000, 0x0000000717200000|  0%| F|  |TAMS 0x0000000717000000| PB 0x0000000717000000| Untracked 
| 185|0x0000000717200000, 0x0000000717200000, 0x0000000717400000|  0%| F|  |TAMS 0x0000000717200000| PB 0x0000000717200000| Untracked 
| 186|0x0000000717400000, 0x0000000717400000, 0x0000000717600000|  0%| F|  |TAMS 0x0000000717400000| PB 0x0000000717400000| Untracked 
| 187|0x0000000717600000, 0x0000000717600000, 0x0000000717800000|  0%| F|  |TAMS 0x0000000717600000| PB 0x0000000717600000| Untracked 
| 188|0x0000000717800000, 0x0000000717800000, 0x0000000717a00000|  0%| F|  |TAMS 0x0000000717800000| PB 0x0000000717800000| Untracked 
| 189|0x0000000717a00000, 0x0000000717a00000, 0x0000000717c00000|  0%| F|  |TAMS 0x0000000717a00000| PB 0x0000000717a00000| Untracked 
| 190|0x0000000717c00000, 0x0000000717c00000, 0x0000000717e00000|  0%| F|  |TAMS 0x0000000717c00000| PB 0x0000000717c00000| Untracked 
| 191|0x0000000717e00000, 0x0000000717e00000, 0x0000000718000000|  0%| F|  |TAMS 0x0000000717e00000| PB 0x0000000717e00000| Untracked 
| 192|0x0000000718000000, 0x0000000718000000, 0x0000000718200000|  0%| F|  |TAMS 0x0000000718000000| PB 0x0000000718000000| Untracked 
| 193|0x0000000718200000, 0x0000000718200000, 0x0000000718400000|  0%| F|  |TAMS 0x0000000718200000| PB 0x0000000718200000| Untracked 
| 194|0x0000000718400000, 0x0000000718400000, 0x0000000718600000|  0%| F|  |TAMS 0x0000000718400000| PB 0x0000000718400000| Untracked 
| 195|0x0000000718600000, 0x0000000718600000, 0x0000000718800000|  0%| F|  |TAMS 0x0000000718600000| PB 0x0000000718600000| Untracked 
| 196|0x0000000718800000, 0x0000000718800000, 0x0000000718a00000|  0%| F|  |TAMS 0x0000000718800000| PB 0x0000000718800000| Untracked 
| 197|0x0000000718a00000, 0x0000000718a00000, 0x0000000718c00000|  0%| F|  |TAMS 0x0000000718a00000| PB 0x0000000718a00000| Untracked 
| 198|0x0000000718c00000, 0x0000000718c00000, 0x0000000718e00000|  0%| F|  |TAMS 0x0000000718c00000| PB 0x0000000718c00000| Untracked 
| 199|0x0000000718e00000, 0x0000000718e00000, 0x0000000719000000|  0%| F|  |TAMS 0x0000000718e00000| PB 0x0000000718e00000| Untracked 
| 200|0x0000000719000000, 0x0000000719000000, 0x0000000719200000|  0%| F|  |TAMS 0x0000000719000000| PB 0x0000000719000000| Untracked 
| 201|0x0000000719200000, 0x0000000719200000, 0x0000000719400000|  0%| F|  |TAMS 0x0000000719200000| PB 0x0000000719200000| Untracked 
| 202|0x0000000719400000, 0x0000000719400000, 0x0000000719600000|  0%| F|  |TAMS 0x0000000719400000| PB 0x0000000719400000| Untracked 
| 203|0x0000000719600000, 0x0000000719600000, 0x0000000719800000|  0%| F|  |TAMS 0x0000000719600000| PB 0x0000000719600000| Untracked 
| 204|0x0000000719800000, 0x0000000719800000, 0x0000000719a00000|  0%| F|  |TAMS 0x0000000719800000| PB 0x0000000719800000| Untracked 
| 205|0x0000000719a00000, 0x0000000719a00000, 0x0000000719c00000|  0%| F|  |TAMS 0x0000000719a00000| PB 0x0000000719a00000| Untracked 
| 206|0x0000000719c00000, 0x0000000719c00000, 0x0000000719e00000|  0%| F|  |TAMS 0x0000000719c00000| PB 0x0000000719c00000| Untracked 
| 207|0x0000000719e00000, 0x0000000719e00000, 0x000000071a000000|  0%| F|  |TAMS 0x0000000719e00000| PB 0x0000000719e00000| Untracked 
| 208|0x000000071a000000, 0x000000071a000000, 0x000000071a200000|  0%| F|  |TAMS 0x000000071a000000| PB 0x000000071a000000| Untracked 
| 209|0x000000071a200000, 0x000000071a200000, 0x000000071a400000|  0%| F|  |TAMS 0x000000071a200000| PB 0x000000071a200000| Untracked 
| 210|0x000000071a400000, 0x000000071a400000, 0x000000071a600000|  0%| F|  |TAMS 0x000000071a400000| PB 0x000000071a400000| Untracked 
| 211|0x000000071a600000, 0x000000071a600000, 0x000000071a800000|  0%| F|  |TAMS 0x000000071a600000| PB 0x000000071a600000| Untracked 
| 212|0x000000071a800000, 0x000000071a800000, 0x000000071aa00000|  0%| F|  |TAMS 0x000000071a800000| PB 0x000000071a800000| Untracked 
| 213|0x000000071aa00000, 0x000000071aa00000, 0x000000071ac00000|  0%| F|  |TAMS 0x000000071aa00000| PB 0x000000071aa00000| Untracked 
| 214|0x000000071ac00000, 0x000000071ac00000, 0x000000071ae00000|  0%| F|  |TAMS 0x000000071ac00000| PB 0x000000071ac00000| Untracked 
| 215|0x000000071ae00000, 0x000000071ae00000, 0x000000071b000000|  0%| F|  |TAMS 0x000000071ae00000| PB 0x000000071ae00000| Untracked 
| 216|0x000000071b000000, 0x000000071b000000, 0x000000071b200000|  0%| F|  |TAMS 0x000000071b000000| PB 0x000000071b000000| Untracked 
| 217|0x000000071b200000, 0x000000071b200000, 0x000000071b400000|  0%| F|  |TAMS 0x000000071b200000| PB 0x000000071b200000| Untracked 
| 218|0x000000071b400000, 0x000000071b400000, 0x000000071b600000|  0%| F|  |TAMS 0x000000071b400000| PB 0x000000071b400000| Untracked 
| 219|0x000000071b600000, 0x000000071b600000, 0x000000071b800000|  0%| F|  |TAMS 0x000000071b600000| PB 0x000000071b600000| Untracked 
| 220|0x000000071b800000, 0x000000071b800000, 0x000000071ba00000|  0%| F|  |TAMS 0x000000071b800000| PB 0x000000071b800000| Untracked 
| 221|0x000000071ba00000, 0x000000071ba00000, 0x000000071bc00000|  0%| F|  |TAMS 0x000000071ba00000| PB 0x000000071ba00000| Untracked 
| 222|0x000000071bc00000, 0x000000071bc00000, 0x000000071be00000|  0%| F|  |TAMS 0x000000071bc00000| PB 0x000000071bc00000| Untracked 
| 223|0x000000071be00000, 0x000000071be00000, 0x000000071c000000|  0%| F|  |TAMS 0x000000071be00000| PB 0x000000071be00000| Untracked 
| 224|0x000000071c000000, 0x000000071c000000, 0x000000071c200000|  0%| F|  |TAMS 0x000000071c000000| PB 0x000000071c000000| Untracked 
| 225|0x000000071c200000, 0x000000071c200000, 0x000000071c400000|  0%| F|  |TAMS 0x000000071c200000| PB 0x000000071c200000| Untracked 
| 226|0x000000071c400000, 0x000000071c400000, 0x000000071c600000|  0%| F|  |TAMS 0x000000071c400000| PB 0x000000071c400000| Untracked 
| 227|0x000000071c600000, 0x000000071c600000, 0x000000071c800000|  0%| F|  |TAMS 0x000000071c600000| PB 0x000000071c600000| Untracked 
| 228|0x000000071c800000, 0x000000071c800000, 0x000000071ca00000|  0%| F|  |TAMS 0x000000071c800000| PB 0x000000071c800000| Untracked 
| 229|0x000000071ca00000, 0x000000071ca00000, 0x000000071cc00000|  0%| F|  |TAMS 0x000000071ca00000| PB 0x000000071ca00000| Untracked 
| 230|0x000000071cc00000, 0x000000071cc00000, 0x000000071ce00000|  0%| F|  |TAMS 0x000000071cc00000| PB 0x000000071cc00000| Untracked 
| 231|0x000000071ce00000, 0x000000071ce00000, 0x000000071d000000|  0%| F|  |TAMS 0x000000071ce00000| PB 0x000000071ce00000| Untracked 
| 232|0x000000071d000000, 0x000000071d000000, 0x000000071d200000|  0%| F|  |TAMS 0x000000071d000000| PB 0x000000071d000000| Untracked 
| 233|0x000000071d200000, 0x000000071d200000, 0x000000071d400000|  0%| F|  |TAMS 0x000000071d200000| PB 0x000000071d200000| Untracked 
| 234|0x000000071d400000, 0x000000071d400000, 0x000000071d600000|  0%| F|  |TAMS 0x000000071d400000| PB 0x000000071d400000| Untracked 
| 235|0x000000071d600000, 0x000000071d600000, 0x000000071d800000|  0%| F|  |TAMS 0x000000071d600000| PB 0x000000071d600000| Untracked 
| 236|0x000000071d800000, 0x000000071d800000, 0x000000071da00000|  0%| F|  |TAMS 0x000000071d800000| PB 0x000000071d800000| Untracked 
| 237|0x000000071da00000, 0x000000071da00000, 0x000000071dc00000|  0%| F|  |TAMS 0x000000071da00000| PB 0x000000071da00000| Untracked 
| 238|0x000000071dc00000, 0x000000071dc00000, 0x000000071de00000|  0%| F|  |TAMS 0x000000071dc00000| PB 0x000000071dc00000| Untracked 
| 239|0x000000071de00000, 0x000000071de00000, 0x000000071e000000|  0%| F|  |TAMS 0x000000071de00000| PB 0x000000071de00000| Untracked 
| 240|0x000000071e000000, 0x000000071e000000, 0x000000071e200000|  0%| F|  |TAMS 0x000000071e000000| PB 0x000000071e000000| Untracked 
| 241|0x000000071e200000, 0x000000071e200000, 0x000000071e400000|  0%| F|  |TAMS 0x000000071e200000| PB 0x000000071e200000| Untracked 
| 242|0x000000071e400000, 0x000000071e400000, 0x000000071e600000|  0%| F|  |TAMS 0x000000071e400000| PB 0x000000071e400000| Untracked 
| 243|0x000000071e600000, 0x000000071e600000, 0x000000071e800000|  0%| F|  |TAMS 0x000000071e600000| PB 0x000000071e600000| Untracked 
| 244|0x000000071e800000, 0x000000071e800000, 0x000000071ea00000|  0%| F|  |TAMS 0x000000071e800000| PB 0x000000071e800000| Untracked 
| 245|0x000000071ea00000, 0x000000071ea00000, 0x000000071ec00000|  0%| F|  |TAMS 0x000000071ea00000| PB 0x000000071ea00000| Untracked 
| 246|0x000000071ec00000, 0x000000071ec00000, 0x000000071ee00000|  0%| F|  |TAMS 0x000000071ec00000| PB 0x000000071ec00000| Untracked 
| 247|0x000000071ee00000, 0x000000071ee00000, 0x000000071f000000|  0%| F|  |TAMS 0x000000071ee00000| PB 0x000000071ee00000| Untracked 
| 248|0x000000071f000000, 0x000000071f000000, 0x000000071f200000|  0%| F|  |TAMS 0x000000071f000000| PB 0x000000071f000000| Untracked 
| 249|0x000000071f200000, 0x000000071f200000, 0x000000071f400000|  0%| F|  |TAMS 0x000000071f200000| PB 0x000000071f200000| Untracked 
| 250|0x000000071f400000, 0x000000071f552c40, 0x000000071f600000| 66%| S|CS|TAMS 0x000000071f400000| PB 0x000000071f400000| Complete 
| 251|0x000000071f600000, 0x000000071f800000, 0x000000071f800000|100%| S|CS|TAMS 0x000000071f600000| PB 0x000000071f600000| Complete 
| 252|0x000000071f800000, 0x000000071fa00000, 0x000000071fa00000|100%| S|CS|TAMS 0x000000071f800000| PB 0x000000071f800000| Complete 
| 253|0x000000071fa00000, 0x000000071fa00000, 0x000000071fc00000|  0%| F|  |TAMS 0x000000071fa00000| PB 0x000000071fa00000| Untracked 
| 254|0x000000071fc00000, 0x000000071fc00000, 0x000000071fe00000|  0%| F|  |TAMS 0x000000071fc00000| PB 0x000000071fc00000| Untracked 
| 255|0x000000071fe00000, 0x000000071fe00000, 0x0000000720000000|  0%| F|  |TAMS 0x000000071fe00000| PB 0x000000071fe00000| Untracked 
| 256|0x0000000720000000, 0x0000000720000000, 0x0000000720200000|  0%| F|  |TAMS 0x0000000720000000| PB 0x0000000720000000| Untracked 
| 257|0x0000000720200000, 0x0000000720200000, 0x0000000720400000|  0%| F|  |TAMS 0x0000000720200000| PB 0x0000000720200000| Untracked 
| 258|0x0000000720400000, 0x0000000720400000, 0x0000000720600000|  0%| F|  |TAMS 0x0000000720400000| PB 0x0000000720400000| Untracked 
| 259|0x0000000720600000, 0x0000000720600000, 0x0000000720800000|  0%| F|  |TAMS 0x0000000720600000| PB 0x0000000720600000| Untracked 
| 260|0x0000000720800000, 0x0000000720800000, 0x0000000720a00000|  0%| F|  |TAMS 0x0000000720800000| PB 0x0000000720800000| Untracked 
| 261|0x0000000720a00000, 0x0000000720a00000, 0x0000000720c00000|  0%| F|  |TAMS 0x0000000720a00000| PB 0x0000000720a00000| Untracked 
| 262|0x0000000720c00000, 0x0000000720c00000, 0x0000000720e00000|  0%| F|  |TAMS 0x0000000720c00000| PB 0x0000000720c00000| Untracked 
| 263|0x0000000720e00000, 0x0000000720e00000, 0x0000000721000000|  0%| F|  |TAMS 0x0000000720e00000| PB 0x0000000720e00000| Untracked 
| 264|0x0000000721000000, 0x0000000721000000, 0x0000000721200000|  0%| F|  |TAMS 0x0000000721000000| PB 0x0000000721000000| Untracked 
| 265|0x0000000721200000, 0x0000000721200000, 0x0000000721400000|  0%| F|  |TAMS 0x0000000721200000| PB 0x0000000721200000| Untracked 
| 266|0x0000000721400000, 0x0000000721400000, 0x0000000721600000|  0%| F|  |TAMS 0x0000000721400000| PB 0x0000000721400000| Untracked 
| 267|0x0000000721600000, 0x0000000721600000, 0x0000000721800000|  0%| F|  |TAMS 0x0000000721600000| PB 0x0000000721600000| Untracked 
| 268|0x0000000721800000, 0x0000000721800000, 0x0000000721a00000|  0%| F|  |TAMS 0x0000000721800000| PB 0x0000000721800000| Untracked 
| 269|0x0000000721a00000, 0x0000000721a00000, 0x0000000721c00000|  0%| F|  |TAMS 0x0000000721a00000| PB 0x0000000721a00000| Untracked 
| 270|0x0000000721c00000, 0x0000000721c00000, 0x0000000721e00000|  0%| F|  |TAMS 0x0000000721c00000| PB 0x0000000721c00000| Untracked 
| 271|0x0000000721e00000, 0x0000000721e00000, 0x0000000722000000|  0%| F|  |TAMS 0x0000000721e00000| PB 0x0000000721e00000| Untracked 
| 272|0x0000000722000000, 0x0000000722000000, 0x0000000722200000|  0%| F|  |TAMS 0x0000000722000000| PB 0x0000000722000000| Untracked 
| 273|0x0000000722200000, 0x0000000722200000, 0x0000000722400000|  0%| F|  |TAMS 0x0000000722200000| PB 0x0000000722200000| Untracked 
| 274|0x0000000722400000, 0x0000000722400000, 0x0000000722600000|  0%| F|  |TAMS 0x0000000722400000| PB 0x0000000722400000| Untracked 
| 275|0x0000000722600000, 0x0000000722600000, 0x0000000722800000|  0%| F|  |TAMS 0x0000000722600000| PB 0x0000000722600000| Untracked 
| 276|0x0000000722800000, 0x0000000722800000, 0x0000000722a00000|  0%| F|  |TAMS 0x0000000722800000| PB 0x0000000722800000| Untracked 
| 277|0x0000000722a00000, 0x0000000722a00000, 0x0000000722c00000|  0%| F|  |TAMS 0x0000000722a00000| PB 0x0000000722a00000| Untracked 
| 278|0x0000000722c00000, 0x0000000722c00000, 0x0000000722e00000|  0%| F|  |TAMS 0x0000000722c00000| PB 0x0000000722c00000| Untracked 
| 279|0x0000000722e00000, 0x0000000722e00000, 0x0000000723000000|  0%| F|  |TAMS 0x0000000722e00000| PB 0x0000000722e00000| Untracked 
| 280|0x0000000723000000, 0x0000000723000000, 0x0000000723200000|  0%| F|  |TAMS 0x0000000723000000| PB 0x0000000723000000| Untracked 
| 281|0x0000000723200000, 0x0000000723200000, 0x0000000723400000|  0%| F|  |TAMS 0x0000000723200000| PB 0x0000000723200000| Untracked 
| 282|0x0000000723400000, 0x0000000723400000, 0x0000000723600000|  0%| F|  |TAMS 0x0000000723400000| PB 0x0000000723400000| Untracked 
| 283|0x0000000723600000, 0x0000000723600000, 0x0000000723800000|  0%| F|  |TAMS 0x0000000723600000| PB 0x0000000723600000| Untracked 
|2037|0x00000007fea00000, 0x00000007fec00000, 0x00000007fec00000|100%| O|  |TAMS 0x00000007fea00000| PB 0x00000007fea00000| Untracked 
|2038|0x00000007fec00000, 0x00000007fee00000, 0x00000007fee00000|100%| O|  |TAMS 0x00000007fec00000| PB 0x00000007fec00000| Untracked 
|2039|0x00000007fee00000, 0x00000007fee00000, 0x00000007ff000000|  0%| F|  |TAMS 0x00000007fee00000| PB 0x00000007fee00000| Untracked 
|2040|0x00000007ff000000, 0x00000007ff000000, 0x00000007ff200000|  0%| F|  |TAMS 0x00000007ff000000| PB 0x00000007ff000000| Untracked 
|2041|0x00000007ff200000, 0x00000007ff200000, 0x00000007ff400000|  0%| F|  |TAMS 0x00000007ff200000| PB 0x00000007ff200000| Untracked 
|2042|0x00000007ff400000, 0x00000007ff400000, 0x00000007ff600000|  0%| F|  |TAMS 0x00000007ff400000| PB 0x00000007ff400000| Untracked 
|2043|0x00000007ff600000, 0x00000007ff600000, 0x00000007ff800000|  0%| F|  |TAMS 0x00000007ff600000| PB 0x00000007ff600000| Untracked 
|2044|0x00000007ff800000, 0x00000007ff800000, 0x00000007ffa00000|  0%| F|  |TAMS 0x00000007ff800000| PB 0x00000007ff800000| Untracked 
|2045|0x00000007ffa00000, 0x00000007ffa00000, 0x00000007ffc00000|  0%| F|  |TAMS 0x00000007ffa00000| PB 0x00000007ffa00000| Untracked 
|2046|0x00000007ffc00000, 0x00000007ffc00000, 0x00000007ffe00000|  0%| F|  |TAMS 0x00000007ffc00000| PB 0x00000007ffc00000| Untracked 
|2047|0x00000007ffe00000, 0x00000007ffe00000, 0x0000000800000000|  0%| F|  |TAMS 0x00000007ffe00000| PB 0x00000007ffe00000| Untracked 

Card table byte_map: [0x00000283eb9c0000,0x00000283ec1c0000] _byte_map_base: 0x00000283e81c0000

Marking Bits: (CMBitMap*) 0x00000283d90201b0
 Bits: [0x00000283ec1c0000, 0x00000283f01c0000)

Polling page: 0x00000283d6c80000

Metaspace:

Usage:
  Non-class:     78.56 MB used.
      Class:      8.58 MB used.
       Both:     87.14 MB used.

Virtual space:
  Non-class space:      128.00 MB reserved,      79.75 MB ( 62%) committed,  2 nodes.
      Class space:        1.00 GB reserved,       9.50 MB ( <1%) committed,  1 nodes.
             Both:        1.12 GB reserved,      89.25 MB (  8%) committed. 

Chunk freelists:
   Non-Class:  570.00 KB
       Class:  6.51 MB
        Both:  7.07 MB

MaxMetaspaceSize: unlimited
CompressedClassSpaceSize: 1.00 GB
Initial GC threshold: 21.00 MB
Current GC threshold: 148.75 MB
CDS: on
 - commit_granule_bytes: 65536.
 - commit_granule_words: 8192.
 - virtual_space_node_default_size: 8388608.
 - enlarge_chunks_in_place: 1.
 - use_allocation_guard: 0.


Internal statistics:

num_allocs_failed_limit: 6.
num_arena_births: 1836.
num_arena_deaths: 394.
num_vsnodes_births: 3.
num_vsnodes_deaths: 0.
num_space_committed: 1428.
num_space_uncommitted: 0.
num_chunks_returned_to_freelist: 453.
num_chunks_taken_from_freelist: 6489.
num_chunk_merges: 125.
num_chunk_splits: 3909.
num_chunks_enlarged: 2149.
num_inconsistent_stats: 0.

CodeHeap 'non-profiled nmethods': size=120064Kb used=21063Kb max_used=22234Kb free=99000Kb
 bounds [0x00000283e3c80000, 0x00000283e5240000, 0x00000283eb1c0000]
CodeHeap 'profiled nmethods': size=120000Kb used=33787Kb max_used=44161Kb free=86213Kb
 bounds [0x00000283dc1c0000, 0x00000283ded30000, 0x00000283e36f0000]
CodeHeap 'non-nmethods': size=5696Kb used=1673Kb max_used=1739Kb free=4022Kb
 bounds [0x00000283e36f0000, 0x00000283e3960000, 0x00000283e3c80000]
CodeCache: size=245760Kb, used=56523Kb, max_used=68134Kb, free=189235Kb
 total_blobs=16049, nmethods=15235, adapters=716, full_count=0
Compilation: enabled, stopped_count=0, restarted_count=0

Compilation events (20 events):
Event: 7140.022 Thread 0x00000283f2316170 26842       4       org.eclipse.jdt.internal.compiler.parser.ScannerHelper::digit (147 bytes)
Event: 7140.025 Thread 0x00000283f2316170 nmethod 26842 0x00000283e51c5a10 code [0x00000283e51c5bc0, 0x00000283e51c5dd8]
Event: 7140.037 Thread 0x00000283f2316170 26843       4       org.eclipse.jdt.internal.core.SourceMapper::convertTypeNamesToSigs (348 bytes)
Event: 7140.090 Thread 0x00000283f2316170 nmethod 26843 0x00000283e4626a90 code [0x00000283e4626d40, 0x00000283e46286b0]
Event: 7140.104 Thread 0x00000283f2383820 26844   !   3       org.eclipse.jdt.internal.core.util.Util::getUnresolvedJavaElement (574 bytes)
Event: 7140.116 Thread 0x00000283f2383820 nmethod 26844 0x00000283dc3f7990 code [0x00000283dc3f8080, 0x00000283dc3fc320]
Event: 7140.121 Thread 0x00000283f2316170 26845       4       org.eclipse.jdt.internal.compiler.lookup.TypeBinding::genericTypeSignature (5 bytes)
Event: 7140.122 Thread 0x00000283f2316170 nmethod 26845 0x00000283e451ac10 code [0x00000283e451ada0, 0x00000283e451ae68]
Event: 7170.521 Thread 0x00000283f2383820 26846       3       org.eclipse.jdt.internal.corext.dom.Selection::endsIn (30 bytes)
Event: 7170.522 Thread 0x00000283f2383820 nmethod 26846 0x00000283dcd97c90 code [0x00000283dcd97e40, 0x00000283dcd98020]
Event: 7170.560 Thread 0x00000283f2316170 26847   !   4       org.eclipse.jdt.internal.corext.refactoring.util.CommentAnalyzer::check (137 bytes)
Event: 7170.569 Thread 0x00000283f2383820 26849       3       org.eclipse.jdt.internal.corext.refactoring.util.AbstractExceptionAnalyzer::addExceptions (41 bytes)
Event: 7170.572 Thread 0x00000283f2383820 nmethod 26849 0x00000283dc77da90 code [0x00000283dc77dc80, 0x00000283dc77e1d8]
Event: 7170.572 Thread 0x00000283f2383820 26850       3       org.eclipse.jdt.internal.corext.refactoring.code.flow.InOutFlowAnalyzer::endVisit (6 bytes)
Event: 7170.573 Thread 0x00000283f2383820 nmethod 26850 0x00000283dc7d9690 code [0x00000283dc7d98a0, 0x00000283dc7da128]
Event: 7170.573 Thread 0x00000283f2383820 26848       3       org.eclipse.jdt.internal.corext.refactoring.code.ExceptionAnalyzer::handleExceptions (22 bytes)
Event: 7170.575 Thread 0x00000283f2383820 nmethod 26848 0x00000283dce2db10 code [0x00000283dce2dce0, 0x00000283dce2e038]
Event: 7170.620 Thread 0x00000283f2316170 nmethod 26847 0x00000283e4235090 code [0x00000283e42353e0, 0x00000283e4236758]
Event: 7170.620 Thread 0x00000283f2316170 26851       4       org.eclipse.jdt.core.dom.AnnotatableType::annotations (16 bytes)
Event: 7170.621 Thread 0x00000283f2316170 nmethod 26851 0x00000283e4234c10 code [0x00000283e4234da0, 0x00000283e4234e50]

GC Heap History (20 events):
Event: 2435.393 GC heap after
{Heap after GC invocations=152 (full 0):
 garbage-first heap   total 604160K, used 227261K [0x0000000700000000, 0x0000000800000000)
  region size 2048K, 3 young (6144K), 3 survivors (6144K)
 Metaspace       used 89079K, committed 90944K, reserved 1179648K
  class space    used 8874K, committed 9728K, reserved 1048576K
}
Event: 2571.887 GC heap before
{Heap before GC invocations=153 (full 0):
 garbage-first heap   total 604160K, used 571325K [0x0000000700000000, 0x0000000800000000)
  region size 2048K, 171 young (350208K), 3 survivors (6144K)
 Metaspace       used 89181K, committed 91136K, reserved 1179648K
  class space    used 8874K, committed 9728K, reserved 1048576K
}
Event: 2571.909 GC heap after
{Heap after GC invocations=154 (full 0):
 garbage-first heap   total 604160K, used 225155K [0x0000000700000000, 0x0000000800000000)
  region size 2048K, 2 young (4096K), 2 survivors (4096K)
 Metaspace       used 89181K, committed 91136K, reserved 1179648K
  class space    used 8874K, committed 9728K, reserved 1048576K
}
Event: 2654.535 GC heap before
{Heap before GC invocations=154 (full 0):
 garbage-first heap   total 604160K, used 569219K [0x0000000700000000, 0x0000000800000000)
  region size 2048K, 171 young (350208K), 2 survivors (4096K)
 Metaspace       used 89304K, committed 91200K, reserved 1179648K
  class space    used 8876K, committed 9728K, reserved 1048576K
}
Event: 2654.619 GC heap after
{Heap after GC invocations=155 (full 0):
 garbage-first heap   total 604160K, used 217708K [0x0000000700000000, 0x0000000800000000)
  region size 2048K, 2 young (4096K), 2 survivors (4096K)
 Metaspace       used 89304K, committed 91200K, reserved 1179648K
  class space    used 8876K, committed 9728K, reserved 1048576K
}
Event: 4651.434 GC heap before
{Heap before GC invocations=155 (full 0):
 garbage-first heap   total 604160K, used 567916K [0x0000000700000000, 0x0000000800000000)
  region size 2048K, 174 young (356352K), 2 survivors (4096K)
 Metaspace       used 89471K, committed 91392K, reserved 1179648K
  class space    used 8880K, committed 9728K, reserved 1048576K
}
Event: 4652.047 GC heap after
{Heap after GC invocations=156 (full 0):
 garbage-first heap   total 604160K, used 225400K [0x0000000700000000, 0x0000000800000000)
  region size 2048K, 6 young (12288K), 6 survivors (12288K)
 Metaspace       used 89471K, committed 91392K, reserved 1179648K
  class space    used 8880K, committed 9728K, reserved 1048576K
}
Event: 4656.471 GC heap before
{Heap before GC invocations=156 (full 0):
 garbage-first heap   total 604160K, used 241784K [0x0000000700000000, 0x0000000800000000)
  region size 2048K, 14 young (28672K), 6 survivors (12288K)
 Metaspace       used 89491K, committed 91392K, reserved 1179648K
  class space    used 8880K, committed 9728K, reserved 1048576K
}
Event: 4657.016 GC heap after
{Heap after GC invocations=157 (full 0):
 garbage-first heap   total 604160K, used 225569K [0x0000000700000000, 0x0000000800000000)
  region size 2048K, 2 young (4096K), 2 survivors (4096K)
 Metaspace       used 89491K, committed 91392K, reserved 1179648K
  class space    used 8880K, committed 9728K, reserved 1048576K
}
Event: 4671.058 GC heap before
{Heap before GC invocations=157 (full 0):
 garbage-first heap   total 604160K, used 248097K [0x0000000700000000, 0x0000000800000000)
  region size 2048K, 14 young (28672K), 2 survivors (4096K)
 Metaspace       used 89139K, committed 91392K, reserved 1179648K
  class space    used 8784K, committed 9728K, reserved 1048576K
}
Event: 4671.105 GC heap after
{Heap after GC invocations=158 (full 0):
 garbage-first heap   total 604160K, used 226984K [0x0000000700000000, 0x0000000800000000)
  region size 2048K, 2 young (4096K), 2 survivors (4096K)
 Metaspace       used 89139K, committed 91392K, reserved 1179648K
  class space    used 8784K, committed 9728K, reserved 1048576K
}
Event: 4672.356 GC heap before
{Heap before GC invocations=158 (full 0):
 garbage-first heap   total 604160K, used 249512K [0x0000000700000000, 0x0000000800000000)
  region size 2048K, 14 young (28672K), 2 survivors (4096K)
 Metaspace       used 89141K, committed 91392K, reserved 1179648K
  class space    used 8784K, committed 9728K, reserved 1048576K
}
Event: 4672.467 GC heap after
{Heap after GC invocations=159 (full 0):
 garbage-first heap   total 604160K, used 231010K [0x0000000700000000, 0x0000000800000000)
  region size 2048K, 2 young (4096K), 2 survivors (4096K)
 Metaspace       used 89141K, committed 91392K, reserved 1179648K
  class space    used 8784K, committed 9728K, reserved 1048576K
}
Event: 4673.671 GC heap before
{Heap before GC invocations=159 (full 0):
 garbage-first heap   total 604160K, used 253538K [0x0000000700000000, 0x0000000800000000)
  region size 2048K, 14 young (28672K), 2 survivors (4096K)
 Metaspace       used 89143K, committed 91392K, reserved 1179648K
  class space    used 8784K, committed 9728K, reserved 1048576K
}
Event: 4673.755 GC heap after
{Heap after GC invocations=160 (full 0):
 garbage-first heap   total 604160K, used 235520K [0x0000000700000000, 0x0000000800000000)
  region size 2048K, 2 young (4096K), 2 survivors (4096K)
 Metaspace       used 89143K, committed 91392K, reserved 1179648K
  class space    used 8784K, committed 9728K, reserved 1048576K
}
Event: 4675.650 GC heap before
{Heap before GC invocations=160 (full 0):
 garbage-first heap   total 604160K, used 260096K [0x0000000700000000, 0x0000000800000000)
  region size 2048K, 14 young (28672K), 2 survivors (4096K)
 Metaspace       used 89159K, committed 91392K, reserved 1179648K
  class space    used 8784K, committed 9728K, reserved 1048576K
}
Event: 4675.709 GC heap after
{Heap after GC invocations=161 (full 0):
 garbage-first heap   total 604160K, used 239571K [0x0000000700000000, 0x0000000800000000)
  region size 2048K, 2 young (4096K), 2 survivors (4096K)
 Metaspace       used 89159K, committed 91392K, reserved 1179648K
  class space    used 8784K, committed 9728K, reserved 1048576K
}
Event: 4678.780 GC heap before
{Heap before GC invocations=162 (full 0):
 garbage-first heap   total 604160K, used 262099K [0x0000000700000000, 0x0000000800000000)
  region size 2048K, 14 young (28672K), 2 survivors (4096K)
 Metaspace       used 89168K, committed 91392K, reserved 1179648K
  class space    used 8784K, committed 9728K, reserved 1048576K
}
Event: 4678.856 GC heap after
{Heap after GC invocations=163 (full 0):
 garbage-first heap   total 604160K, used 241961K [0x0000000700000000, 0x0000000800000000)
  region size 2048K, 1 young (2048K), 1 survivors (2048K)
 Metaspace       used 89168K, committed 91392K, reserved 1179648K
  class space    used 8784K, committed 9728K, reserved 1048576K
}
Event: 7171.018 GC heap before
{Heap before GC invocations=163 (full 0):
 garbage-first heap   total 604160K, used 323881K [0x0000000700000000, 0x0000000800000000)
  region size 2048K, 40 young (81920K), 1 survivors (2048K)
 Metaspace       used 89230K, committed 91392K, reserved 1179648K
  class space    used 8788K, committed 9728K, reserved 1048576K
}

Dll operation events (20 events):
Event: 0.687 Attempting to load shared library C:\Users\58769084\.vscode\extensions\redhat.java-1.56.0-win32-x64\jre\21.0.12.1-win32-x86_64\bin\instrument.dll
Event: 0.687 Loaded shared library C:\Users\58769084\.vscode\extensions\redhat.java-1.56.0-win32-x64\jre\21.0.12.1-win32-x86_64\bin\instrument.dll
Event: 0.698 Attempting to load shared library C:\Users\58769084\.vscode\extensions\redhat.java-1.56.0-win32-x64\jre\21.0.12.1-win32-x86_64\bin\net.dll
Event: 0.699 Loaded shared library C:\Users\58769084\.vscode\extensions\redhat.java-1.56.0-win32-x64\jre\21.0.12.1-win32-x86_64\bin\net.dll
Event: 0.701 Attempting to load shared library C:\Users\58769084\.vscode\extensions\redhat.java-1.56.0-win32-x64\jre\21.0.12.1-win32-x86_64\bin\nio.dll
Event: 0.702 Loaded shared library C:\Users\58769084\.vscode\extensions\redhat.java-1.56.0-win32-x64\jre\21.0.12.1-win32-x86_64\bin\nio.dll
Event: 0.707 Attempting to load shared library C:\Users\58769084\.vscode\extensions\redhat.java-1.56.0-win32-x64\jre\21.0.12.1-win32-x86_64\bin\zip.dll
Event: 0.707 Loaded shared library C:\Users\58769084\.vscode\extensions\redhat.java-1.56.0-win32-x64\jre\21.0.12.1-win32-x86_64\bin\zip.dll
Event: 0.854 Attempting to load shared library C:\Users\58769084\.vscode\extensions\redhat.java-1.56.0-win32-x64\jre\21.0.12.1-win32-x86_64\bin\jimage.dll
Event: 0.854 Loaded shared library C:\Users\58769084\.vscode\extensions\redhat.java-1.56.0-win32-x64\jre\21.0.12.1-win32-x86_64\bin\jimage.dll
Event: 1.812 Attempting to load shared library c:\Users\58769084\.vscode\extensions\redhat.java-1.56.0-win32-x64\jre\21.0.12.1-win32-x86_64\bin\verify.dll
Event: 1.813 Loaded shared library c:\Users\58769084\.vscode\extensions\redhat.java-1.56.0-win32-x64\jre\21.0.12.1-win32-x86_64\bin\verify.dll
Event: 13.167 Attempting to load shared library C:\Users\58769084\AppData\Roaming\Code\User\globalStorage\redhat.java\1.56.0\config_win\org.eclipse.equinox.launcher\org.eclipse.equinox.launcher.win32.win32.x86_64_1.3.100.v20260804-1928\eclipse_11924.dll
Event: 13.168 Loaded shared library C:\Users\58769084\AppData\Roaming\Code\User\globalStorage\redhat.java\1.56.0\config_win\org.eclipse.equinox.launcher\org.eclipse.equinox.launcher.win32.win32.x86_64_1.3.100.v20260804-1928\eclipse_11924.dll
Event: 42.047 Attempting to load shared library C:\Users\58769084\.vscode\extensions\redhat.java-1.56.0-win32-x64\jre\21.0.12.1-win32-x86_64\bin\management.dll
Event: 42.058 Loaded shared library C:\Users\58769084\.vscode\extensions\redhat.java-1.56.0-win32-x64\jre\21.0.12.1-win32-x86_64\bin\management.dll
Event: 42.082 Attempting to load shared library C:\Users\58769084\.vscode\extensions\redhat.java-1.56.0-win32-x64\jre\21.0.12.1-win32-x86_64\bin\management_ext.dll
Event: 42.086 Loaded shared library C:\Users\58769084\.vscode\extensions\redhat.java-1.56.0-win32-x64\jre\21.0.12.1-win32-x86_64\bin\management_ext.dll
Event: 43.836 Attempting to load shared library C:\Users\58769084\AppData\Local\Temp\jna-1961452565\jna13884931229859249635.dll
Event: 44.426 Loaded shared library C:\Users\58769084\AppData\Local\Temp\jna-1961452565\jna13884931229859249635.dll

Deoptimization events (20 events):
Event: 7140.109 Thread 0x00000283f2bd1fe0 DEOPT PACKING pc=0x00000283e4f899ec sp=0x000000e16dcfe3b0
Event: 7140.109 Thread 0x00000283f2bd1fe0 DEOPT UNPACKING pc=0x00000283e374439c sp=0x000000e16dcfe330 mode 2
Event: 7140.109 Thread 0x00000283f2bd1fe0 Uncommon trap: trap_request=0xffffffc6 fr.pc=0x00000283e3dfe2c0 relative=0x0000000000000d80
Event: 7140.109 Thread 0x00000283f2bd1fe0 Uncommon trap: reason=bimorphic_or_optimized_type_check action=maybe_recompile pc=0x00000283e3dfe2c0 method=org.eclipse.jdt.internal.compiler.lookup.ReferenceBinding.computeUniqueKey(Z)[C @ 10 c2
Event: 7140.109 Thread 0x00000283f2bd1fe0 DEOPT PACKING pc=0x00000283e3dfe2c0 sp=0x000000e16dcfe2c0
Event: 7140.109 Thread 0x00000283f2bd1fe0 DEOPT UNPACKING pc=0x00000283e374439c sp=0x000000e16dcfe200 mode 2
Event: 7140.110 Thread 0x00000283f2bd1fe0 Uncommon trap: trap_request=0xffffffc6 fr.pc=0x00000283e40acbd4 relative=0x00000000000026b4
Event: 7140.110 Thread 0x00000283f2bd1fe0 Uncommon trap: reason=bimorphic_or_optimized_type_check action=maybe_recompile pc=0x00000283e40acbd4 method=org.eclipse.jdt.internal.core.util.Util.getUnresolvedJavaElement(Lorg/eclipse/jdt/internal/compiler/lookup/MethodBinding;Lorg/eclipse/jdt/core/Work
Event: 7140.110 Thread 0x00000283f2bd1fe0 DEOPT PACKING pc=0x00000283e40acbd4 sp=0x000000e16dcfe3b0
Event: 7140.110 Thread 0x00000283f2bd1fe0 DEOPT UNPACKING pc=0x00000283e374439c sp=0x000000e16dcfe380 mode 2
Event: 7140.113 Thread 0x00000283f2bd1fe0 Uncommon trap: trap_request=0xffffffc6 fr.pc=0x00000283e40acbd4 relative=0x00000000000026b4
Event: 7140.113 Thread 0x00000283f2bd1fe0 Uncommon trap: reason=bimorphic_or_optimized_type_check action=maybe_recompile pc=0x00000283e40acbd4 method=org.eclipse.jdt.internal.core.util.Util.getUnresolvedJavaElement(Lorg/eclipse/jdt/internal/compiler/lookup/MethodBinding;Lorg/eclipse/jdt/core/Work
Event: 7140.113 Thread 0x00000283f2bd1fe0 DEOPT PACKING pc=0x00000283e40acbd4 sp=0x000000e16dcfe380
Event: 7140.113 Thread 0x00000283f2bd1fe0 DEOPT UNPACKING pc=0x00000283e374439c sp=0x000000e16dcfe350 mode 2
Event: 7170.539 Thread 0x00000283f2bd3a20 Uncommon trap: trap_request=0xffffff45 fr.pc=0x00000283e498af84 relative=0x0000000000000224
Event: 7170.539 Thread 0x00000283f2bd3a20 Uncommon trap: reason=unstable_if action=reinterpret pc=0x00000283e498af84 method=org.eclipse.jdt.internal.corext.fix.VariableDeclarationFixCore.canAddFinal(Lorg/eclipse/jdt/core/dom/IBinding;Lorg/eclipse/jdt/core/dom/ASTNode;)Z @ 140 c2
Event: 7170.539 Thread 0x00000283f2bd3a20 DEOPT PACKING pc=0x00000283e498af84 sp=0x000000e16c5fe840
Event: 7170.539 Thread 0x00000283f2bd3a20 DEOPT UNPACKING pc=0x00000283e374439c sp=0x000000e16c5fe7c8 mode 2
Event: 7170.561 Thread 0x00000283f2bd3390 DEOPT PACKING pc=0x00000283dea155a4 sp=0x000000e16c4fe660
Event: 7170.561 Thread 0x00000283f2bd3390 DEOPT UNPACKING pc=0x00000283e3744b23 sp=0x000000e16c4fdb30 mode 0

Classes loaded (20 events):
Event: 1370.515 Loading class java/nio/file/attribute/PosixFileAttributeView
Event: 1370.536 Loading class java/nio/file/attribute/PosixFileAttributeView done
Event: 1370.538 Loading class java/nio/file/attribute/DosFileAttributeView
Event: 1370.541 Loading class java/nio/file/attribute/DosFileAttributeView done
Event: 1370.543 Loading class java/nio/file/attribute/UserDefinedFileAttributeView
Event: 1370.545 Loading class java/nio/file/attribute/UserDefinedFileAttributeView done
Event: 1370.568 Loading class java/nio/BufferMismatch
Event: 1370.569 Loading class java/nio/BufferMismatch done
Event: 1659.473 Loading class java/util/function/IntPredicate
Event: 1659.474 Loading class java/util/function/IntPredicate done
Event: 1659.525 Loading class java/util/regex/Pattern$Bound
Event: 1659.525 Loading class java/util/regex/Pattern$Bound done
Event: 1765.651 Loading class java/util/Collections$EmptyListIterator
Event: 1765.653 Loading class java/util/Collections$EmptyListIterator done
Event: 2293.671 Loading class jdk/internal/icu/text/NormalizerBase$NFCModeImpl
Event: 2293.675 Loading class jdk/internal/icu/text/NormalizerBase$NFCModeImpl done
Event: 2293.676 Loading class jdk/internal/icu/impl/Norm2AllModes$NFCSingleton
Event: 2293.678 Loading class jdk/internal/icu/impl/Norm2AllModes$NFCSingleton done
Event: 2293.709 Loading class java/nio/StringCharBuffer
Event: 2293.711 Loading class java/nio/StringCharBuffer done

Classes unloaded (20 events):
Event: 4659.003 Thread 0x00000283f22e84a0 Unloading class 0x000002838101ec00 'java/lang/invoke/LambdaForm$MH+0x000002838101ec00'
Event: 4659.003 Thread 0x00000283f22e84a0 Unloading class 0x0000028381018800 'java/lang/invoke/LambdaForm$MH+0x0000028381018800'
Event: 4659.007 Thread 0x00000283f22e84a0 Unloading class 0x000002838100d800 'java/lang/invoke/LambdaForm$MH+0x000002838100d800'
Event: 4659.008 Thread 0x00000283f22e84a0 Unloading class 0x000002838100d400 'java/lang/invoke/LambdaForm$MH+0x000002838100d400'
Event: 4659.008 Thread 0x00000283f22e84a0 Unloading class 0x000002838100d000 'java/lang/invoke/LambdaForm$MH+0x000002838100d000'
Event: 4659.008 Thread 0x00000283f22e84a0 Unloading class 0x000002838100cc00 'java/lang/invoke/LambdaForm$MH+0x000002838100cc00'
Event: 4659.008 Thread 0x00000283f22e84a0 Unloading class 0x000002838100c800 'java/lang/invoke/LambdaForm$BMH+0x000002838100c800'
Event: 4659.008 Thread 0x00000283f22e84a0 Unloading class 0x000002838100c000 'java/lang/invoke/LambdaForm$DMH+0x000002838100c000'
Event: 4659.012 Thread 0x00000283f22e84a0 Unloading class 0x0000028381008c00 'java/lang/invoke/LambdaForm$MH+0x0000028381008c00'
Event: 4659.012 Thread 0x00000283f22e84a0 Unloading class 0x0000028381008800 'java/lang/invoke/LambdaForm$MH+0x0000028381008800'
Event: 4659.012 Thread 0x00000283f22e84a0 Unloading class 0x0000028381008400 'java/lang/invoke/LambdaForm$MH+0x0000028381008400'
Event: 4659.013 Thread 0x00000283f22e84a0 Unloading class 0x0000028381007000 'java/lang/invoke/LambdaForm$MH+0x0000028381007000'
Event: 4659.016 Thread 0x00000283f22e84a0 Unloading class 0x0000028381006800 'java/lang/invoke/LambdaForm$MH+0x0000028381006800'
Event: 4659.018 Thread 0x00000283f22e84a0 Unloading class 0x0000028381006400 'java/lang/invoke/LambdaForm$MH+0x0000028381006400'
Event: 4659.018 Thread 0x00000283f22e84a0 Unloading class 0x0000028381006000 'java/lang/invoke/LambdaForm$MH+0x0000028381006000'
Event: 4659.018 Thread 0x00000283f22e84a0 Unloading class 0x0000028381005c00 'java/lang/invoke/LambdaForm$BMH+0x0000028381005c00'
Event: 4659.021 Thread 0x00000283f22e84a0 Unloading class 0x0000028381004800 'java/lang/invoke/LambdaForm$DMH+0x0000028381004800'
Event: 4659.024 Thread 0x00000283f22e84a0 Unloading class 0x0000028381002400 'java/lang/invoke/LambdaForm$MH+0x0000028381002400'
Event: 4659.027 Thread 0x00000283f22e84a0 Unloading class 0x0000028381002000 'java/lang/invoke/LambdaForm$MH+0x0000028381002000'
Event: 4659.027 Thread 0x00000283f22e84a0 Unloading class 0x0000028381001800 'java/lang/invoke/LambdaForm$MH+0x0000028381001800'

Classes redefined (0 events):
No events

Internal exceptions (20 events):
Event: 2683.667 Thread 0x00000283fb520b60 Exception <a 'java/io/FileNotFoundException'{0x000000071d041b38}> (0x000000071d041b38) 
thrown [s\src\hotspot\share\prims\jni.cpp, line 520]
Event: 2946.833 Thread 0x00000283f7133e60 Exception <a 'sun/nio/fs/WindowsException'{0x0000000718251c20}> (0x0000000718251c20) 
thrown [s\src\hotspot\share\prims\jni.cpp, line 520]
Event: 2946.841 Thread 0x00000283f7133e60 Exception <a 'sun/nio/fs/WindowsException'{0x0000000718252610}> (0x0000000718252610) 
thrown [s\src\hotspot\share\prims\jni.cpp, line 520]
Event: 4643.968 Thread 0x00000283f2f5bd00 Exception <a 'java/io/FileNotFoundException'{0x0000000717804428}> (0x0000000717804428) 
thrown [s\src\hotspot\share\prims\jni.cpp, line 520]
Event: 4645.938 Thread 0x00000283f712dbf0 Implicit null exception at 0x00000283e4dcb533 to 0x00000283e4dcf374
Event: 4649.996 Thread 0x00000283f712fcc0 Exception <a 'sun/nio/fs/WindowsException'{0x000000070cb41b50}> (0x000000070cb41b50) 
thrown [s\src\hotspot\share\prims\jni.cpp, line 520]
Event: 4650.251 Thread 0x00000283f7132ab0 Exception <a 'sun/nio/fs/WindowsException'{0x000000070c6c8a78}> (0x000000070c6c8a78) 
thrown [s\src\hotspot\share\prims\jni.cpp, line 520]
Event: 4650.325 Thread 0x00000283f7132ab0 Exception <a 'sun/nio/fs/WindowsException'{0x000000070c6c9b20}> (0x000000070c6c9b20) 
thrown [s\src\hotspot\share\prims\jni.cpp, line 520]
Event: 4650.342 Thread 0x00000283f7132420 Exception <a 'sun/nio/fs/WindowsException'{0x000000070c538370}> (0x000000070c538370) 
thrown [s\src\hotspot\share\prims\jni.cpp, line 520]
Event: 4650.369 Thread 0x00000283f7132420 Exception <a 'sun/nio/fs/WindowsException'{0x000000070c53b8d8}> (0x000000070c53b8d8) 
thrown [s\src\hotspot\share\prims\jni.cpp, line 520]
Event: 4650.386 Thread 0x00000283f7132420 Exception <a 'sun/nio/fs/WindowsException'{0x000000070c541b50}> (0x000000070c541b50) 
thrown [s\src\hotspot\share\prims\jni.cpp, line 520]
Event: 4655.591 Thread 0x00000283f712fcc0 Exception <a 'sun/nio/fs/WindowsException'{0x00000007ffbd1af0}> (0x00000007ffbd1af0) 
thrown [s\src\hotspot\share\prims\jni.cpp, line 520]
Event: 4657.365 Thread 0x00000283f2f5bd00 Exception <a 'java/io/FileNotFoundException'{0x00000007ff8b5c00}> (0x00000007ff8b5c00) 
thrown [s\src\hotspot\share\prims\jni.cpp, line 520]
Event: 4675.954 Thread 0x00000283f2f5bd00 Exception <a 'java/io/FileNotFoundException'{0x00000007ffacc898}> (0x00000007ffacc898) 
thrown [s\src\hotspot\share\prims\jni.cpp, line 520]
Event: 4676.137 Thread 0x00000283f712fcc0 Exception <a 'sun/nio/fs/WindowsException'{0x00000007ff602ef0}> (0x00000007ff602ef0) 
thrown [s\src\hotspot\share\prims\jni.cpp, line 520]
Event: 4676.142 Thread 0x00000283f712fcc0 Exception <a 'sun/nio/fs/WindowsException'{0x00000007ff603630}> (0x00000007ff603630) 
thrown [s\src\hotspot\share\prims\jni.cpp, line 520]
Event: 4676.847 Thread 0x00000283f2f5bd00 Exception <a 'java/io/FileNotFoundException'{0x00000007235514e8}> (0x00000007235514e8) 
thrown [s\src\hotspot\share\prims\jni.cpp, line 520]
Event: 4945.589 Thread 0x00000283f7133e60 Exception <a 'sun/nio/fs/WindowsException'{0x00000007226a9c18}> (0x00000007226a9c18) 
thrown [s\src\hotspot\share\prims\jni.cpp, line 520]
Event: 4945.820 Thread 0x00000283f7133e60 Exception <a 'sun/nio/fs/WindowsException'{0x00000007226aa608}> (0x00000007226aa608) 
thrown [s\src\hotspot\share\prims\jni.cpp, line 520]
Event: 7139.593 Thread 0x00000283f2bd2670 Exception <a 'java/lang/NoSuchMethodError'{0x00000007202f1ce0}: 'java.lang.Object java.lang.invoke.DirectMethodHandle$Holder.invokeStatic(java.lang.Object, int, java.lang.Object, java.lang.Object, java.lang.Object, java.lang.Object)'> (0x00000007202f1ce0) 
thrown [s\src\hotspot\share\interpreter\linkResolver.cpp, line 773]

ZGC Phase Switch (0 events):
No events

VM Operations (20 events):
Event: 7133.246 Executing safepoint VM operation: Cleanup done
Event: 7134.247 Executing safepoint VM operation: Cleanup
Event: 7134.247 Executing safepoint VM operation: Cleanup done
Event: 7135.261 Executing safepoint VM operation: Cleanup
Event: 7135.278 Executing safepoint VM operation: Cleanup done
Event: 7136.291 Executing safepoint VM operation: Cleanup
Event: 7136.309 Executing safepoint VM operation: Cleanup done
Event: 7137.312 Executing safepoint VM operation: Cleanup
Event: 7137.329 Executing safepoint VM operation: Cleanup done
Event: 7138.343 Executing safepoint VM operation: Cleanup
Event: 7138.359 Executing safepoint VM operation: Cleanup done
Event: 7139.374 Executing safepoint VM operation: Cleanup
Event: 7139.390 Executing safepoint VM operation: Cleanup done
Event: 7140.391 Executing safepoint VM operation: Cleanup
Event: 7140.391 Executing safepoint VM operation: Cleanup done
Event: 7159.238 Executing non-safepoint VM operation: HandshakeAllThreads (HandshakeForDeflation)
Event: 7159.239 Executing non-safepoint VM operation: HandshakeAllThreads (HandshakeForDeflation) done
Event: 7159.239 Executing non-safepoint VM operation: RendezvousGCThreads
Event: 7159.239 Executing non-safepoint VM operation: RendezvousGCThreads done
Event: 7171.018 Executing safepoint VM operation: G1CollectForAllocation (G1 Evacuation Pause)

Memory protections (0 events):
No events

Nmethod flushes (20 events):
Event: 4667.662 Thread 0x00000283f22e84a0 flushing  nmethod 0x00000283de968110
Event: 4667.662 Thread 0x00000283f22e84a0 flushing  nmethod 0x00000283de992790
Event: 4667.663 Thread 0x00000283f22e84a0 flushing  nmethod 0x00000283de99e110
Event: 4667.664 Thread 0x00000283f22e84a0 flushing  nmethod 0x00000283de99fb10
Event: 4667.664 Thread 0x00000283f22e84a0 flushing  nmethod 0x00000283de9aed10
Event: 4667.664 Thread 0x00000283f22e84a0 flushing  nmethod 0x00000283de9b6790
Event: 4667.664 Thread 0x00000283f22e84a0 flushing  nmethod 0x00000283de9bc910
Event: 4667.664 Thread 0x00000283f22e84a0 flushing  nmethod 0x00000283de9c4910
Event: 4667.664 Thread 0x00000283f22e84a0 flushing  nmethod 0x00000283de9cde90
Event: 4667.665 Thread 0x00000283f22e84a0 flushing  nmethod 0x00000283dea21110
Event: 4667.665 Thread 0x00000283f22e84a0 flushing  nmethod 0x00000283dea23b10
Event: 4667.665 Thread 0x00000283f22e84a0 flushing  nmethod 0x00000283dea23e10
Event: 4667.665 Thread 0x00000283f22e84a0 flushing  nmethod 0x00000283dea43b10
Event: 4667.665 Thread 0x00000283f22e84a0 flushing  nmethod 0x00000283dea46610
Event: 4667.666 Thread 0x00000283f22e84a0 flushing  nmethod 0x00000283deaaa390
Event: 4667.666 Thread 0x00000283f22e84a0 flushing  nmethod 0x00000283debe1e90
Event: 4667.666 Thread 0x00000283f22e84a0 flushing  nmethod 0x00000283debec890
Event: 4667.666 Thread 0x00000283f22e84a0 flushing  nmethod 0x00000283dec06010
Event: 4667.666 Thread 0x00000283f22e84a0 flushing  nmethod 0x00000283dec29310
Event: 4667.666 Thread 0x00000283f22e84a0 flushing  nmethod 0x00000283dec97510

Events (20 events):
Event: 7131.769 Thread 0x00000283f712f630 Thread exited: 0x00000283f712f630
Event: 7131.832 Thread 0x00000283f712e910 Thread exited: 0x00000283f712e910
Event: 7135.873 Thread 0x00000283f2bd6180 Thread exited: 0x00000283f2bd6180
Event: 7137.234 Thread 0x00000283f712fcc0 Thread exited: 0x00000283f712fcc0
Event: 7138.127 Thread 0x00000283f7132420 Thread exited: 0x00000283f7132420
Event: 7139.915 Thread 0x00000283f2bd2670 Thread exited: 0x00000283f2bd2670
Event: 7139.959 Thread 0x00000283f2bd5460 Thread exited: 0x00000283f2bd5460
Event: 7140.127 Thread 0x00000283f2bd1fe0 Thread exited: 0x00000283f2bd1fe0
Event: 7168.886 Thread 0x00000283f8a3e8c0 Thread added: 0x00000283f2bd3a20
Event: 7168.924 Thread 0x00000283f2bd3a20 Thread exited: 0x00000283f2bd3a20
Event: 7170.324 Thread 0x00000283f8a3e8c0 Thread added: 0x00000283f2bd0c30
Event: 7170.344 Thread 0x00000283f8a3e8c0 Thread added: 0x00000283f2bd1fe0
Event: 7170.345 Thread 0x00000283f8a3e8c0 Thread added: 0x00000283f2bd3390
Event: 7170.346 Thread 0x00000283f8a3e8c0 Thread added: 0x00000283f2bd3a20
Event: 7170.475 Thread 0x00000283f2bd0c30 Thread exited: 0x00000283f2bd0c30
Event: 7170.476 Thread 0x00000283f2bd1fe0 Thread exited: 0x00000283f2bd1fe0
Event: 7170.547 Thread 0x00000283f2bd3a20 Thread exited: 0x00000283f2bd3a20
Event: 7170.622 Thread 0x00000283f2bd3390 Thread exited: 0x00000283f2bd3390
Event: 7170.779 Thread 0x00000283f8a3e8c0 Thread added: 0x00000283f2bd12c0
Event: 7170.780 Thread 0x00000283f8a3e8c0 Thread added: 0x00000283f2bd1950


Dynamic libraries:
0x00007ff76cfa0000 - 0x00007ff76cfae000 	c:\Users\58769084\.vscode\extensions\redhat.java-1.56.0-win32-x64\jre\21.0.12.1-win32-x86_64\bin\java.exe
0x00007ff9523f0000 - 0x00007ff9525e8000 	C:\WINDOWS\SYSTEM32\ntdll.dll
0x00007ff9515e0000 - 0x00007ff9516a2000 	C:\WINDOWS\System32\KERNEL32.DLL
0x00007ff94ffb0000 - 0x00007ff9502a6000 	C:\WINDOWS\System32\KERNELBASE.dll
0x00007ff94fb50000 - 0x00007ff94fc50000 	C:\WINDOWS\System32\ucrtbase.dll
0x00007ff9476e0000 - 0x00007ff9476f8000 	c:\Users\58769084\.vscode\extensions\redhat.java-1.56.0-win32-x64\jre\21.0.12.1-win32-x86_64\bin\jli.dll
0x00007ff951180000 - 0x00007ff951321000 	C:\WINDOWS\System32\USER32.dll
0x00007ff94fe40000 - 0x00007ff94fe62000 	C:\WINDOWS\System32\win32u.dll
0x00007ff9515b0000 - 0x00007ff9515db000 	C:\WINDOWS\System32\GDI32.dll
0x00007ff94fcd0000 - 0x00007ff94fde9000 	C:\WINDOWS\System32\gdi32full.dll
0x00007ff94fa80000 - 0x00007ff94fb1d000 	C:\WINDOWS\System32\msvcp_win.dll
0x00007ff945090000 - 0x00007ff9450ae000 	c:\Users\58769084\.vscode\extensions\redhat.java-1.56.0-win32-x64\jre\21.0.12.1-win32-x86_64\bin\VCRUNTIME140.dll
0x00007ff93d840000 - 0x00007ff93dadb000 	C:\WINDOWS\WinSxS\amd64_microsoft.windows.common-controls_6595b64144ccf1df_6.0.19041.6456_none_60b8a6cb71f64256\COMCTL32.dll
0x00007ff950ee0000 - 0x00007ff950f7e000 	C:\WINDOWS\System32\msvcrt.dll
0x00007ff951030000 - 0x00007ff95105f000 	C:\WINDOWS\System32\IMM32.DLL
0x00007ff94a530000 - 0x00007ff94a53c000 	c:\Users\58769084\.vscode\extensions\redhat.java-1.56.0-win32-x64\jre\21.0.12.1-win32-x86_64\bin\vcruntime140_1.dll
0x00007ff9188e0000 - 0x00007ff91896d000 	c:\Users\58769084\.vscode\extensions\redhat.java-1.56.0-win32-x64\jre\21.0.12.1-win32-x86_64\bin\msvcp140.dll
0x00007ff8d7d90000 - 0x00007ff8d8b32000 	c:\Users\58769084\.vscode\extensions\redhat.java-1.56.0-win32-x64\jre\21.0.12.1-win32-x86_64\bin\server\jvm.dll
0x00007ff950880000 - 0x00007ff950931000 	C:\WINDOWS\System32\ADVAPI32.dll
0x00007ff9507d0000 - 0x00007ff95086f000 	C:\WINDOWS\System32\sechost.dll
0x00007ff951060000 - 0x00007ff951180000 	C:\WINDOWS\System32\RPCRT4.dll
0x00007ff94fb20000 - 0x00007ff94fb47000 	C:\WINDOWS\System32\bcrypt.dll
0x00007ff950ca0000 - 0x00007ff950d0b000 	C:\WINDOWS\System32\WS2_32.dll
0x00007ff94f8e0000 - 0x00007ff94f92b000 	C:\WINDOWS\SYSTEM32\POWRPROF.dll
0x00007ff9399a0000 - 0x00007ff9399c7000 	C:\WINDOWS\SYSTEM32\WINMM.dll
0x00007ff947060000 - 0x00007ff94706a000 	C:\WINDOWS\SYSTEM32\VERSION.dll
0x00007ff94f8c0000 - 0x00007ff94f8d2000 	C:\WINDOWS\SYSTEM32\UMPDC.dll
0x00007ff94d5c0000 - 0x00007ff94d5d2000 	C:\WINDOWS\SYSTEM32\kernel.appcore.dll
0x00007ff9476d0000 - 0x00007ff9476da000 	c:\Users\58769084\.vscode\extensions\redhat.java-1.56.0-win32-x64\jre\21.0.12.1-win32-x86_64\bin\jimage.dll
0x00007ff939540000 - 0x00007ff939741000 	C:\WINDOWS\SYSTEM32\DBGHELP.DLL
0x00007ff92e290000 - 0x00007ff92e2c4000 	C:\WINDOWS\SYSTEM32\dbgcore.DLL
0x00007ff94fe70000 - 0x00007ff94fef2000 	C:\WINDOWS\System32\bcryptPrimitives.dll
0x00007ff946ee0000 - 0x00007ff946eef000 	c:\Users\58769084\.vscode\extensions\redhat.java-1.56.0-win32-x64\jre\21.0.12.1-win32-x86_64\bin\instrument.dll
0x00007ff944770000 - 0x00007ff944790000 	c:\Users\58769084\.vscode\extensions\redhat.java-1.56.0-win32-x64\jre\21.0.12.1-win32-x86_64\bin\java.dll
0x00007ff951c40000 - 0x00007ff9523b0000 	C:\WINDOWS\System32\SHELL32.dll
0x00007ff94d7c0000 - 0x00007ff94df65000 	C:\WINDOWS\SYSTEM32\windows.storage.dll
0x00007ff950940000 - 0x00007ff950c94000 	C:\WINDOWS\System32\combase.dll
0x00007ff94f2f0000 - 0x00007ff94f31b000 	C:\WINDOWS\SYSTEM32\Wldp.dll
0x00007ff951330000 - 0x00007ff9513fd000 	C:\WINDOWS\System32\OLEAUT32.dll
0x00007ff950f80000 - 0x00007ff95102d000 	C:\WINDOWS\System32\SHCORE.dll
0x00007ff951400000 - 0x00007ff95145b000 	C:\WINDOWS\System32\shlwapi.dll
0x00007ff94f9b0000 - 0x00007ff94f9d4000 	C:\WINDOWS\SYSTEM32\profapi.dll
0x00007ff9397f0000 - 0x00007ff939808000 	c:\Users\58769084\.vscode\extensions\redhat.java-1.56.0-win32-x64\jre\21.0.12.1-win32-x86_64\bin\zip.dll
0x00007ff945080000 - 0x00007ff945090000 	C:\Users\58769084\.vscode\extensions\redhat.java-1.56.0-win32-x64\jre\21.0.12.1-win32-x86_64\bin\net.dll
0x00007ff94e990000 - 0x00007ff94ea9a000 	C:\WINDOWS\SYSTEM32\WINHTTP.dll
0x00007ff94f0d0000 - 0x00007ff94f13a000 	C:\WINDOWS\system32\mswsock.dll
0x00007ff9397d0000 - 0x00007ff9397e6000 	C:\Users\58769084\.vscode\extensions\redhat.java-1.56.0-win32-x64\jre\21.0.12.1-win32-x86_64\bin\nio.dll
0x00007ff945060000 - 0x00007ff945070000 	c:\Users\58769084\.vscode\extensions\redhat.java-1.56.0-win32-x64\jre\21.0.12.1-win32-x86_64\bin\verify.dll
0x00007ff91d1f0000 - 0x00007ff91d235000 	C:\Users\58769084\AppData\Roaming\Code\User\globalStorage\redhat.java\1.56.0\config_win\org.eclipse.equinox.launcher\org.eclipse.equinox.launcher.win32.win32.x86_64_1.3.100.v20260804-1928\eclipse_11924.dll
0x00007ff9504f0000 - 0x00007ff95061b000 	C:\WINDOWS\System32\ole32.dll
0x00007ff94f330000 - 0x00007ff94f348000 	C:\WINDOWS\SYSTEM32\CRYPTSP.dll
0x00007ff94e900000 - 0x00007ff94e938000 	C:\WINDOWS\system32\rsaenh.dll
0x00007ff94f930000 - 0x00007ff94f95e000 	C:\WINDOWS\SYSTEM32\USERENV.dll
0x00007ff94f260000 - 0x00007ff94f26c000 	C:\WINDOWS\SYSTEM32\CRYPTBASE.dll
0x00007ff94edd0000 - 0x00007ff94ee0b000 	C:\WINDOWS\SYSTEM32\IPHLPAPI.DLL
0x00007ff950870000 - 0x00007ff950878000 	C:\WINDOWS\System32\NSI.dll
0x00007ff947740000 - 0x00007ff94774a000 	C:\Users\58769084\.vscode\extensions\redhat.java-1.56.0-win32-x64\jre\21.0.12.1-win32-x86_64\bin\management.dll
0x00007ff947730000 - 0x00007ff94773c000 	C:\Users\58769084\.vscode\extensions\redhat.java-1.56.0-win32-x64\jre\21.0.12.1-win32-x86_64\bin\management_ext.dll
0x00007ff950ed0000 - 0x00007ff950ed8000 	C:\WINDOWS\System32\PSAPI.DLL
0x00007ff946690000 - 0x00007ff9466d9000 	C:\Users\58769084\AppData\Local\Temp\jna-1961452565\jna13884931229859249635.dll
0x00007ff93f210000 - 0x00007ff93f227000 	C:\WINDOWS\SYSTEM32\dhcpcsvc6.DLL
0x00007ff944650000 - 0x00007ff94466d000 	C:\WINDOWS\SYSTEM32\dhcpcsvc.DLL

JVMTI agents:
c:\Users\58769084\.vscode\extensions\redhat.java-1.56.0-win32-x64\lombok\lombok-1.18.39-4050.jar path:c:\Users\58769084\.vscode\extensions\redhat.java-1.56.0-win32-x64\jre\21.0.12.1-win32-x86_64\bin\instrument.dll, loaded, initialized, instrumentlib options:none

dbghelp: loaded successfully - version: 4.0.5 - missing functions: none
symbol engine: initialized successfully - sym options: 0x614 - pdb path: .;c:\Users\58769084\.vscode\extensions\redhat.java-1.56.0-win32-x64\jre\21.0.12.1-win32-x86_64\bin;C:\WINDOWS\SYSTEM32;C:\WINDOWS\WinSxS\amd64_microsoft.windows.common-controls_6595b64144ccf1df_6.0.19041.6456_none_60b8a6cb71f64256;c:\Users\58769084\.vscode\extensions\redhat.java-1.56.0-win32-x64\jre\21.0.12.1-win32-x86_64\bin\server;C:\Users\58769084\AppData\Roaming\Code\User\globalStorage\redhat.java\1.56.0\config_win\org.eclipse.equinox.launcher\org.eclipse.equinox.launcher.win32.win32.x86_64_1.3.100.v20260804-1928;C:\Users\58769084\AppData\Local\Temp\jna-1961452565

VM Arguments:
jvm_args: --add-modules=ALL-SYSTEM --add-opens=java.base/java.util=ALL-UNNAMED --add-opens=java.base/java.lang=ALL-UNNAMED --add-opens=java.base/sun.nio.fs=ALL-UNNAMED -Declipse.application=org.eclipse.jdt.ls.core.id1 -Dosgi.bundles.defaultStartLevel=4 -Declipse.product=org.eclipse.jdt.ls.core.product -Djava.import.generatesMetadataFilesAtProjectRoot=false -Dm2e.project.cache.size=50 -DDetectVMInstallationsJob.disabled=true -Dfile.encoding=utf8 -Xlog:disable -XX:+UseG1GC -XX:+UseStringDeduplication -Xmx4G -javaagent:c:\Users\58769084\.vscode\extensions\redhat.java-1.56.0-win32-x64\lombok\lombok-1.18.39-4050.jar -XX:+HeapDumpOnOutOfMemoryError -XX:HeapDumpPath=c:\Users\58769084\AppData\Roaming\Code\User\workspaceStorage\f183437116053616420707e311afbfd2\redhat.java -Daether.dependencyCollector.impl=bf 
java_command: c:\Users\58769084\.vscode\extensions\redhat.java-1.56.0-win32-x64\server\plugins\org.eclipse.equinox.launcher_1.8.0.v20260804-1928.jar -configuration c:\Users\58769084\AppData\Roaming\Code\User\globalStorage\redhat.java\1.56.0\config_win -data c:\Users\58769084\AppData\Roaming\Code\User\workspaceStorage\f183437116053616420707e311afbfd2\redhat.java\jdt_ws --stdio
java_class_path (initial): c:\Users\58769084\.vscode\extensions\redhat.java-1.56.0-win32-x64\server\plugins\org.eclipse.equinox.launcher_1.8.0.v20260804-1928.jar
Launcher Type: SUN_STANDARD

[Global flags]
     intx CICompilerCount                          = 2                                         {product} {ergonomic}
     uint ConcGCThreads                            = 1                                         {product} {ergonomic}
     uint G1ConcRefinementThreads                  = 2                                         {product} {ergonomic}
   size_t G1HeapRegionSize                         = 2097152                                   {product} {ergonomic}
    uintx GCDrainStackTargetSize                   = 64                                        {product} {ergonomic}
     bool HeapDumpOnOutOfMemoryError               = true                                   {manageable} {command line}
    ccstr HeapDumpPath                             = c:\Users\58769084\AppData\Roaming\Code\User\workspaceStorage\f183437116053616420707e311afbfd2\redhat.java         {manageable} {command line}
   size_t InitialHeapSize                          = 65011712                                  {product} {ergonomic}
   size_t MarkStackSize                            = 4194304                                   {product} {ergonomic}
   size_t MaxHeapSize                              = 4294967296                                {product} {command line}
   size_t MaxNewSize                               = 2575302656                                {product} {ergonomic}
   size_t MinHeapDeltaBytes                        = 2097152                                   {product} {ergonomic}
   size_t MinHeapSize                              = 8388608                                   {product} {ergonomic}
    uintx NonNMethodCodeHeapSize                   = 5826188                                {pd product} {ergonomic}
    uintx NonProfiledCodeHeapSize                  = 122916026                              {pd product} {ergonomic}
    uintx ProfiledCodeHeapSize                     = 122916026                              {pd product} {ergonomic}
    uintx ReservedCodeCacheSize                    = 251658240                              {pd product} {ergonomic}
     bool SegmentedCodeCache                       = true                                      {product} {ergonomic}
   size_t SoftMaxHeapSize                          = 4294967296                             {manageable} {ergonomic}
     bool UseCompressedOops                        = true                           {product lp64_product} {ergonomic}
     bool UseG1GC                                  = true                                      {product} {command line}
     bool UseLargePagesIndividualAllocation        = false                                  {pd product} {ergonomic}
     bool UseStringDeduplication                   = true                                      {product} {command line}

Logging:
Log output configuration:
 #0: stdout all=off uptime,level,tags foldmultilines=false
 #1: stderr all=off uptime,level,tags foldmultilines=false

Release file:
JAVA_VERSION="21.0.12.1" 
MODULES="java.base java.compiler java.datatransfer java.xml java.prefs java.desktop java.instrument java.logging java.management java.security.sasl java.naming java.rmi java.management.rmi java.net.http java.scripting java.security.jgss java.transaction.xa java.sql java.sql.rowset java.xml.crypto java.se java.smartcardio jdk.accessibility jdk.internal.jvmstat jdk.attach jdk.charsets jdk.internal.opt jdk.zipfs jdk.compiler jdk.crypto.ec jdk.crypto.cryptoki jdk.crypto.mscapi jdk.dynalink jdk.internal.ed jdk.editpad jdk.hotspot.agent jdk.httpserver jdk.internal.le jdk.internal.vm.ci jdk.internal.vm.compiler jdk.internal.vm.compiler.management jdk.jartool jdk.javadoc jdk.jcmd jdk.management jdk.management.agent jdk.jconsole jdk.jdeps jdk.jdwp.agent jdk.jdi jdk.jfr jdk.jshell jdk.jsobject jdk.jstatd jdk.localedata jdk.management.jfr jdk.naming.dns jdk.naming.rmi jdk.net jdk.nio.mapmode jdk.random jdk.sctp jdk.security.auth jdk.security.jgss jdk.unsupported jdk.unsupported.desktop jdk.xml.dom" 

Environment Variables:
JAVA_HOME=C:\Program Files\Eclipse Adoptium\jdk-17.0.20.101-hotspot
PATH=C:\Program Files\Eclipse Adoptium\jdk-17.0.20.101-hotspot\bin;C:\WINDOWS\system32;C:\WINDOWS;C:\WINDOWS\System32\Wbem;C:\WINDOWS\System32\WindowsPowerShell\v1.0\;C:\WINDOWS\System32\OpenSSH\;C:\Program Files\dotnet\;C:\Program Files\nodejs\;C:\Program Files\Git\cmd;C:\Users\58769084\AppData\Local\Microsoft\WindowsApps;C:\Users\58769084\AppData\Local\Programs\Microsoft VS Code\bin;C:\Users\58769084\Downloads\flutter_windows_3.44.1-stable\flutter\bin;C:\Users\58769084\Desktop\flutt\flutter\bin;C:\Users\58769084\AppData\Roaming\npm;C:\Program Files\Java\jdk-21.0.12.1\bin;C:\Users\58769084\Documents\apache-maven-3.9.16-bin\apache-maven-3.9.16\bin
USERNAME=58769084
OS=Windows_NT
PROCESSOR_IDENTIFIER=Intel64 Family 6 Model 122 Stepping 8, GenuineIntel
TMP=C:\Users\58769084\AppData\Local\Temp
TEMP=C:\Users\58769084\AppData\Local\Temp




Periodic native trim disabled

---------------  S Y S T E M  ---------------

OS:
 Windows 10 , 64 bit Build 19041 (10.0.19041.5915)
OS uptime: 0 days 2:10 hours
Hyper-V role detected

CPU: total 2 (initial active 2) (2 cores per cpu, 1 threads per core) family 6 model 122 stepping 8 microcode 0xc, cx8, cmov, fxsr, mmx, 3dnowpref, sse, sse2, sse3, ssse3, sse4.1, sse4.2, popcnt, tsc, tscinvbit, aes, erms, clmul, sha, clflush, clflushopt, hv, rdtscp, rdpid
Processor Information for the first 2 processors :
  Max Mhz: 1101, Current Mhz: 1101, Mhz Limit: 1101

Memory: 4k page, system-wide physical 3919M (248M free)
TotalPageFile size 11029M (AvailPageFile size 625M)
current process WorkingSet (physical memory assigned to process): 209M, peak: 732M
current process commit charge ("private bytes"): 902M, peak: 1948M

vm_info: OpenJDK 64-Bit Server VM (21.0.12.1+1-LTS) for windows-amd64 JRE (21.0.12.1+1-LTS), built on 2026-08-18T00:00:00Z by "admin" with MS VC++ 17.12 (VS2022)

END.
