#
# There is insufficient memory for the Java Runtime Environment to continue.
# Native memory allocation (mmap) failed to map 4097835008 bytes. Error detail: G1 virtual space
# Possible reasons:
#   The system is out of physical RAM or swap space
#   This process is running with CompressedOops enabled, and the Java Heap may be blocking the growth of the native heap
# Possible solutions:
#   Reduce memory load on the system
#   Increase physical memory or swap space
#   Check if swap backing store is full
#   Decrease Java heap size (-Xmx/-Xms)
#   Decrease number of Java threads
#   Decrease Java thread stack sizes (-Xss)
#   Set larger code cache with -XX:ReservedCodeCacheSize=
#   JVM is running with Zero Based Compressed Oops mode in which the Java heap is
#     placed in the first 32GB address space. The Java Heap base address is the
#     maximum limit for the native heap growth. Please use -XX:HeapBaseMinAddress
#     to set the Java Heap base and to place the Java Heap above 32GB virtual address.
# This output file may be truncated or incomplete.
#
#  Out of Memory Error (os_windows.cpp:3732), pid=5776, tid=11440
#
# JRE version: OpenJDK Runtime Environment Temurin-21.0.12.1+1 (21.0.12.1+1) (build 21.0.12.1+1-LTS)
# Java VM: OpenJDK 64-Bit Server VM Temurin-21.0.12.1+1 (21.0.12.1+1-LTS, mixed mode, sharing, tiered, compressed oops, compressed class ptrs, g1 gc, windows-amd64)
# No core dump will be written. Minidumps are not enabled by default on client versions of Windows
#

---------------  S U M M A R Y ------------

Command Line: --add-modules=ALL-SYSTEM --add-opens=java.base/java.util=ALL-UNNAMED --add-opens=java.base/java.lang=ALL-UNNAMED --add-opens=java.base/sun.nio.fs=ALL-UNNAMED -Declipse.application=org.eclipse.jdt.ls.core.id1 -Dosgi.bundles.defaultStartLevel=4 -Declipse.product=org.eclipse.jdt.ls.core.product -Djava.import.generatesMetadataFilesAtProjectRoot=false -Dm2e.project.cache.size=50 -DDetectVMInstallationsJob.disabled=true -Dfile.encoding=utf8 -Xlog:disable -XX:+UseG1GC -XX:+UseStringDeduplication -Xmx4G -javaagent:c:\Users\58769084\.vscode\extensions\redhat.java-1.56.0-win32-x64\lombok\lombok-1.18.39-4050.jar -XX:+HeapDumpOnOutOfMemoryError -XX:HeapDumpPath=c:\Users\58769084\AppData\Roaming\Code\User\workspaceStorage\f183437116053616420707e311afbfd2\redhat.java -Daether.dependencyCollector.impl=bf c:\Users\58769084\.vscode\extensions\redhat.java-1.56.0-win32-x64\server\plugins\org.eclipse.equinox.launcher_1.8.0.v20260804-1928.jar -configuration c:\Users\58769084\AppData\Roaming\Code\User\globalStorage\redhat.java\1.56.0\config_win -data c:\Users\58769084\AppData\Roaming\Code\User\workspaceStorage\f183437116053616420707e311afbfd2\redhat.java\jdt_ws --stdio

Host: Intel(R) Celeron(R) N4020 CPU @ 1.10GHz, 2 cores, 3G,  Windows 10 , 64 bit Build 19041 (10.0.19041.5915)
Time: Wed Sep 30 17:48:33 2026 Hora estándar de Montevideo elapsed time: 2497.670044 seconds (0d 0h 41m 37s)

---------------  T H R E A D  ---------------

Current thread (0x00000215c751a440):  VMThread "VM Thread"          [id=11440, stack(0x00000088e4c00000,0x00000088e4d00000) (1024K)]

Stack: [0x00000088e4c00000,0x00000088e4d00000]
Native frames: (J=compiled Java code, j=interpreted, Vv=VM code, C=native code)
V  [jvm.dll+0x6d83e9]
V  [jvm.dll+0x8b5736]
V  [jvm.dll+0x8b7cee]
V  [jvm.dll+0x8b83d3]
V  [jvm.dll+0x284596]
V  [jvm.dll+0x6d4d05]
V  [jvm.dll+0x6c898a]
V  [jvm.dll+0x35f2f8]
V  [jvm.dll+0x366f36]
V  [jvm.dll+0x3b804e]
V  [jvm.dll+0x3b82f8]
V  [jvm.dll+0x33320c]
V  [jvm.dll+0x335fce]
V  [jvm.dll+0x375196]
V  [jvm.dll+0x8be0c0]
V  [jvm.dll+0x8bf434]
V  [jvm.dll+0x8bf960]
V  [jvm.dll+0x8bfc03]
V  [jvm.dll+0x8600cd]
V  [jvm.dll+0x6d6c1d]
C  [ucrtbase.dll+0x21bb2]
C  [KERNEL32.DLL+0x17374]
C  [ntdll.dll+0x4cc91]

VM_Operation (0x00000088e64fe810): G1CollectForAllocation, mode: safepoint, requested by thread 0x000002160e00b5f0


---------------  P R O C E S S  ---------------

Threads class SMR info:
_java_thread_list=0x0000021619af3a40, length=35, elements={
0x00000215abfd3250, 0x00000215c75386d0, 0x00000215c7539a80, 0x00000215c7540e50,
0x00000215c75418b0, 0x00000215c7542310, 0x00000215c7542d70, 0x00000215c7543b00,
0x00000215c75b2870, 0x00000215c75b3870, 0x00000215c77832a0, 0x00000215c78e4c50,
0x000002160d3f4380, 0x00000215c79cd6d0, 0x000002160d062000, 0x000002160d062e40,
0x000002160d5d3030, 0x00000215c774a970, 0x00000215c7940620, 0x00000215c793f270,
0x000002160e00b5f0, 0x000002160e00af60, 0x000002160e00c9a0, 0x000002160e005a10,
0x000002160fcb3dc0, 0x000002160e006730, 0x000002160fcb5800, 0x000002160e005380,
0x000002160e006dc0, 0x000002160e007ae0, 0x000002160e007450, 0x000002160e00a240,
0x000002160fcb7f60, 0x000002160fcb2380, 0x000002160fcb2a10
}

Java Threads: ( => current thread )
  0x00000215abfd3250 JavaThread "main"                              [_thread_blocked, id=8220, stack(0x00000088e4500000,0x00000088e4600000) (1024K)]
  0x00000215c75386d0 JavaThread "Reference Handler"          daemon [_thread_blocked, id=6448, stack(0x00000088e4d00000,0x00000088e4e00000) (1024K)]
  0x00000215c7539a80 JavaThread "Finalizer"                  daemon [_thread_blocked, id=10232, stack(0x00000088e4e00000,0x00000088e4f00000) (1024K)]
  0x00000215c7540e50 JavaThread "Signal Dispatcher"          daemon [_thread_blocked, id=760, stack(0x00000088e4f00000,0x00000088e5000000) (1024K)]
  0x00000215c75418b0 JavaThread "Attach Listener"            daemon [_thread_blocked, id=7496, stack(0x00000088e5000000,0x00000088e5100000) (1024K)]
  0x00000215c7542310 JavaThread "Service Thread"             daemon [_thread_blocked, id=4932, stack(0x00000088e5100000,0x00000088e5200000) (1024K)]
  0x00000215c7542d70 JavaThread "Monitor Deflation Thread"   daemon [_thread_blocked, id=9288, stack(0x00000088e5200000,0x00000088e5300000) (1024K)]
  0x00000215c7543b00 JavaThread "C2 CompilerThread0"         daemon [_thread_blocked, id=6492, stack(0x00000088e5300000,0x00000088e5400000) (1024K)]
  0x00000215c75b2870 JavaThread "C1 CompilerThread0"         daemon [_thread_blocked, id=10736, stack(0x00000088e5400000,0x00000088e5500000) (1024K)]
  0x00000215c75b3870 JavaThread "StringDedupThread"          daemon [_thread_blocked, id=8328, stack(0x00000088e5500000,0x00000088e5600000) (1024K)]
  0x00000215c77832a0 JavaThread "Common-Cleaner"             daemon [_thread_blocked, id=9616, stack(0x00000088e5600000,0x00000088e5700000) (1024K)]
  0x00000215c78e4c50 JavaThread "Notification Thread"        daemon [_thread_blocked, id=4048, stack(0x00000088e5800000,0x00000088e5900000) (1024K)]
  0x000002160d3f4380 JavaThread "Active Thread: Equinox Container: 448d81d7-cc11-42aa-a704-589e6383d25f"        [_thread_blocked, id=8380, stack(0x00000088e5900000,0x00000088e5a00000) (1024K)]
  0x00000215c79cd6d0 JavaThread "Refresh Thread: Equinox Container: 448d81d7-cc11-42aa-a704-589e6383d25f" daemon [_thread_blocked, id=8696, stack(0x00000088e5a00000,0x00000088e5b00000) (1024K)]
  0x000002160d062000 JavaThread "Framework Event Dispatcher: Equinox Container: 448d81d7-cc11-42aa-a704-589e6383d25f" daemon [_thread_blocked, id=4304, stack(0x00000088e5b00000,0x00000088e5c00000) (1024K)]
  0x000002160d062e40 JavaThread "Start Level: Equinox Container: 448d81d7-cc11-42aa-a704-589e6383d25f" daemon [_thread_blocked, id=1324, stack(0x00000088e5c00000,0x00000088e5d00000) (1024K)]
  0x000002160d5d3030 JavaThread "Bundle File Closer"         daemon [_thread_blocked, id=10208, stack(0x00000088e5d00000,0x00000088e5e00000) (1024K)]
  0x00000215c774a970 JavaThread "SCR Component Actor"        daemon [_thread_blocked, id=10836, stack(0x00000088e5e00000,0x00000088e5f00000) (1024K)]
  0x00000215c7940620 JavaThread "Worker-JM"                         [_thread_blocked, id=7220, stack(0x00000088e5f00000,0x00000088e6000000) (1024K)]
  0x00000215c793f270 JavaThread "JNA Cleaner"                daemon [_thread_blocked, id=7388, stack(0x00000088e6000000,0x00000088e6100000) (1024K)]
  0x000002160e00b5f0 JavaThread "Java indexing"              daemon [_thread_blocked, id=8452, stack(0x00000088e6400000,0x00000088e6500000) (1024K)]
  0x000002160e00af60 JavaThread "pool-2-thread-1"                   [_thread_blocked, id=2708, stack(0x00000088e6900000,0x00000088e6a00000) (1024K)]
  0x000002160e00c9a0 JavaThread "WorkspaceEventsHandler"            [_thread_blocked, id=7504, stack(0x00000088e6a00000,0x00000088e6b00000) (1024K)]
  0x000002160e005a10 JavaThread "pool-1-thread-1"                   [_thread_blocked, id=7376, stack(0x00000088e6b00000,0x00000088e6c00000) (1024K)]
  0x000002160fcb3dc0 JavaThread "Cleaner-0"                  daemon [_thread_blocked, id=4740, stack(0x00000088e4300000,0x00000088e4400000) (1024K)]
  0x000002160e006730 JavaThread "Worker-6: Updating workspace"        [_thread_blocked, id=1968, stack(0x00000088e4400000,0x00000088e4500000) (1024K)]
  0x000002160fcb5800 JavaThread "Worker-7"                          [_thread_blocked, id=6624, stack(0x00000088e6100000,0x00000088e6200000) (1024K)]
  0x000002160e005380 JavaThread "Worker-8: Java indexing... "        [_thread_blocked, id=6360, stack(0x00000088e6200000,0x00000088e6300000) (1024K)]
  0x000002160e006dc0 JavaThread "LocalFile Deleter"          daemon [_thread_blocked, id=13056, stack(0x00000088e6500000,0x00000088e6600000) (1024K)]
  0x000002160e007ae0 JavaThread "Worker-9"                          [_thread_blocked, id=1888, stack(0x00000088e6600000,0x00000088e6700000) (1024K)]
  0x000002160e007450 JavaThread "Worker-10: Building"               [_thread_blocked, id=3080, stack(0x00000088e6700000,0x00000088e6800000) (1024K)]
  0x000002160e00a240 JavaThread "Compiler Class File Writer" daemon [_thread_blocked, id=13188, stack(0x00000088e6c00000,0x00000088e6d00000) (1024K)]
  0x000002160fcb7f60 JavaThread "LocalFile Deleter"          daemon [_thread_blocked, id=1332, stack(0x00000088e6300000,0x00000088e6400000) (1024K)]
  0x000002160fcb2380 JavaThread "Compiler Processing Task"   daemon [_thread_blocked, id=7316, stack(0x00000088e6800000,0x00000088e6900000) (1024K)]
  0x000002160fcb2a10 JavaThread "Worker-11"                         [_thread_blocked, id=4660, stack(0x00000088e6d00000,0x00000088e6e00000) (1024K)]
Total: 35

Other Threads:
=>0x00000215c751a440 VMThread "VM Thread"                           [id=11440, stack(0x00000088e4c00000,0x00000088e4d00000) (1024K)]
  0x00000215c750db20 WatcherThread "VM Periodic Task Thread"        [id=4892, stack(0x00000088e4b00000,0x00000088e4c00000) (1024K)]
  0x00000215ae251300 WorkerThread "GC Thread#0"                     [id=7072, stack(0x00000088e4600000,0x00000088e4700000) (1024K)]
  0x00000215c78717c0 WorkerThread "GC Thread#1"                     [id=1068, stack(0x00000088e5700000,0x00000088e5800000) (1024K)]
  0x00000215ac09dfb0 ConcurrentGCThread "G1 Main Marker"            [id=6484, stack(0x00000088e4700000,0x00000088e4800000) (1024K)]
  0x00000215ac09eb10 WorkerThread "G1 Conc#0"                       [id=6080, stack(0x00000088e4800000,0x00000088e4900000) (1024K)]
  0x00000215ae293a20 ConcurrentGCThread "G1 Refine#0"               [id=7440, stack(0x00000088e4900000,0x00000088e4a00000) (1024K)]
  0x00000215ae294d90 ConcurrentGCThread "G1 Service"                [id=4120, stack(0x00000088e4a00000,0x00000088e4b00000) (1024K)]
Total: 8

Threads with active compile tasks:
C2 CompilerThread0  2497787 18667 % !   4       org.eclipse.jdt.internal.compiler.lookup.Scope::getBinding @ 70 (1577 bytes)
Total: 1

VM state: at safepoint (normal execution)

VM Mutex/Monitor currently owned by a thread:  ([mutex/lock_event])
[0x00007ffb31f7f5b0] Threads_lock - owner thread: 0x00000215c751a440
[0x00007ffb31f7f6b0] Heap_lock - owner thread: 0x000002160e00b5f0

Heap address: 0x0000000700000000, size: 4096 MB, Compressed Oops mode: Zero based, Oop shift amount: 3

CDS archive(s) mapped at: [0x00000215c8000000-0x00000215c8ba0000-0x00000215c8ba0000), size 12189696, SharedBaseAddress: 0x00000215c8000000, ArchiveRelocationMode: 1.
Compressed class space mapped at: 0x00000215c9000000-0x0000021609000000, reserved size: 1073741824
Narrow klass base: 0x00000215c8000000, Narrow klass shift: 0, Narrow klass range: 0x100000000

GC Precious Log:
 CardTable entry size: 512
 Card Set container configuration: InlinePtr #cards 4 size 8 Array Of Cards #cards 16 size 48 Howl #buckets 8 coarsen threshold 3686 Howl Bitmap #cards 512 size 80 coarsen threshold 460 Card regions per heap region 1 cards per card region 4096
 CPUs: 2 total, 2 available
 Memory: 3919M
 Large Page Support: Disabled
 NUMA Support: Disabled
 Compressed Oops: Enabled (Zero based)
 Heap Region Size: 2M
 Heap Min Capacity: 8M
 Heap Initial Capacity: 62M
 Heap Max Capacity: 4G
 Pre-touch: Disabled
 Parallel Workers: 2
 Concurrent Workers: 1
 Concurrent Refinement Workers: 2
 Periodic GC: Disabled
 String Deduplication is enabled

Heap:
 garbage-first heap   total 192512K, used 118191K [0x0000000700000000, 0x0000000800000000)
  region size 2048K, 0 young (0K), 0 survivors (0K)
 Metaspace       used 76908K, committed 78656K, reserved 1179648K
  class space    used 7714K, committed 8448K, reserved 1048576K

Heap Regions: E=young(eden), S=young(survivor), O=old, HS=humongous(starts), HC=humongous(continues), CS=collection set, F=free, TAMS=top-at-mark-start, PB=parsable bottom
|   0|0x0000000700000000, 0x0000000700200000, 0x0000000700200000|100%| O|  |TAMS 0x0000000700200000| PB 0x0000000700000000| Untracked 
|   1|0x0000000700200000, 0x0000000700400000, 0x0000000700400000|100%| O|  |TAMS 0x0000000700400000| PB 0x0000000700200000| Untracked 
|   2|0x0000000700400000, 0x0000000700600000, 0x0000000700600000|100%| O|  |TAMS 0x0000000700600000| PB 0x0000000700400000| Untracked 
|   3|0x0000000700600000, 0x0000000700800000, 0x0000000700800000|100%| O|  |TAMS 0x0000000700800000| PB 0x0000000700600000| Untracked 
|   4|0x0000000700800000, 0x0000000700a00000, 0x0000000700a00000|100%| O|  |TAMS 0x0000000700a00000| PB 0x0000000700800000| Untracked 
|   5|0x0000000700a00000, 0x0000000700c00000, 0x0000000700c00000|100%| O|  |TAMS 0x0000000700c00000| PB 0x0000000700a00000| Untracked 
|   6|0x0000000700c00000, 0x0000000700e00000, 0x0000000700e00000|100%| O|  |TAMS 0x0000000700e00000| PB 0x0000000700c00000| Untracked 
|   7|0x0000000700e00000, 0x0000000701000000, 0x0000000701000000|100%| O|  |TAMS 0x0000000701000000| PB 0x0000000700e00000| Untracked 
|   8|0x0000000701000000, 0x0000000701200000, 0x0000000701200000|100%| O|  |TAMS 0x0000000701200000| PB 0x0000000701000000| Untracked 
|   9|0x0000000701200000, 0x0000000701400000, 0x0000000701400000|100%| O|  |TAMS 0x0000000701400000| PB 0x0000000701200000| Untracked 
|  10|0x0000000701400000, 0x0000000701600000, 0x0000000701600000|100%| O|  |TAMS 0x0000000701600000| PB 0x0000000701400000| Untracked 
|  11|0x0000000701600000, 0x0000000701800000, 0x0000000701800000|100%| O|  |TAMS 0x0000000701800000| PB 0x0000000701600000| Untracked 
|  12|0x0000000701800000, 0x0000000701a00000, 0x0000000701a00000|100%| O|  |TAMS 0x0000000701a00000| PB 0x0000000701800000| Untracked 
|  13|0x0000000701a00000, 0x0000000701c00000, 0x0000000701c00000|100%| O|  |TAMS 0x0000000701c00000| PB 0x0000000701a00000| Untracked 
|  14|0x0000000701c00000, 0x0000000701e00000, 0x0000000701e00000|100%| O|  |TAMS 0x0000000701e00000| PB 0x0000000701c00000| Untracked 
|  15|0x0000000701e00000, 0x0000000702000000, 0x0000000702000000|100%| O|  |TAMS 0x0000000702000000| PB 0x0000000701e00000| Untracked 
|  16|0x0000000702000000, 0x0000000702200000, 0x0000000702200000|100%| O|  |TAMS 0x0000000702200000| PB 0x0000000702000000| Untracked 
|  17|0x0000000702200000, 0x0000000702400000, 0x0000000702400000|100%| O|  |TAMS 0x0000000702400000| PB 0x0000000702200000| Untracked 
|  18|0x0000000702400000, 0x0000000702600000, 0x0000000702600000|100%| O|  |TAMS 0x0000000702600000| PB 0x0000000702400000| Untracked 
|  19|0x0000000702600000, 0x0000000702800000, 0x0000000702800000|100%| O|  |TAMS 0x0000000702800000| PB 0x0000000702600000| Untracked 
|  20|0x0000000702800000, 0x0000000702a00000, 0x0000000702a00000|100%| O|  |TAMS 0x0000000702a00000| PB 0x0000000702800000| Untracked 
|  21|0x0000000702a00000, 0x0000000702c00000, 0x0000000702c00000|100%| O|  |TAMS 0x0000000702c00000| PB 0x0000000702a00000| Untracked 
|  22|0x0000000702c00000, 0x0000000702e00000, 0x0000000702e00000|100%| O|  |TAMS 0x0000000702e00000| PB 0x0000000702c00000| Untracked 
|  23|0x0000000702e00000, 0x0000000703000000, 0x0000000703000000|100%| O|  |TAMS 0x0000000703000000| PB 0x0000000702e00000| Untracked 
|  24|0x0000000703000000, 0x0000000703200000, 0x0000000703200000|100%| O|  |TAMS 0x0000000703200000| PB 0x0000000703000000| Untracked 
|  25|0x0000000703200000, 0x0000000703400000, 0x0000000703400000|100%| O|  |TAMS 0x0000000703400000| PB 0x0000000703200000| Untracked 
|  26|0x0000000703400000, 0x0000000703600000, 0x0000000703600000|100%| O|  |TAMS 0x0000000703600000| PB 0x0000000703400000| Untracked 
|  27|0x0000000703600000, 0x0000000703800000, 0x0000000703800000|100%| O|  |TAMS 0x0000000703800000| PB 0x0000000703600000| Untracked 
|  28|0x0000000703800000, 0x0000000703a00000, 0x0000000703a00000|100%| O|  |TAMS 0x0000000703a00000| PB 0x0000000703800000| Untracked 
|  29|0x0000000703a00000, 0x0000000703c00000, 0x0000000703c00000|100%| O|  |TAMS 0x0000000703c00000| PB 0x0000000703a00000| Untracked 
|  30|0x0000000703c00000, 0x0000000703e00000, 0x0000000703e00000|100%| O|  |TAMS 0x0000000703e00000| PB 0x0000000703c00000| Untracked 
|  31|0x0000000703e00000, 0x0000000704000000, 0x0000000704000000|100%| O|  |TAMS 0x0000000704000000| PB 0x0000000703e00000| Untracked 
|  32|0x0000000704000000, 0x0000000704200000, 0x0000000704200000|100%| O|  |TAMS 0x0000000704200000| PB 0x0000000704000000| Untracked 
|  33|0x0000000704200000, 0x0000000704400000, 0x0000000704400000|100%| O|  |TAMS 0x0000000704400000| PB 0x0000000704200000| Untracked 
|  34|0x0000000704400000, 0x0000000704600000, 0x0000000704600000|100%| O|  |TAMS 0x0000000704600000| PB 0x0000000704400000| Untracked 
|  35|0x0000000704600000, 0x0000000704800000, 0x0000000704800000|100%| O|  |TAMS 0x0000000704800000| PB 0x0000000704600000| Untracked 
|  36|0x0000000704800000, 0x0000000704a00000, 0x0000000704a00000|100%| O|  |TAMS 0x0000000704a00000| PB 0x0000000704800000| Untracked 
|  37|0x0000000704a00000, 0x0000000704c00000, 0x0000000704c00000|100%| O|  |TAMS 0x0000000704c00000| PB 0x0000000704a00000| Untracked 
|  38|0x0000000704c00000, 0x0000000704e00000, 0x0000000704e00000|100%| O|  |TAMS 0x0000000704e00000| PB 0x0000000704c00000| Untracked 
|  39|0x0000000704e00000, 0x0000000705000000, 0x0000000705000000|100%| O|  |TAMS 0x0000000705000000| PB 0x0000000704e00000| Untracked 
|  40|0x0000000705000000, 0x0000000705200000, 0x0000000705200000|100%| O|  |TAMS 0x0000000705200000| PB 0x0000000705000000| Untracked 
|  41|0x0000000705200000, 0x0000000705400000, 0x0000000705400000|100%| O|  |TAMS 0x0000000705400000| PB 0x0000000705200000| Untracked 
|  42|0x0000000705400000, 0x0000000705600000, 0x0000000705600000|100%| O|  |TAMS 0x0000000705600000| PB 0x0000000705400000| Untracked 
|  43|0x0000000705600000, 0x0000000705800000, 0x0000000705800000|100%| O|  |TAMS 0x0000000705800000| PB 0x0000000705600000| Untracked 
|  44|0x0000000705800000, 0x0000000705a00000, 0x0000000705a00000|100%| O|  |TAMS 0x00000007059c8360| PB 0x0000000705800000| Untracked 
|  45|0x0000000705a00000, 0x0000000705c00000, 0x0000000705c00000|100%| O|  |TAMS 0x0000000705a00000| PB 0x0000000705a00000| Untracked 
|  46|0x0000000705c00000, 0x0000000705e00000, 0x0000000705e00000|100%| O|  |TAMS 0x0000000705c00000| PB 0x0000000705c00000| Untracked 
|  47|0x0000000705e00000, 0x0000000706000000, 0x0000000706000000|100%| O|  |TAMS 0x0000000705e00000| PB 0x0000000705e00000| Untracked 
|  48|0x0000000706000000, 0x0000000706200000, 0x0000000706200000|100%| O|  |TAMS 0x0000000706000000| PB 0x0000000706000000| Untracked 
|  49|0x0000000706200000, 0x0000000706400000, 0x0000000706400000|100%| O|  |TAMS 0x0000000706200000| PB 0x0000000706200000| Untracked 
|  50|0x0000000706400000, 0x000000070656bca0, 0x0000000706600000| 71%| O|  |TAMS 0x0000000706400000| PB 0x0000000706400000| Untracked 
|  51|0x0000000706600000, 0x0000000706600000, 0x0000000706800000|  0%| F|  |TAMS 0x0000000706600000| PB 0x0000000706600000| Untracked 
|  52|0x0000000706800000, 0x0000000706800000, 0x0000000706a00000|  0%| F|  |TAMS 0x0000000706800000| PB 0x0000000706800000| Untracked 
|  53|0x0000000706a00000, 0x0000000706c00000, 0x0000000706c00000|100%| O|  |TAMS 0x0000000706a00000| PB 0x0000000706a00000| Untracked 
|  54|0x0000000706c00000, 0x0000000706e00000, 0x0000000706e00000|100%| O|  |TAMS 0x0000000706c00000| PB 0x0000000706c00000| Untracked 
|  55|0x0000000706e00000, 0x0000000707000000, 0x0000000707000000|100%| O|  |TAMS 0x0000000706e00000| PB 0x0000000706e00000| Untracked 
|  56|0x0000000707000000, 0x0000000707000000, 0x0000000707200000|  0%| F|  |TAMS 0x0000000707000000| PB 0x0000000707000000| Untracked 
|  57|0x0000000707200000, 0x0000000707200000, 0x0000000707400000|  0%| F|  |TAMS 0x0000000707200000| PB 0x0000000707200000| Untracked 
|  58|0x0000000707400000, 0x0000000707400000, 0x0000000707600000|  0%| F|  |TAMS 0x0000000707400000| PB 0x0000000707400000| Untracked 
|  59|0x0000000707600000, 0x0000000707600000, 0x0000000707800000|  0%| F|  |TAMS 0x0000000707600000| PB 0x0000000707600000| Untracked 
|  60|0x0000000707800000, 0x0000000707800000, 0x0000000707a00000|  0%| F|  |TAMS 0x0000000707800000| PB 0x0000000707800000| Untracked 
|  61|0x0000000707a00000, 0x0000000707a00000, 0x0000000707c00000|  0%| F|  |TAMS 0x0000000707a00000| PB 0x0000000707a00000| Untracked 
|  62|0x0000000707c00000, 0x0000000707c00000, 0x0000000707e00000|  0%| F|  |TAMS 0x0000000707c00000| PB 0x0000000707c00000| Untracked 
|  63|0x0000000707e00000, 0x0000000707e00000, 0x0000000708000000|  0%| F|  |TAMS 0x0000000707e00000| PB 0x0000000707e00000| Untracked 
|  64|0x0000000708000000, 0x0000000708000000, 0x0000000708200000|  0%| F|  |TAMS 0x0000000708000000| PB 0x0000000708000000| Untracked 
|  65|0x0000000708200000, 0x0000000708200000, 0x0000000708400000|  0%| F|  |TAMS 0x0000000708200000| PB 0x0000000708200000| Untracked 
|  66|0x0000000708400000, 0x0000000708400000, 0x0000000708600000|  0%| F|  |TAMS 0x0000000708400000| PB 0x0000000708400000| Untracked 
|  67|0x0000000708600000, 0x0000000708600000, 0x0000000708800000|  0%| F|  |TAMS 0x0000000708600000| PB 0x0000000708600000| Untracked 
|  68|0x0000000708800000, 0x0000000708800000, 0x0000000708a00000|  0%| F|  |TAMS 0x0000000708800000| PB 0x0000000708800000| Untracked 
|  69|0x0000000708a00000, 0x0000000708a00000, 0x0000000708c00000|  0%| F|  |TAMS 0x0000000708a00000| PB 0x0000000708a00000| Untracked 
|  70|0x0000000708c00000, 0x0000000708c00000, 0x0000000708e00000|  0%| F|  |TAMS 0x0000000708c00000| PB 0x0000000708c00000| Untracked 
|  71|0x0000000708e00000, 0x0000000708e00000, 0x0000000709000000|  0%| F|  |TAMS 0x0000000708e00000| PB 0x0000000708e00000| Untracked 
|  72|0x0000000709000000, 0x0000000709000000, 0x0000000709200000|  0%| F|  |TAMS 0x0000000709000000| PB 0x0000000709000000| Untracked 
|  73|0x0000000709200000, 0x0000000709200000, 0x0000000709400000|  0%| F|  |TAMS 0x0000000709200000| PB 0x0000000709200000| Untracked 
|  74|0x0000000709400000, 0x0000000709400000, 0x0000000709600000|  0%| F|  |TAMS 0x0000000709400000| PB 0x0000000709400000| Untracked 
|  75|0x0000000709600000, 0x0000000709600000, 0x0000000709800000|  0%| F|  |TAMS 0x0000000709600000| PB 0x0000000709600000| Untracked 
|  76|0x0000000709800000, 0x0000000709800000, 0x0000000709a00000|  0%| F|  |TAMS 0x0000000709800000| PB 0x0000000709800000| Untracked 
|  77|0x0000000709a00000, 0x0000000709a00000, 0x0000000709c00000|  0%| F|  |TAMS 0x0000000709a00000| PB 0x0000000709a00000| Untracked 
|  78|0x0000000709c00000, 0x0000000709c00000, 0x0000000709e00000|  0%| F|  |TAMS 0x0000000709c00000| PB 0x0000000709c00000| Untracked 
|  79|0x0000000709e00000, 0x0000000709e00000, 0x000000070a000000|  0%| F|  |TAMS 0x0000000709e00000| PB 0x0000000709e00000| Untracked 
|  80|0x000000070a000000, 0x000000070a000000, 0x000000070a200000|  0%| F|  |TAMS 0x000000070a000000| PB 0x000000070a000000| Untracked 
|  81|0x000000070a200000, 0x000000070a200000, 0x000000070a400000|  0%| F|  |TAMS 0x000000070a200000| PB 0x000000070a200000| Untracked 
|  82|0x000000070a400000, 0x000000070a400000, 0x000000070a600000|  0%| F|  |TAMS 0x000000070a400000| PB 0x000000070a400000| Untracked 
|  83|0x000000070a600000, 0x000000070a600000, 0x000000070a800000|  0%| F|  |TAMS 0x000000070a600000| PB 0x000000070a600000| Untracked 
|  84|0x000000070a800000, 0x000000070a800000, 0x000000070aa00000|  0%| F|  |TAMS 0x000000070a800000| PB 0x000000070a800000| Untracked 
|  85|0x000000070aa00000, 0x000000070aa00000, 0x000000070ac00000|  0%| F|  |TAMS 0x000000070aa00000| PB 0x000000070aa00000| Untracked 
|  86|0x000000070ac00000, 0x000000070ac00000, 0x000000070ae00000|  0%| F|  |TAMS 0x000000070ac00000| PB 0x000000070ac00000| Untracked 
|2041|0x00000007ff200000, 0x00000007ff400000, 0x00000007ff400000|100%| O|  |TAMS 0x00000007ff400000| PB 0x00000007ff200000| Untracked 
|2042|0x00000007ff400000, 0x00000007ff600000, 0x00000007ff600000|100%| O|  |TAMS 0x00000007ff600000| PB 0x00000007ff400000| Untracked 
|2043|0x00000007ff600000, 0x00000007ff600000, 0x00000007ff800000|  0%| F|  |TAMS 0x00000007ff600000| PB 0x00000007ff600000| Untracked 
|2044|0x00000007ff800000, 0x00000007ff800000, 0x00000007ffa00000|  0%| F|  |TAMS 0x00000007ff800000| PB 0x00000007ff800000| Untracked 
|2045|0x00000007ffa00000, 0x00000007ffa00000, 0x00000007ffc00000|  0%| F|  |TAMS 0x00000007ffa00000| PB 0x00000007ffa00000| Untracked 
|2046|0x00000007ffc00000, 0x00000007ffe00000, 0x00000007ffe00000|100%| O|  |TAMS 0x00000007ffe00000| PB 0x00000007ffc00000| Untracked 
|2047|0x00000007ffe00000, 0x0000000800000000, 0x0000000800000000|100%| O|  |TAMS 0x0000000800000000| PB 0x00000007ffe00000| Untracked 

Card table byte_map: [0x00000215c0bf0000,0x00000215c13f0000] _byte_map_base: 0x00000215bd3f0000

Marking Bits: (CMBitMap*) 0x00000215ae2520c0
 Bits: [0x00000215c13f0000, 0x00000215c53f0000)

Polling page: 0x00000215abf20000

Metaspace:

Usage:
  Non-class:     67.57 MB used.
      Class:      7.53 MB used.
       Both:     75.11 MB used.

Virtual space:
  Non-class space:      128.00 MB reserved,      68.56 MB ( 54%) committed,  2 nodes.
      Class space:        1.00 GB reserved,       8.25 MB ( <1%) committed,  1 nodes.
             Both:        1.12 GB reserved,      76.81 MB (  7%) committed. 

Chunk freelists:
   Non-Class:  11.37 MB
       Class:  7.71 MB
        Both:  19.08 MB

MaxMetaspaceSize: unlimited
CompressedClassSpaceSize: 1.00 GB
Initial GC threshold: 21.00 MB
Current GC threshold: 124.38 MB
CDS: on
 - commit_granule_bytes: 65536.
 - commit_granule_words: 8192.
 - virtual_space_node_default_size: 8388608.
 - enlarge_chunks_in_place: 1.
 - use_allocation_guard: 0.


Internal statistics:

num_allocs_failed_limit: 6.
num_arena_births: 1562.
num_arena_deaths: 14.
num_vsnodes_births: 3.
num_vsnodes_deaths: 0.
num_space_committed: 1229.
num_space_uncommitted: 0.
num_chunks_returned_to_freelist: 20.
num_chunks_taken_from_freelist: 5333.
num_chunk_merges: 4.
num_chunk_splits: 3251.
num_chunks_enlarged: 1827.
num_inconsistent_stats: 0.

CodeHeap 'non-profiled nmethods': size=120064Kb used=14303Kb max_used=15048Kb free=105760Kb
 bounds [0x00000215b8eb0000, 0x00000215b9d70000, 0x00000215c03f0000]
CodeHeap 'profiled nmethods': size=120000Kb used=32917Kb max_used=38698Kb free=87082Kb
 bounds [0x00000215b13f0000, 0x00000215b39c0000, 0x00000215b8920000]
CodeHeap 'non-nmethods': size=5696Kb used=1647Kb max_used=1709Kb free=4048Kb
 bounds [0x00000215b8920000, 0x00000215b8b90000, 0x00000215b8eb0000]
CodeCache: size=245760Kb, used=48867Kb, max_used=55455Kb, free=196890Kb
 total_blobs=13408, nmethods=12614, adapters=693, full_count=0
Compilation: enabled, stopped_count=0, restarted_count=0

Compilation events (20 events):
Event: 2492.634 Thread 0x00000215c75b2870 18664       3       org.eclipse.jdt.internal.compiler.lookup.BoundSet$$Lambda/0x00000215c9728248::<init> (10 bytes)
Event: 2492.635 Thread 0x00000215c75b2870 nmethod 18664 0x00000215b1f8e610 code [0x00000215b1f8e7c0, 0x00000215b1f8e980]
Event: 2492.635 Thread 0x00000215c75b2870 18665       2       org.eclipse.jdt.internal.compiler.lookup.BoundSet::incorporate (1514 bytes)
Event: 2492.641 Thread 0x00000215c75b2870 nmethod 18665 0x00000215b1438c90 code [0x00000215b14392e0, 0x00000215b143bec0]
Event: 2492.644 Thread 0x00000215c7543b00 nmethod 18661 0x00000215b9522910 code [0x00000215b9522cc0, 0x00000215b9524518]
Event: 2492.644 Thread 0x00000215c7543b00 18662   !   4       org.eclipse.jdt.internal.compiler.lookup.Scope::getBinding (1577 bytes)
Event: 2492.659 Thread 0x00000215c75b2870 18666   !   3       org.eclipse.jdt.internal.compiler.ast.LambdaExpression::isPertinentToApplicability (153 bytes)
Event: 2492.660 Thread 0x00000215c75b2870 nmethod 18666 0x00000215b1e37f90 code [0x00000215b1e38220, 0x00000215b1e38fc0]
Event: 2492.759 Thread 0x00000215c7543b00 nmethod 18662 0x00000215b951d490 code [0x00000215b951d840, 0x00000215b9520388]
Event: 2496.396 Thread 0x00000215c7543b00 18667 % !   4       org.eclipse.jdt.internal.compiler.lookup.Scope::getBinding @ 70 (1577 bytes)
Event: 2496.404 Thread 0x00000215c75b2870 18668       3       org.eclipse.jdt.internal.compiler.ast.Assignment::getLastField (97 bytes)
Event: 2496.405 Thread 0x00000215c75b2870 nmethod 18668 0x00000215b16d5790 code [0x00000215b16d59c0, 0x00000215b16d64b0]
Event: 2496.405 Thread 0x00000215c75b2870 18670       3       org.eclipse.jdt.core.compiler.CharOperation::lastSegment (22 bytes)
Event: 2496.406 Thread 0x00000215c75b2870 nmethod 18670 0x00000215b221eb10 code [0x00000215b221ece0, 0x00000215b221eea8]
Event: 2496.406 Thread 0x00000215c75b2870 18669       1       org.eclipse.jdt.internal.compiler.DefaultErrorHandlingPolicies$4::ignoreAllErrors (2 bytes)
Event: 2496.406 Thread 0x00000215c75b2870 nmethod 18669 0x00000215b92fea10 code [0x00000215b92feba0, 0x00000215b92fec68]
Event: 2496.417 Thread 0x00000215c75b2870 18673 %     3       org.eclipse.jdt.internal.core.index.DiskIndex::addQueryResults @ 97 (727 bytes)
Event: 2496.421 Thread 0x00000215c75b2870 nmethod 18673% 0x00000215b1a5df10 code [0x00000215b1a5e320, 0x00000215b1a60348]
Event: 2496.421 Thread 0x00000215c75b2870 18674       3       org.eclipse.jdt.internal.core.index.Index::isMatch (370 bytes)
Event: 2496.425 Thread 0x00000215c75b2870 nmethod 18674 0x00000215b21f8310 code [0x00000215b21f86e0, 0x00000215b21f9cb0]

GC Heap History (20 events):
Event: 2210.937 GC heap before
{Heap before GC invocations=52 (full 0):
 garbage-first heap   total 149504K, used 132963K [0x0000000700000000, 0x0000000800000000)
  region size 2048K, 35 young (71680K), 1 survivors (2048K)
 Metaspace       used 70800K, committed 72256K, reserved 1114112K
  class space    used 7189K, committed 7808K, reserved 1048576K
}
Event: 2211.001 GC heap after
{Heap after GC invocations=53 (full 0):
 garbage-first heap   total 149504K, used 69919K [0x0000000700000000, 0x0000000800000000)
  region size 2048K, 4 young (8192K), 4 survivors (8192K)
 Metaspace       used 70800K, committed 72256K, reserved 1114112K
  class space    used 7189K, committed 7808K, reserved 1048576K
}
Event: 2242.732 GC heap before
{Heap before GC invocations=54 (full 0):
 garbage-first heap   total 149504K, used 139551K [0x0000000700000000, 0x0000000800000000)
  region size 2048K, 35 young (71680K), 4 survivors (8192K)
 Metaspace       used 71202K, committed 72768K, reserved 1114112K
  class space    used 7216K, committed 7872K, reserved 1048576K
}
Event: 2242.810 GC heap after
{Heap after GC invocations=55 (full 0):
 garbage-first heap   total 190464K, used 75323K [0x0000000700000000, 0x0000000800000000)
  region size 2048K, 4 young (8192K), 4 survivors (8192K)
 Metaspace       used 71202K, committed 72768K, reserved 1114112K
  class space    used 7216K, committed 7872K, reserved 1048576K
}
Event: 2364.927 GC heap before
{Heap before GC invocations=55 (full 0):
 garbage-first heap   total 190464K, used 169531K [0x0000000700000000, 0x0000000800000000)
  region size 2048K, 50 young (102400K), 4 survivors (8192K)
 Metaspace       used 73576K, committed 75200K, reserved 1179648K
  class space    used 7470K, committed 8192K, reserved 1048576K
}
Event: 2365.298 GC heap after
{Heap after GC invocations=56 (full 0):
 garbage-first heap   total 190464K, used 75643K [0x0000000700000000, 0x0000000800000000)
  region size 2048K, 5 young (10240K), 5 survivors (10240K)
 Metaspace       used 73576K, committed 75200K, reserved 1179648K
  class space    used 7470K, committed 8192K, reserved 1048576K
}
Event: 2378.498 GC heap before
{Heap before GC invocations=56 (full 0):
 garbage-first heap   total 190464K, used 165755K [0x0000000700000000, 0x0000000800000000)
  region size 2048K, 50 young (102400K), 5 survivors (10240K)
 Metaspace       used 74375K, committed 76032K, reserved 1179648K
  class space    used 7494K, committed 8256K, reserved 1048576K
}
Event: 2378.572 GC heap after
{Heap after GC invocations=57 (full 0):
 garbage-first heap   total 190464K, used 84147K [0x0000000700000000, 0x0000000800000000)
  region size 2048K, 7 young (14336K), 7 survivors (14336K)
 Metaspace       used 74375K, committed 76032K, reserved 1179648K
  class space    used 7494K, committed 8256K, reserved 1048576K
}
Event: 2399.629 GC heap before
{Heap before GC invocations=57 (full 0):
 garbage-first heap   total 190464K, used 166067K [0x0000000700000000, 0x0000000800000000)
  region size 2048K, 48 young (98304K), 7 survivors (14336K)
 Metaspace       used 74752K, committed 76416K, reserved 1179648K
  class space    used 7515K, committed 8256K, reserved 1048576K
}
Event: 2399.715 GC heap after
{Heap after GC invocations=58 (full 0):
 garbage-first heap   total 192512K, used 93508K [0x0000000700000000, 0x0000000800000000)
  region size 2048K, 5 young (10240K), 5 survivors (10240K)
 Metaspace       used 74752K, committed 76416K, reserved 1179648K
  class space    used 7515K, committed 8256K, reserved 1048576K
}
Event: 2425.758 GC heap before
{Heap before GC invocations=59 (full 0):
 garbage-first heap   total 192512K, used 169284K [0x0000000700000000, 0x0000000800000000)
  region size 2048K, 42 young (86016K), 5 survivors (10240K)
 Metaspace       used 76032K, committed 77696K, reserved 1179648K
  class space    used 7655K, committed 8384K, reserved 1048576K
}
Event: 2425.833 GC heap after
{Heap after GC invocations=60 (full 0):
 garbage-first heap   total 192512K, used 100284K [0x0000000700000000, 0x0000000800000000)
  region size 2048K, 4 young (8192K), 4 survivors (8192K)
 Metaspace       used 76032K, committed 77696K, reserved 1179648K
  class space    used 7655K, committed 8384K, reserved 1048576K
}
Event: 2454.729 GC heap before
{Heap before GC invocations=60 (full 0):
 garbage-first heap   total 192512K, used 153532K [0x0000000700000000, 0x0000000800000000)
  region size 2048K, 30 young (61440K), 4 survivors (8192K)
 Metaspace       used 76576K, committed 78272K, reserved 1179648K
  class space    used 7712K, committed 8448K, reserved 1048576K
}
Event: 2454.860 GC heap after
{Heap after GC invocations=61 (full 0):
 garbage-first heap   total 192512K, used 101385K [0x0000000700000000, 0x0000000800000000)
  region size 2048K, 2 young (4096K), 2 survivors (4096K)
 Metaspace       used 76576K, committed 78272K, reserved 1179648K
  class space    used 7712K, committed 8448K, reserved 1048576K
}
Event: 2479.060 GC heap before
{Heap before GC invocations=61 (full 0):
 garbage-first heap   total 192512K, used 168969K [0x0000000700000000, 0x0000000800000000)
  region size 2048K, 36 young (73728K), 2 survivors (4096K)
 Metaspace       used 76799K, committed 78528K, reserved 1179648K
  class space    used 7714K, committed 8448K, reserved 1048576K
}
Event: 2479.102 GC heap after
{Heap after GC invocations=62 (full 0):
 garbage-first heap   total 192512K, used 110368K [0x0000000700000000, 0x0000000800000000)
  region size 2048K, 5 young (10240K), 5 survivors (10240K)
 Metaspace       used 76799K, committed 78528K, reserved 1179648K
  class space    used 7714K, committed 8448K, reserved 1048576K
}
Event: 2497.503 GC heap before
{Heap before GC invocations=62 (full 0):
 garbage-first heap   total 192512K, used 147232K [0x0000000700000000, 0x0000000800000000)
  region size 2048K, 25 young (51200K), 5 survivors (10240K)
 Metaspace       used 76908K, committed 78656K, reserved 1179648K
  class space    used 7714K, committed 8448K, reserved 1048576K
}
Event: 2497.561 GC heap after
{Heap after GC invocations=63 (full 0):
 garbage-first heap   total 192512K, used 117599K [0x0000000700000000, 0x0000000800000000)
  region size 2048K, 3 young (6144K), 3 survivors (6144K)
 Metaspace       used 76908K, committed 78656K, reserved 1179648K
  class space    used 7714K, committed 8448K, reserved 1048576K
}
Event: 2497.634 GC heap before
{Heap before GC invocations=63 (full 0):
 garbage-first heap   total 192512K, used 117599K [0x0000000700000000, 0x0000000800000000)
  region size 2048K, 3 young (6144K), 3 survivors (6144K)
 Metaspace       used 76908K, committed 78656K, reserved 1179648K
  class space    used 7714K, committed 8448K, reserved 1048576K
}
Event: 2497.651 GC heap after
{Heap after GC invocations=64 (full 0):
 garbage-first heap   total 192512K, used 118191K [0x0000000700000000, 0x0000000800000000)
  region size 2048K, 0 young (0K), 0 survivors (0K)
 Metaspace       used 76908K, committed 78656K, reserved 1179648K
  class space    used 7714K, committed 8448K, reserved 1048576K
}

Dll operation events (20 events):
Event: 0.060 Attempting to load shared library c:\Users\58769084\.vscode\extensions\redhat.java-1.56.0-win32-x64\jre\21.0.12.1-win32-x86_64\bin\java.dll
Event: 0.060 Loaded shared library c:\Users\58769084\.vscode\extensions\redhat.java-1.56.0-win32-x64\jre\21.0.12.1-win32-x86_64\bin\java.dll
Event: 0.457 Attempting to load shared library c:\Users\58769084\.vscode\extensions\redhat.java-1.56.0-win32-x64\jre\21.0.12.1-win32-x86_64\bin\zip.dll
Event: 0.457 Loaded shared library c:\Users\58769084\.vscode\extensions\redhat.java-1.56.0-win32-x64\jre\21.0.12.1-win32-x86_64\bin\zip.dll
Event: 0.518 Attempting to load shared library C:\Users\58769084\.vscode\extensions\redhat.java-1.56.0-win32-x64\jre\21.0.12.1-win32-x86_64\bin\instrument.dll
Event: 0.518 Loaded shared library C:\Users\58769084\.vscode\extensions\redhat.java-1.56.0-win32-x64\jre\21.0.12.1-win32-x86_64\bin\instrument.dll
Event: 0.525 Attempting to load shared library C:\Users\58769084\.vscode\extensions\redhat.java-1.56.0-win32-x64\jre\21.0.12.1-win32-x86_64\bin\net.dll
Event: 0.526 Loaded shared library C:\Users\58769084\.vscode\extensions\redhat.java-1.56.0-win32-x64\jre\21.0.12.1-win32-x86_64\bin\net.dll
Event: 0.531 Attempting to load shared library C:\Users\58769084\.vscode\extensions\redhat.java-1.56.0-win32-x64\jre\21.0.12.1-win32-x86_64\bin\nio.dll
Event: 0.531 Loaded shared library C:\Users\58769084\.vscode\extensions\redhat.java-1.56.0-win32-x64\jre\21.0.12.1-win32-x86_64\bin\nio.dll
Event: 0.538 Attempting to load shared library C:\Users\58769084\.vscode\extensions\redhat.java-1.56.0-win32-x64\jre\21.0.12.1-win32-x86_64\bin\zip.dll
Event: 0.538 Loaded shared library C:\Users\58769084\.vscode\extensions\redhat.java-1.56.0-win32-x64\jre\21.0.12.1-win32-x86_64\bin\zip.dll
Event: 0.659 Attempting to load shared library C:\Users\58769084\.vscode\extensions\redhat.java-1.56.0-win32-x64\jre\21.0.12.1-win32-x86_64\bin\jimage.dll
Event: 0.659 Loaded shared library C:\Users\58769084\.vscode\extensions\redhat.java-1.56.0-win32-x64\jre\21.0.12.1-win32-x86_64\bin\jimage.dll
Event: 0.926 Attempting to load shared library c:\Users\58769084\.vscode\extensions\redhat.java-1.56.0-win32-x64\jre\21.0.12.1-win32-x86_64\bin\verify.dll
Event: 0.926 Loaded shared library c:\Users\58769084\.vscode\extensions\redhat.java-1.56.0-win32-x64\jre\21.0.12.1-win32-x86_64\bin\verify.dll
Event: 6.621 Attempting to load shared library C:\Users\58769084\AppData\Roaming\Code\User\globalStorage\redhat.java\1.56.0\config_win\org.eclipse.equinox.launcher\org.eclipse.equinox.launcher.win32.win32.x86_64_1.3.100.v20260804-1928\eclipse_11924.dll
Event: 6.622 Loaded shared library C:\Users\58769084\AppData\Roaming\Code\User\globalStorage\redhat.java\1.56.0\config_win\org.eclipse.equinox.launcher\org.eclipse.equinox.launcher.win32.win32.x86_64_1.3.100.v20260804-1928\eclipse_11924.dll
Event: 47.374 Attempting to load shared library C:\Users\58769084\AppData\Local\Temp\jna-1961452565\jna3373304987408672101.dll
Event: 47.584 Loaded shared library C:\Users\58769084\AppData\Local\Temp\jna-1961452565\jna3373304987408672101.dll

Deoptimization events (20 events):
Event: 2490.922 Thread 0x000002160fcb2380 Uncommon trap: trap_request=0xffffffde fr.pc=0x00000215b92ef2c0 relative=0x0000000000001040
Event: 2490.922 Thread 0x000002160fcb2380 Uncommon trap: reason=class_check action=maybe_recompile pc=0x00000215b92ef2c0 method=org.eclipse.jdt.internal.compiler.parser.Parser.consumeRule(I)V @ 4249 c2
Event: 2490.922 Thread 0x000002160fcb2380 DEOPT PACKING pc=0x00000215b92ef2c0 sp=0x00000088e68fe980
Event: 2490.922 Thread 0x000002160fcb2380 DEOPT UNPACKING pc=0x00000215b897439c sp=0x00000088e68fe910 mode 2
Event: 2490.927 Thread 0x000002160fcb2380 Uncommon trap: trap_request=0xffffffcc fr.pc=0x00000215b93dc7a8 relative=0x0000000000000548
Event: 2490.927 Thread 0x000002160fcb2380 Uncommon trap: reason=intrinsic_or_type_checked_inlining action=make_not_entrant pc=0x00000215b93dc7a8 method=org.eclipse.jdt.internal.compiler.parser.Parser.consumeMethodDeclaration(ZZ)V @ 114 c2
Event: 2490.927 Thread 0x000002160fcb2380 DEOPT PACKING pc=0x00000215b93dc7a8 sp=0x00000088e68fe920
Event: 2490.927 Thread 0x000002160fcb2380 DEOPT UNPACKING pc=0x00000215b897439c sp=0x00000088e68fe8a8 mode 2
Event: 2492.471 Thread 0x000002160fcb2380 Uncommon trap: trap_request=0xffffffde fr.pc=0x00000215b9cc5fe0 relative=0x0000000000001560
Event: 2492.478 Thread 0x000002160fcb2380 Uncommon trap: reason=class_check action=maybe_recompile pc=0x00000215b9cc5fe0 method=org.eclipse.jdt.internal.compiler.lookup.Scope.getBinding([CILorg/eclipse/jdt/internal/compiler/lookup/InvocationSite;Z)Lorg/eclipse/jdt/internal/compiler/lookup/Binding
Event: 2492.478 Thread 0x000002160fcb2380 DEOPT PACKING pc=0x00000215b9cc5fe0 sp=0x00000088e68fdaa0
Event: 2492.478 Thread 0x000002160fcb2380 DEOPT UNPACKING pc=0x00000215b897439c sp=0x00000088e68fd9e8 mode 2
Event: 2492.538 Thread 0x000002160fcb2380 Uncommon trap: trap_request=0xffffffde fr.pc=0x00000215b9cc5fe0 relative=0x0000000000001560
Event: 2492.538 Thread 0x000002160fcb2380 Uncommon trap: reason=class_check action=maybe_recompile pc=0x00000215b9cc5fe0 method=org.eclipse.jdt.internal.compiler.lookup.Scope.getBinding([CILorg/eclipse/jdt/internal/compiler/lookup/InvocationSite;Z)Lorg/eclipse/jdt/internal/compiler/lookup/Binding
Event: 2492.538 Thread 0x000002160fcb2380 DEOPT PACKING pc=0x00000215b9cc5fe0 sp=0x00000088e68fd8b0
Event: 2492.538 Thread 0x000002160fcb2380 DEOPT UNPACKING pc=0x00000215b897439c sp=0x00000088e68fd7f8 mode 2
Event: 2492.625 Thread 0x000002160fcb2380 Uncommon trap: trap_request=0xffffffcc fr.pc=0x00000215b94655c0 relative=0x0000000000007da0
Event: 2492.625 Thread 0x000002160fcb2380 Uncommon trap: reason=intrinsic_or_type_checked_inlining action=make_not_entrant pc=0x00000215b94655c0 method=org.eclipse.jdt.internal.compiler.lookup.BoundSet.incorporate(Lorg/eclipse/jdt/internal/compiler/lookup/InferenceContext18;[Lorg/eclipse/jdt/inte
Event: 2492.625 Thread 0x000002160fcb2380 DEOPT PACKING pc=0x00000215b94655c0 sp=0x00000088e68fdec0
Event: 2492.625 Thread 0x000002160fcb2380 DEOPT UNPACKING pc=0x00000215b897439c sp=0x00000088e68fde70 mode 2

Classes loaded (20 events):
Event: 2376.001 Loading class java/util/concurrent/ArrayBlockingQueue
Event: 2376.065 Loading class java/util/concurrent/ArrayBlockingQueue done
Event: 2377.028 Loading class java/util/concurrent/ConcurrentHashMap$KeySpliterator
Event: 2377.029 Loading class java/util/concurrent/ConcurrentHashMap$KeySpliterator done
Event: 2377.442 Loading class sun/nio/ch/ChannelOutputStream
Event: 2377.598 Loading class sun/nio/ch/ChannelOutputStream done
Event: 2425.092 Loading class sun/nio/ch/SocketOutputStream
Event: 2425.092 Loading class sun/nio/ch/SocketOutputStream done
Event: 2425.094 Loading class java/nio/file/attribute/PosixFileAttributes
Event: 2425.095 Loading class java/nio/file/attribute/PosixFileAttributes done
Event: 2425.102 Loading class java/nio/file/attribute/PosixFileAttributeView
Event: 2425.104 Loading class java/nio/file/attribute/PosixFileAttributeView done
Event: 2425.104 Loading class java/nio/file/attribute/DosFileAttributeView
Event: 2425.105 Loading class java/nio/file/attribute/DosFileAttributeView done
Event: 2425.105 Loading class java/nio/file/attribute/UserDefinedFileAttributeView
Event: 2425.105 Loading class java/nio/file/attribute/UserDefinedFileAttributeView done
Event: 2425.110 Loading class java/nio/BufferMismatch
Event: 2425.112 Loading class java/nio/BufferMismatch done
Event: 2459.625 Loading class sun/nio/fs/WindowsFileCopy
Event: 2459.627 Loading class sun/nio/fs/WindowsFileCopy done

Classes unloaded (7 events):
Event: 75.140 Thread 0x00000215c751a440 Unloading class 0x00000215c91ab800 'java/lang/invoke/LambdaForm$MH+0x00000215c91ab800'
Event: 75.140 Thread 0x00000215c751a440 Unloading class 0x00000215c91ab400 'java/lang/invoke/LambdaForm$MH+0x00000215c91ab400'
Event: 75.140 Thread 0x00000215c751a440 Unloading class 0x00000215c91ab000 'java/lang/invoke/LambdaForm$MH+0x00000215c91ab000'
Event: 75.140 Thread 0x00000215c751a440 Unloading class 0x00000215c91aac00 'java/lang/invoke/LambdaForm$MH+0x00000215c91aac00'
Event: 75.140 Thread 0x00000215c751a440 Unloading class 0x00000215c91aa800 'java/lang/invoke/LambdaForm$BMH+0x00000215c91aa800'
Event: 75.140 Thread 0x00000215c751a440 Unloading class 0x00000215c91aa400 'java/lang/invoke/LambdaForm$DMH+0x00000215c91aa400'
Event: 75.140 Thread 0x00000215c751a440 Unloading class 0x00000215c91a9000 'java/lang/invoke/LambdaForm$DMH+0x00000215c91a9000'

Classes redefined (0 events):
No events

Internal exceptions (20 events):
Event: 2459.627 Thread 0x000002160e00b5f0 Exception <a 'sun/nio/fs/WindowsException'{0x000000070a039b28}> (0x000000070a039b28) 
thrown [s\src\hotspot\share\prims\jni.cpp, line 520]
Event: 2459.895 Thread 0x000002160fcb7f60 Exception <a 'sun/nio/fs/WindowsException'{0x000000070a3fb298}> (0x000000070a3fb298) 
thrown [s\src\hotspot\share\prims\jni.cpp, line 520]
Event: 2467.140 Thread 0x000002160fcb7f60 Exception <a 'sun/nio/fs/WindowsException'{0x000000070a11bef0}> (0x000000070a11bef0) 
thrown [s\src\hotspot\share\prims\jni.cpp, line 520]
Event: 2467.140 Thread 0x000002160fcb7f60 Exception <a 'sun/nio/fs/WindowsException'{0x000000070a11c3a8}> (0x000000070a11c3a8) 
thrown [s\src\hotspot\share\prims\jni.cpp, line 520]
Event: 2467.140 Thread 0x000002160fcb7f60 Exception <a 'sun/nio/fs/WindowsException'{0x000000070a11c830}> (0x000000070a11c830) 
thrown [s\src\hotspot\share\prims\jni.cpp, line 520]
Event: 2467.140 Thread 0x000002160fcb7f60 Exception <a 'sun/nio/fs/WindowsException'{0x000000070a11cca0}> (0x000000070a11cca0) 
thrown [s\src\hotspot\share\prims\jni.cpp, line 520]
Event: 2467.141 Thread 0x000002160fcb7f60 Exception <a 'sun/nio/fs/WindowsException'{0x000000070a11d110}> (0x000000070a11d110) 
thrown [s\src\hotspot\share\prims\jni.cpp, line 520]
Event: 2467.141 Thread 0x000002160fcb7f60 Exception <a 'sun/nio/fs/WindowsException'{0x000000070a11d568}> (0x000000070a11d568) 
thrown [s\src\hotspot\share\prims\jni.cpp, line 520]
Event: 2467.141 Thread 0x000002160fcb7f60 Exception <a 'sun/nio/fs/WindowsException'{0x000000070a11d9d8}> (0x000000070a11d9d8) 
thrown [s\src\hotspot\share\prims\jni.cpp, line 520]
Event: 2467.141 Thread 0x000002160fcb7f60 Exception <a 'sun/nio/fs/WindowsException'{0x000000070a11de48}> (0x000000070a11de48) 
thrown [s\src\hotspot\share\prims\jni.cpp, line 520]
Event: 2467.141 Thread 0x000002160fcb7f60 Exception <a 'sun/nio/fs/WindowsException'{0x000000070a11e378}> (0x000000070a11e378) 
thrown [s\src\hotspot\share\prims\jni.cpp, line 520]
Event: 2467.141 Thread 0x000002160fcb7f60 Exception <a 'sun/nio/fs/WindowsException'{0x000000070a11e7d0}> (0x000000070a11e7d0) 
thrown [s\src\hotspot\share\prims\jni.cpp, line 520]
Event: 2467.141 Thread 0x000002160fcb7f60 Exception <a 'sun/nio/fs/WindowsException'{0x000000070a11ec40}> (0x000000070a11ec40) 
thrown [s\src\hotspot\share\prims\jni.cpp, line 520]
Event: 2467.141 Thread 0x000002160fcb7f60 Exception <a 'sun/nio/fs/WindowsException'{0x000000070a11f098}> (0x000000070a11f098) 
thrown [s\src\hotspot\share\prims\jni.cpp, line 520]
Event: 2467.142 Thread 0x000002160fcb7f60 Exception <a 'sun/nio/fs/WindowsException'{0x000000070a11f550}> (0x000000070a11f550) 
thrown [s\src\hotspot\share\prims\jni.cpp, line 520]
Event: 2467.142 Thread 0x000002160fcb7f60 Exception <a 'sun/nio/fs/WindowsException'{0x000000070a11f9a8}> (0x000000070a11f9a8) 
thrown [s\src\hotspot\share\prims\jni.cpp, line 520]
Event: 2467.144 Thread 0x000002160fcb7f60 Exception <a 'sun/nio/fs/WindowsException'{0x000000070a11fe18}> (0x000000070a11fe18) 
thrown [s\src\hotspot\share\prims\jni.cpp, line 520]
Event: 2467.150 Thread 0x000002160fcb7f60 Exception <a 'sun/nio/fs/WindowsException'{0x000000070a120288}> (0x000000070a120288) 
thrown [s\src\hotspot\share\prims\jni.cpp, line 520]
Event: 2467.186 Thread 0x000002160e006dc0 Exception <a 'sun/nio/fs/WindowsException'{0x000000070a28f7a8}> (0x000000070a28f7a8) 
thrown [s\src\hotspot\share\prims\jni.cpp, line 520]
Event: 2467.552 Thread 0x000002160e007450 Exception <a 'sun/nio/fs/WindowsException'{0x0000000709b384a8}> (0x0000000709b384a8) 
thrown [s\src\hotspot\share\prims\jni.cpp, line 520]

ZGC Phase Switch (0 events):
No events

VM Operations (20 events):
Event: 2480.138 Executing safepoint VM operation: Cleanup done
Event: 2482.176 Executing safepoint VM operation: Cleanup
Event: 2482.396 Executing safepoint VM operation: Cleanup done
Event: 2483.408 Executing safepoint VM operation: Cleanup
Event: 2483.910 Executing safepoint VM operation: Cleanup done
Event: 2484.912 Executing safepoint VM operation: Cleanup
Event: 2485.246 Executing safepoint VM operation: Cleanup done
Event: 2486.247 Executing safepoint VM operation: Cleanup
Event: 2486.558 Executing safepoint VM operation: Cleanup done
Event: 2487.559 Executing safepoint VM operation: Cleanup
Event: 2488.894 Executing safepoint VM operation: Cleanup done
Event: 2489.894 Executing safepoint VM operation: Cleanup
Event: 2489.894 Executing safepoint VM operation: Cleanup done
Event: 2490.896 Executing safepoint VM operation: Cleanup
Event: 2490.896 Executing safepoint VM operation: Cleanup done
Event: 2492.895 Executing safepoint VM operation: Cleanup
Event: 2496.443 Executing safepoint VM operation: Cleanup done
Event: 2496.443 Executing safepoint VM operation: G1TryInitiateConcMark (G1 Humongous Allocation)
Event: 2497.561 Executing safepoint VM operation: G1TryInitiateConcMark (G1 Humongous Allocation) done
Event: 2497.597 Executing safepoint VM operation: G1CollectForAllocation (G1 Humongous Allocation)

Memory protections (0 events):
No events

Nmethod flushes (20 events):
Event: 2401.353 Thread 0x00000215c751a440 flushing  nmethod 0x00000215b2ea5090
Event: 2401.353 Thread 0x00000215c751a440 flushing  nmethod 0x00000215b2ea5390
Event: 2401.353 Thread 0x00000215c751a440 flushing  nmethod 0x00000215b2ed7310
Event: 2401.353 Thread 0x00000215c751a440 flushing  nmethod 0x00000215b2eefe10
Event: 2401.353 Thread 0x00000215c751a440 flushing  nmethod 0x00000215b2fd1590
Event: 2401.353 Thread 0x00000215c751a440 flushing  nmethod 0x00000215b303b010
Event: 2401.353 Thread 0x00000215c751a440 flushing  nmethod 0x00000215b3040310
Event: 2401.353 Thread 0x00000215c751a440 flushing  nmethod 0x00000215b3041190
Event: 2401.353 Thread 0x00000215c751a440 flushing  nmethod 0x00000215b30c6690
Event: 2401.353 Thread 0x00000215c751a440 flushing  nmethod 0x00000215b31fb410
Event: 2401.353 Thread 0x00000215c751a440 flushing  nmethod 0x00000215b3210810
Event: 2401.353 Thread 0x00000215c751a440 flushing  nmethod 0x00000215b3212410
Event: 2401.353 Thread 0x00000215c751a440 flushing  nmethod 0x00000215b3214390
Event: 2401.353 Thread 0x00000215c751a440 flushing  nmethod 0x00000215b321a690
Event: 2401.353 Thread 0x00000215c751a440 flushing  nmethod 0x00000215b321b790
Event: 2401.353 Thread 0x00000215c751a440 flushing  nmethod 0x00000215b3220f90
Event: 2401.353 Thread 0x00000215c751a440 flushing  nmethod 0x00000215b3244390
Event: 2401.353 Thread 0x00000215c751a440 flushing  nmethod 0x00000215b326f790
Event: 2401.353 Thread 0x00000215c751a440 flushing  nmethod 0x00000215b3281810
Event: 2401.354 Thread 0x00000215c751a440 flushing  nmethod 0x00000215b32ae110

Events (20 events):
Event: 2452.298 Thread 0x000002160fcb0fd0 Thread exited: 0x000002160fcb0fd0
Event: 2452.326 Thread 0x000002160fcb7f60 Thread exited: 0x000002160fcb7f60
Event: 2452.845 Thread 0x000002160fcb2a10 Thread exited: 0x000002160fcb2a10
Event: 2454.964 Thread 0x000002160fcb2380 Thread exited: 0x000002160fcb2380
Event: 2457.093 Thread 0x000002160e005a10 Thread added: 0x000002160fcb7f60
Event: 2457.094 Thread 0x000002160e005a10 Thread added: 0x000002160fcb1cf0
Event: 2457.094 Thread 0x000002160e005a10 Thread added: 0x000002160fcb0fd0
Event: 2457.256 Thread 0x000002160e005a10 Thread added: 0x000002160fcb2380
Event: 2457.748 Thread 0x000002160fcb7f60 Thread exited: 0x000002160fcb7f60
Event: 2457.871 Thread 0x000002160e005a10 Thread added: 0x000002160fcb7f60
Event: 2457.918 Thread 0x000002160e005a10 Thread added: 0x000002160fcb2a10
Event: 2457.923 Thread 0x000002160fcb1cf0 Thread exited: 0x000002160fcb1cf0
Event: 2457.924 Thread 0x000002160fcb2380 Thread exited: 0x000002160fcb2380
Event: 2458.353 Thread 0x000002160fcb0fd0 Thread exited: 0x000002160fcb0fd0
Event: 2458.414 Thread 0x000002160fcb7f60 Thread exited: 0x000002160fcb7f60
Event: 2458.494 Thread 0x000002160e006dc0 Thread added: 0x000002160fcb7f60
Event: 2458.531 Thread 0x000002160fcb2a10 Thread exited: 0x000002160fcb2a10
Event: 2467.055 Thread 0x000002160e008170 Thread exited: 0x000002160e008170
Event: 2472.099 Thread 0x000002160e007450 Thread added: 0x000002160fcb2380
Event: 2485.792 Thread 0x000002160fcb5800 Thread added: 0x000002160fcb2a10


Dynamic libraries:
0x00007ff6f3ef0000 - 0x00007ff6f3efe000 	c:\Users\58769084\.vscode\extensions\redhat.java-1.56.0-win32-x64\jre\21.0.12.1-win32-x86_64\bin\java.exe
0x00007ffbc34f0000 - 0x00007ffbc36e8000 	C:\WINDOWS\SYSTEM32\ntdll.dll
0x00007ffbc1890000 - 0x00007ffbc1952000 	C:\WINDOWS\System32\KERNEL32.DLL
0x00007ffbc1110000 - 0x00007ffbc1406000 	C:\WINDOWS\System32\KERNELBASE.dll
0x00007ffbc1410000 - 0x00007ffbc1510000 	C:\WINDOWS\System32\ucrtbase.dll
0x00007ffb93c50000 - 0x00007ffb93c68000 	c:\Users\58769084\.vscode\extensions\redhat.java-1.56.0-win32-x64\jre\21.0.12.1-win32-x86_64\bin\jli.dll
0x00007ffbc3300000 - 0x00007ffbc34a1000 	C:\WINDOWS\System32\USER32.dll
0x00007ffbc0c80000 - 0x00007ffbc0ca2000 	C:\WINDOWS\System32\win32u.dll
0x00007ffbc3060000 - 0x00007ffbc308b000 	C:\WINDOWS\System32\GDI32.dll
0x00007ffbc0dc0000 - 0x00007ffbc0ed9000 	C:\WINDOWS\System32\gdi32full.dll
0x00007ffbc0f10000 - 0x00007ffbc0fad000 	C:\WINDOWS\System32\msvcp_win.dll
0x00007ffb60410000 - 0x00007ffb6042e000 	c:\Users\58769084\.vscode\extensions\redhat.java-1.56.0-win32-x64\jre\21.0.12.1-win32-x86_64\bin\VCRUNTIME140.dll
0x00007ffbae950000 - 0x00007ffbaebeb000 	C:\WINDOWS\WinSxS\amd64_microsoft.windows.common-controls_6595b64144ccf1df_6.0.19041.6456_none_60b8a6cb71f64256\COMCTL32.dll
0x00007ffbc1fb0000 - 0x00007ffbc204e000 	C:\WINDOWS\System32\msvcrt.dll
0x00007ffbc3090000 - 0x00007ffbc30bf000 	C:\WINDOWS\System32\IMM32.DLL
0x00007ffbb6f00000 - 0x00007ffbb6f0c000 	c:\Users\58769084\.vscode\extensions\redhat.java-1.56.0-win32-x64\jre\21.0.12.1-win32-x86_64\bin\vcruntime140_1.dll
0x00007ffb38ed0000 - 0x00007ffb38f5d000 	c:\Users\58769084\.vscode\extensions\redhat.java-1.56.0-win32-x64\jre\21.0.12.1-win32-x86_64\bin\msvcp140.dll
0x00007ffb312c0000 - 0x00007ffb32062000 	c:\Users\58769084\.vscode\extensions\redhat.java-1.56.0-win32-x64\jre\21.0.12.1-win32-x86_64\bin\server\jvm.dll
0x00007ffbc2a60000 - 0x00007ffbc2b11000 	C:\WINDOWS\System32\ADVAPI32.dll
0x00007ffbc2e20000 - 0x00007ffbc2ebf000 	C:\WINDOWS\System32\sechost.dll
0x00007ffbc2f40000 - 0x00007ffbc3060000 	C:\WINDOWS\System32\RPCRT4.dll
0x00007ffbc0ee0000 - 0x00007ffbc0f07000 	C:\WINDOWS\System32\bcrypt.dll
0x00007ffbc2ec0000 - 0x00007ffbc2f2b000 	C:\WINDOWS\System32\WS2_32.dll
0x00007ffbc09e0000 - 0x00007ffbc0a2b000 	C:\WINDOWS\SYSTEM32\POWRPROF.dll
0x00007ffbaa750000 - 0x00007ffbaa777000 	C:\WINDOWS\SYSTEM32\WINMM.dll
0x00007ffbb6ac0000 - 0x00007ffbb6aca000 	C:\WINDOWS\SYSTEM32\VERSION.dll
0x00007ffbc09c0000 - 0x00007ffbc09d2000 	C:\WINDOWS\SYSTEM32\UMPDC.dll
0x00007ffbbe6c0000 - 0x00007ffbbe6d2000 	C:\WINDOWS\SYSTEM32\kernel.appcore.dll
0x00007ffb9e170000 - 0x00007ffb9e17a000 	c:\Users\58769084\.vscode\extensions\redhat.java-1.56.0-win32-x64\jre\21.0.12.1-win32-x86_64\bin\jimage.dll
0x00007ffbaa3b0000 - 0x00007ffbaa5b1000 	C:\WINDOWS\SYSTEM32\DBGHELP.DLL
0x00007ffb9f5f0000 - 0x00007ffb9f624000 	C:\WINDOWS\SYSTEM32\dbgcore.DLL
0x00007ffbc0d30000 - 0x00007ffbc0db2000 	C:\WINDOWS\System32\bcryptPrimitives.dll
0x00007ffb93c40000 - 0x00007ffb93c4f000 	c:\Users\58769084\.vscode\extensions\redhat.java-1.56.0-win32-x64\jre\21.0.12.1-win32-x86_64\bin\instrument.dll
0x00007ffb602c0000 - 0x00007ffb602e0000 	c:\Users\58769084\.vscode\extensions\redhat.java-1.56.0-win32-x64\jre\21.0.12.1-win32-x86_64\bin\java.dll
0x00007ffbc2180000 - 0x00007ffbc28f0000 	C:\WINDOWS\System32\SHELL32.dll
0x00007ffbbe8c0000 - 0x00007ffbbf065000 	C:\WINDOWS\SYSTEM32\windows.storage.dll
0x00007ffbc1530000 - 0x00007ffbc1884000 	C:\WINDOWS\System32\combase.dll
0x00007ffbc03f0000 - 0x00007ffbc041b000 	C:\WINDOWS\SYSTEM32\Wldp.dll
0x00007ffbc31a0000 - 0x00007ffbc326d000 	C:\WINDOWS\System32\OLEAUT32.dll
0x00007ffbc29b0000 - 0x00007ffbc2a5d000 	C:\WINDOWS\System32\SHCORE.dll
0x00007ffbc30c0000 - 0x00007ffbc311b000 	C:\WINDOWS\System32\shlwapi.dll
0x00007ffbc0ab0000 - 0x00007ffbc0ad4000 	C:\WINDOWS\SYSTEM32\profapi.dll
0x00007ffb5f020000 - 0x00007ffb5f038000 	c:\Users\58769084\.vscode\extensions\redhat.java-1.56.0-win32-x64\jre\21.0.12.1-win32-x86_64\bin\zip.dll
0x00007ffb602b0000 - 0x00007ffb602c0000 	C:\Users\58769084\.vscode\extensions\redhat.java-1.56.0-win32-x64\jre\21.0.12.1-win32-x86_64\bin\net.dll
0x00007ffbbfa90000 - 0x00007ffbbfb9a000 	C:\WINDOWS\SYSTEM32\WINHTTP.dll
0x00007ffbc01d0000 - 0x00007ffbc023a000 	C:\WINDOWS\system32\mswsock.dll
0x00007ffbbb2e0000 - 0x00007ffbbb2f6000 	C:\Users\58769084\.vscode\extensions\redhat.java-1.56.0-win32-x64\jre\21.0.12.1-win32-x86_64\bin\nio.dll
0x00007ffbbb650000 - 0x00007ffbbb660000 	c:\Users\58769084\.vscode\extensions\redhat.java-1.56.0-win32-x64\jre\21.0.12.1-win32-x86_64\bin\verify.dll
0x00007ffb49a20000 - 0x00007ffb49a65000 	C:\Users\58769084\AppData\Roaming\Code\User\globalStorage\redhat.java\1.56.0\config_win\org.eclipse.equinox.launcher\org.eclipse.equinox.launcher.win32.win32.x86_64_1.3.100.v20260804-1928\eclipse_11924.dll
0x00007ffbc2050000 - 0x00007ffbc217b000 	C:\WINDOWS\System32\ole32.dll
0x00007ffbc0430000 - 0x00007ffbc0448000 	C:\WINDOWS\SYSTEM32\CRYPTSP.dll
0x00007ffbbfa00000 - 0x00007ffbbfa38000 	C:\WINDOWS\system32\rsaenh.dll
0x00007ffbc0a30000 - 0x00007ffbc0a5e000 	C:\WINDOWS\SYSTEM32\USERENV.dll
0x00007ffbc0360000 - 0x00007ffbc036c000 	C:\WINDOWS\SYSTEM32\CRYPTBASE.dll
0x00007ffbbfed0000 - 0x00007ffbbff0b000 	C:\WINDOWS\SYSTEM32\IPHLPAPI.DLL
0x00007ffbc2f30000 - 0x00007ffbc2f38000 	C:\WINDOWS\System32\NSI.dll
0x00007ffbbaa70000 - 0x00007ffbbaab9000 	C:\Users\58769084\AppData\Local\Temp\jna-1961452565\jna3373304987408672101.dll
0x00007ffbc29a0000 - 0x00007ffbc29a8000 	C:\WINDOWS\System32\PSAPI.DLL
0x00007ffbb5260000 - 0x00007ffbb5277000 	C:\WINDOWS\SYSTEM32\dhcpcsvc6.DLL
0x00007ffbb67b0000 - 0x00007ffbb67cd000 	C:\WINDOWS\SYSTEM32\dhcpcsvc.DLL

JVMTI agents:
c:\Users\58769084\.vscode\extensions\redhat.java-1.56.0-win32-x64\lombok\lombok-1.18.39-4050.jar path:c:\Users\58769084\.vscode\extensions\redhat.java-1.56.0-win32-x64\jre\21.0.12.1-win32-x86_64\bin\instrument.dll, loaded, initialized, instrumentlib options:none

dbghelp: loaded successfully - version: 4.0.5 - missing functions: none
symbol engine: initialized successfully - sym options: 0x614 - pdb path: .;c:\Users\58769084\.vscode\extensions\redhat.java-1.56.0-win32-x64\jre\21.0.12.1-win32-x86_64\bin;C:\WINDOWS\SYSTEM32;C:\WINDOWS\WinSxS\amd64_microsoft.windows.common-controls_6595b64144ccf1df_6.0.19041.6456_none_60b8a6cb71f64256;c:\Users\58769084\.vscode\extensions\redhat.java-1.56.0-win32-x64\jre\21.0.12.1-win32-x86_64\bin\server;C:\Users\58769084\AppData\Roaming\Code\User\globalStorage\redhat.java\1.56.0\config_win\org.eclipse.equinox.launcher\org.eclipse.equinox.launcher.win32.win32.x86_64_1.3.100.v20260804-1928;C:\Users\58769084\AppData\Local\Temp\jna-1961452565

VM Arguments:
jvm_args: --add-modules=ALL-SYSTEM --add-opens=java.base/java.util=ALL-UNNAMED --add-opens=java.base/java.lang=ALL-UNNAMED --add-opens=java.base/sun.nio.fs=ALL-UNNAMED -Declipse.application=org.eclipse.jdt.ls.core.id1 -Dosgi.bundles.defaultStartLevel=4 -Declipse.product=org.eclipse.jdt.ls.core.product -Djava.import.generatesMetadataFilesAtProjectRoot=false -Dm2e.project.cache.size=50 -DDetectVMInstallationsJob.disabled=true -Dfile.encoding=utf8 -Xlog:disable -XX:+UseG1GC -XX:+UseStringDeduplication -Xmx4G -javaagent:c:\Users\58769084\.vscode\extensions\redhat.java-1.56.0-win32-x64\lombok\lombok-1.18.39-4050.jar -XX:+HeapDumpOnOutOfMemoryError -XX:HeapDumpPath=c:\Users\58769084\AppData\Roaming\Code\User\workspaceStorage\f183437116053616420707e311afbfd2\redhat.java -Daether.dependencyCollector.impl=bf 
java_command: c:\Users\58769084\.vscode\extensions\redhat.java-1.56.0-win32-x64\server\plugins\org.eclipse.equinox.launcher_1.8.0.v20260804-1928.jar -configuration c:\Users\58769084\AppData\Roaming\Code\User\globalStorage\redhat.java\1.56.0\config_win -data c:\Users\58769084\AppData\Roaming\Code\User\workspaceStorage\f183437116053616420707e311afbfd2\redhat.java\jdt_ws --stdio
java_class_path (initial): c:\Users\58769084\.vscode\extensions\redhat.java-1.56.0-win32-x64\server\plugins\org.eclipse.equinox.launcher_1.8.0.v20260804-1928.jar
Launcher Type: SUN_STANDARD

[Global flags]
     intx CICompilerCount                          = 2                                         {product} {ergonomic}
     uint ConcGCThreads                            = 1                                         {product} {ergonomic}
     uint G1ConcRefinementThreads                  = 2                                         {product} {ergonomic}
   size_t G1HeapRegionSize                         = 2097152                                   {product} {ergonomic}
    uintx GCDrainStackTargetSize                   = 64                                        {product} {ergonomic}
     bool HeapDumpOnOutOfMemoryError               = true                                   {manageable} {command line}
    ccstr HeapDumpPath                             = c:\Users\58769084\AppData\Roaming\Code\User\workspaceStorage\f183437116053616420707e311afbfd2\redhat.java         {manageable} {command line}
   size_t InitialHeapSize                          = 65011712                                  {product} {ergonomic}
   size_t MarkStackSize                            = 4194304                                   {product} {ergonomic}
   size_t MaxHeapSize                              = 4294967296                                {product} {command line}
   size_t MaxNewSize                               = 2575302656                                {product} {ergonomic}
   size_t MinHeapDeltaBytes                        = 2097152                                   {product} {ergonomic}
   size_t MinHeapSize                              = 8388608                                   {product} {ergonomic}
    uintx NonNMethodCodeHeapSize                   = 5826188                                {pd product} {ergonomic}
    uintx NonProfiledCodeHeapSize                  = 122916026                              {pd product} {ergonomic}
    uintx ProfiledCodeHeapSize                     = 122916026                              {pd product} {ergonomic}
    uintx ReservedCodeCacheSize                    = 251658240                              {pd product} {ergonomic}
     bool SegmentedCodeCache                       = true                                      {product} {ergonomic}
   size_t SoftMaxHeapSize                          = 4294967296                             {manageable} {ergonomic}
     bool UseCompressedOops                        = true                           {product lp64_product} {ergonomic}
     bool UseG1GC                                  = true                                      {product} {command line}
     bool UseLargePagesIndividualAllocation        = false                                  {pd product} {ergonomic}
     bool UseStringDeduplication                   = true                                      {product} {command line}

Logging:
Log output configuration:
 #0: stdout all=off uptime,level,tags foldmultilines=false
 #1: stderr all=off uptime,level,tags foldmultilines=false

Release file:
JAVA_VERSION="21.0.12.1" 
MODULES="java.base java.compiler java.datatransfer java.xml java.prefs java.desktop java.instrument java.logging java.management java.security.sasl java.naming java.rmi java.management.rmi java.net.http java.scripting java.security.jgss java.transaction.xa java.sql java.sql.rowset java.xml.crypto java.se java.smartcardio jdk.accessibility jdk.internal.jvmstat jdk.attach jdk.charsets jdk.internal.opt jdk.zipfs jdk.compiler jdk.crypto.ec jdk.crypto.cryptoki jdk.crypto.mscapi jdk.dynalink jdk.internal.ed jdk.editpad jdk.hotspot.agent jdk.httpserver jdk.internal.le jdk.internal.vm.ci jdk.internal.vm.compiler jdk.internal.vm.compiler.management jdk.jartool jdk.javadoc jdk.jcmd jdk.management jdk.management.agent jdk.jconsole jdk.jdeps jdk.jdwp.agent jdk.jdi jdk.jfr jdk.jshell jdk.jsobject jdk.jstatd jdk.localedata jdk.management.jfr jdk.naming.dns jdk.naming.rmi jdk.net jdk.nio.mapmode jdk.random jdk.sctp jdk.security.auth jdk.security.jgss jdk.unsupported jdk.unsupported.desktop jdk.xml.dom" 

Environment Variables:
JAVA_HOME=C:\Program Files\Eclipse Adoptium\jdk-17.0.20.101-hotspot
PATH=C:\Program Files\Eclipse Adoptium\jdk-17.0.20.101-hotspot\bin;C:\WINDOWS\system32;C:\WINDOWS;C:\WINDOWS\System32\Wbem;C:\WINDOWS\System32\WindowsPowerShell\v1.0\;C:\WINDOWS\System32\OpenSSH\;C:\Program Files\dotnet\;C:\Program Files\nodejs\;C:\Program Files\Git\cmd;C:\Users\58769084\AppData\Local\Microsoft\WindowsApps;C:\Users\58769084\AppData\Local\Programs\Microsoft VS Code\bin;C:\Users\58769084\Downloads\flutter_windows_3.44.1-stable\flutter\bin;C:\Users\58769084\Desktop\flutt\flutter\bin;C:\Users\58769084\AppData\Roaming\npm;C:\Program Files\Java\jdk-21.0.12.1\bin;C:\Users\58769084\Documents\apache-maven-3.9.16-bin\apache-maven-3.9.16\bin
USERNAME=58769084
OS=Windows_NT
PROCESSOR_IDENTIFIER=Intel64 Family 6 Model 122 Stepping 8, GenuineIntel
TMP=C:\Users\58769084\AppData\Local\Temp
TEMP=C:\Users\58769084\AppData\Local\Temp




Periodic native trim disabled

---------------  S Y S T E M  ---------------

OS:
 Windows 10 , 64 bit Build 19041 (10.0.19041.5915)
OS uptime: 0 days 0:44 hours
Hyper-V role detected

CPU: total 2 (initial active 2) (2 cores per cpu, 1 threads per core) family 6 model 122 stepping 8 microcode 0xc, cx8, cmov, fxsr, mmx, 3dnowpref, sse, sse2, sse3, ssse3, sse4.1, sse4.2, popcnt, tsc, tscinvbit, aes, erms, clmul, sha, clflush, clflushopt, hv, rdtscp, rdpid
Processor Information for the first 2 processors :
  Max Mhz: 1101, Current Mhz: 1101, Mhz Limit: 1101

Memory: 4k page, system-wide physical 3919M (351M free)
TotalPageFile size 10241M (AvailPageFile size 1502M)
current process WorkingSet (physical memory assigned to process): 297M, peak: 375M
current process commit charge ("private bytes"): 468M, peak: 4376M

vm_info: OpenJDK 64-Bit Server VM (21.0.12.1+1-LTS) for windows-amd64 JRE (21.0.12.1+1-LTS), built on 2026-08-18T00:00:00Z by "admin" with MS VC++ 17.12 (VS2022)

END.
