#
# There is insufficient memory for the Java Runtime Environment to continue.
# Native memory allocation (mmap) failed to map 4137680896 bytes. Error detail: G1 virtual space
# Possible reasons:
#   The system is out of physical RAM or swap space
#   This process is running with CompressedOops enabled, and the Java Heap may be blocking the growth of the native heap
# Possible solutions:
#   Reduce memory load on the system
#   Increase physical memory or swap space
#   Check if swap backing store is full
#   Decrease Java heap size (-Xmx/-Xms)
#   Decrease number of Java threads
#   Decrease Java thread stack sizes (-Xss)
#   Set larger code cache with -XX:ReservedCodeCacheSize=
#   JVM is running with Zero Based Compressed Oops mode in which the Java heap is
#     placed in the first 32GB address space. The Java Heap base address is the
#     maximum limit for the native heap growth. Please use -XX:HeapBaseMinAddress
#     to set the Java Heap base and to place the Java Heap above 32GB virtual address.
# This output file may be truncated or incomplete.
#
#  Out of Memory Error (os_windows.cpp:3732), pid=8320, tid=11692
#
# JRE version: OpenJDK Runtime Environment Temurin-21.0.12.1+1 (21.0.12.1+1) (build 21.0.12.1+1-LTS)
# Java VM: OpenJDK 64-Bit Server VM Temurin-21.0.12.1+1 (21.0.12.1+1-LTS, mixed mode, sharing, tiered, compressed oops, compressed class ptrs, g1 gc, windows-amd64)
# No core dump will be written. Minidumps are not enabled by default on client versions of Windows
#

---------------  S U M M A R Y ------------

Command Line: --add-modules=ALL-SYSTEM --add-opens=java.base/java.util=ALL-UNNAMED --add-opens=java.base/java.lang=ALL-UNNAMED --add-opens=java.base/sun.nio.fs=ALL-UNNAMED -Declipse.application=org.eclipse.jdt.ls.core.id1 -Dosgi.bundles.defaultStartLevel=4 -Declipse.product=org.eclipse.jdt.ls.core.product -Djava.import.generatesMetadataFilesAtProjectRoot=false -Dm2e.project.cache.size=50 -DDetectVMInstallationsJob.disabled=true -Dfile.encoding=utf8 -Xlog:disable -XX:+UseG1GC -XX:+UseStringDeduplication -Xmx4G -javaagent:c:\Users\58769084\.vscode\extensions\redhat.java-1.56.0-win32-x64\lombok\lombok-1.18.39-4050.jar -XX:+HeapDumpOnOutOfMemoryError -XX:HeapDumpPath=c:\Users\58769084\AppData\Roaming\Code\User\workspaceStorage\f183437116053616420707e311afbfd2\redhat.java -Daether.dependencyCollector.impl=bf c:\Users\58769084\.vscode\extensions\redhat.java-1.56.0-win32-x64\server\plugins\org.eclipse.equinox.launcher_1.8.0.v20260804-1928.jar -configuration c:\Users\58769084\AppData\Roaming\Code\User\globalStorage\redhat.java\1.56.0\config_win -data c:\Users\58769084\AppData\Roaming\Code\User\workspaceStorage\f183437116053616420707e311afbfd2\redhat.java\jdt_ws --pipe=\\.\pipe\lsp-b549ef6b542b23a119eb54e105d22ef8-sock

Host: Intel(R) Celeron(R) N4020 CPU @ 1.10GHz, 2 cores, 3G,  Windows 10 , 64 bit Build 19041 (10.0.19041.5915)
Time: Tue Sep 29 22:57:39 2026 Hora estándar de Montevideo elapsed time: 351.873987 seconds (0d 0h 5m 51s)

---------------  T H R E A D  ---------------

Current thread (0x000002143e4ea8a0):  VMThread "VM Thread"          [id=11692, stack(0x000000e3e8700000,0x000000e3e8800000) (1024K)]

Stack: [0x000000e3e8700000,0x000000e3e8800000]
Native frames: (J=compiled Java code, j=interpreted, Vv=VM code, C=native code)
V  [jvm.dll+0x6d83e9]
V  [jvm.dll+0x8b5736]
V  [jvm.dll+0x8b7cee]
V  [jvm.dll+0x8b83d3]
V  [jvm.dll+0x284596]
V  [jvm.dll+0x6d4d05]
V  [jvm.dll+0x6c898a]
V  [jvm.dll+0x35f2f8]
V  [jvm.dll+0x366f36]
V  [jvm.dll+0x3b804e]
V  [jvm.dll+0x3b82f8]
V  [jvm.dll+0x33320c]
V  [jvm.dll+0x335fce]
V  [jvm.dll+0x375196]
V  [jvm.dll+0x8be0c0]
V  [jvm.dll+0x8bf434]
V  [jvm.dll+0x8bf960]
V  [jvm.dll+0x8bfc03]
V  [jvm.dll+0x8600cd]
V  [jvm.dll+0x6d6c1d]
C  [ucrtbase.dll+0x21bb2]
C  [KERNEL32.DLL+0x17374]
C  [ntdll.dll+0x4cc91]

VM_Operation (0x000000e3e9ffea30): G1CollectForAllocation, mode: safepoint, requested by thread 0x0000021484263410


---------------  P R O C E S S  ---------------

Threads class SMR info:
_java_thread_list=0x00000214870d5680, length=34, elements={
0x0000021422f7bfd0, 0x000002143e50bc00, 0x000002143e50d880, 0x000002143e50f860,
0x000002143e5102c0, 0x000002143e510d20, 0x000002143e511780, 0x000002143e512510,
0x000002143e5821c0, 0x000002143e585430, 0x000002143e7f9910, 0x000002143e925460,
0x0000021484564ae0, 0x0000021484673980, 0x00000214844c85a0, 0x0000021484490650,
0x00000214842ed940, 0x0000021484263aa0, 0x0000021484264e50, 0x00000214842654e0,
0x00000214842626f0, 0x0000021484263410, 0x00000214842647c0, 0x000002148639fb30,
0x00000214863a01c0, 0x00000214863a2290, 0x00000214863a0850, 0x00000214863a0ee0,
0x00000214863a1570, 0x0000021486454730, 0x00000214863a49f0, 0x0000021484803be0,
0x0000021484801b10, 0x0000021484804270
}

Java Threads: ( => current thread )
  0x0000021422f7bfd0 JavaThread "main"                              [_thread_blocked, id=7740, stack(0x000000e3e8000000,0x000000e3e8100000) (1024K)]
  0x000002143e50bc00 JavaThread "Reference Handler"          daemon [_thread_blocked, id=12276, stack(0x000000e3e8800000,0x000000e3e8900000) (1024K)]
  0x000002143e50d880 JavaThread "Finalizer"                  daemon [_thread_blocked, id=5968, stack(0x000000e3e8900000,0x000000e3e8a00000) (1024K)]
  0x000002143e50f860 JavaThread "Signal Dispatcher"          daemon [_thread_blocked, id=3012, stack(0x000000e3e8a00000,0x000000e3e8b00000) (1024K)]
  0x000002143e5102c0 JavaThread "Attach Listener"            daemon [_thread_blocked, id=5812, stack(0x000000e3e8b00000,0x000000e3e8c00000) (1024K)]
  0x000002143e510d20 JavaThread "Service Thread"             daemon [_thread_blocked, id=12284, stack(0x000000e3e8c00000,0x000000e3e8d00000) (1024K)]
  0x000002143e511780 JavaThread "Monitor Deflation Thread"   daemon [_thread_blocked, id=1448, stack(0x000000e3e8d00000,0x000000e3e8e00000) (1024K)]
  0x000002143e512510 JavaThread "C2 CompilerThread0"         daemon [_thread_blocked, id=5156, stack(0x000000e3e8e00000,0x000000e3e8f00000) (1024K)]
  0x000002143e5821c0 JavaThread "C1 CompilerThread0"         daemon [_thread_blocked, id=8500, stack(0x000000e3e8f00000,0x000000e3e9000000) (1024K)]
  0x000002143e585430 JavaThread "StringDedupThread"          daemon [_thread_blocked, id=11352, stack(0x000000e3e9000000,0x000000e3e9100000) (1024K)]
  0x000002143e7f9910 JavaThread "Common-Cleaner"             daemon [_thread_blocked, id=12176, stack(0x000000e3e9100000,0x000000e3e9200000) (1024K)]
  0x000002143e925460 JavaThread "Notification Thread"        daemon [_thread_blocked, id=7200, stack(0x000000e3e9300000,0x000000e3e9400000) (1024K)]
  0x0000021484564ae0 JavaThread "Active Thread: Equinox Container: 17c7f0d3-bc77-4bc5-ad46-7f12e5d61bd2"        [_thread_blocked, id=4508, stack(0x000000e3e9400000,0x000000e3e9500000) (1024K)]
  0x0000021484673980 JavaThread "Refresh Thread: Equinox Container: 17c7f0d3-bc77-4bc5-ad46-7f12e5d61bd2" daemon [_thread_blocked, id=13112, stack(0x000000e3e9500000,0x000000e3e9600000) (1024K)]
  0x00000214844c85a0 JavaThread "Framework Event Dispatcher: Equinox Container: 17c7f0d3-bc77-4bc5-ad46-7f12e5d61bd2" daemon [_thread_blocked, id=7484, stack(0x000000e3e9600000,0x000000e3e9700000) (1024K)]
  0x0000021484490650 JavaThread "Start Level: Equinox Container: 17c7f0d3-bc77-4bc5-ad46-7f12e5d61bd2" daemon [_thread_blocked, id=9956, stack(0x000000e3e9700000,0x000000e3e9800000) (1024K)]
  0x00000214842ed940 JavaThread "Bundle File Closer"         daemon [_thread_blocked, id=2480, stack(0x000000e3e9800000,0x000000e3e9900000) (1024K)]
  0x0000021484263aa0 JavaThread "SCR Component Actor"        daemon [_thread_blocked, id=10060, stack(0x000000e3e9900000,0x000000e3e9a00000) (1024K)]
  0x0000021484264e50 JavaThread "Worker-JM"                         [_thread_blocked, id=2388, stack(0x000000e3e9a00000,0x000000e3e9b00000) (1024K)]
  0x00000214842654e0 JavaThread "JNA Cleaner"                daemon [_thread_blocked, id=13272, stack(0x000000e3e9b00000,0x000000e3e9c00000) (1024K)]
  0x00000214842626f0 JavaThread "Worker-0: Building"                [_thread_blocked, id=8504, stack(0x000000e3e9c00000,0x000000e3e9d00000) (1024K)]
  0x0000021484263410 JavaThread "Java indexing"              daemon [_thread_blocked, id=10712, stack(0x000000e3e9f00000,0x000000e3ea000000) (1024K)]
  0x00000214842647c0 JavaThread "Worker-3"                          [_thread_blocked, id=4264, stack(0x000000e3ea000000,0x000000e3ea100000) (1024K)]
  0x000002148639fb30 JavaThread "Thread-1"                   daemon [_thread_in_native, id=2212, stack(0x000000e3ea500000,0x000000e3ea600000) (1024K)]
  0x00000214863a01c0 JavaThread "Thread-2"                   daemon [_thread_in_native, id=11756, stack(0x000000e3ea600000,0x000000e3ea700000) (1024K)]
  0x00000214863a2290 JavaThread "Thread-3"                   daemon [_thread_in_native, id=12984, stack(0x000000e3ea700000,0x000000e3ea800000) (1024K)]
  0x00000214863a0850 JavaThread "pool-2-thread-1"                   [_thread_blocked, id=12208, stack(0x000000e3ea800000,0x000000e3ea900000) (1024K)]
  0x00000214863a0ee0 JavaThread "WorkspaceEventsHandler"            [_thread_blocked, id=12180, stack(0x000000e3ea900000,0x000000e3eaa00000) (1024K)]
  0x00000214863a1570 JavaThread "pool-1-thread-1"                   [_thread_blocked, id=13104, stack(0x000000e3eaa00000,0x000000e3eab00000) (1024K)]
  0x0000021486454730 JavaThread "Compiler Class File Writer" daemon [_thread_blocked, id=4604, stack(0x000000e3eae00000,0x000000e3eaf00000) (1024K)]
  0x00000214863a49f0 JavaThread "PatternSearchJob-worker-1"  daemon [_thread_blocked, id=13076, stack(0x000000e3e7e00000,0x000000e3e7f00000) (1024K)]
  0x0000021484803be0 JavaThread "Compiler Processing Task"   daemon [_thread_blocked, id=6776, stack(0x000000e3e9d00000,0x000000e3e9e00000) (1024K)]
  0x0000021484801b10 JavaThread "Worker-6"                          [_thread_blocked, id=6896, stack(0x000000e3ea100000,0x000000e3ea200000) (1024K)]
  0x0000021484804270 JavaThread "Worker-7: Java indexing... "        [_thread_blocked, id=1516, stack(0x000000e3e9e00000,0x000000e3e9f00000) (1024K)]
Total: 34

Other Threads:
=>0x000002143e4ea8a0 VMThread "VM Thread"                           [id=11692, stack(0x000000e3e8700000,0x000000e3e8800000) (1024K)]
  0x000002143e4d4530 WatcherThread "VM Periodic Task Thread"        [id=5260, stack(0x000000e3e8600000,0x000000e3e8700000) (1024K)]
  0x0000021425219f60 WorkerThread "GC Thread#0"                     [id=12536, stack(0x000000e3e8100000,0x000000e3e8200000) (1024K)]
  0x000002143e8511e0 WorkerThread "GC Thread#1"                     [id=1456, stack(0x000000e3e9200000,0x000000e3e9300000) (1024K)]
  0x000002142522af50 ConcurrentGCThread "G1 Main Marker"            [id=10596, stack(0x000000e3e8200000,0x000000e3e8300000) (1024K)]
  0x000002142522d3c0 WorkerThread "G1 Conc#0"                       [id=9824, stack(0x000000e3e8300000,0x000000e3e8400000) (1024K)]
  0x0000021425264160 ConcurrentGCThread "G1 Refine#0"               [id=1576, stack(0x000000e3e8400000,0x000000e3e8500000) (1024K)]
  0x0000021425266640 ConcurrentGCThread "G1 Service"                [id=13040, stack(0x000000e3e8500000,0x000000e3e8600000) (1024K)]
Total: 8

Threads with active compile tasks:
Total: 0

VM state: at safepoint (normal execution)

VM Mutex/Monitor currently owned by a thread:  ([mutex/lock_event])
[0x00007ffafdcdf5b0] Threads_lock - owner thread: 0x000002143e4ea8a0
[0x00007ffafdcdf6b0] Heap_lock - owner thread: 0x0000021484263410

Heap address: 0x0000000700000000, size: 4096 MB, Compressed Oops mode: Zero based, Oop shift amount: 3

CDS archive(s) mapped at: [0x000002143f000000-0x000002143fba0000-0x000002143fba0000), size 12189696, SharedBaseAddress: 0x000002143f000000, ArchiveRelocationMode: 1.
Compressed class space mapped at: 0x0000021440000000-0x0000021480000000, reserved size: 1073741824
Narrow klass base: 0x000002143f000000, Narrow klass shift: 0, Narrow klass range: 0x100000000

GC Precious Log:
 CardTable entry size: 512
 Card Set container configuration: InlinePtr #cards 4 size 8 Array Of Cards #cards 16 size 48 Howl #buckets 8 coarsen threshold 3686 Howl Bitmap #cards 512 size 80 coarsen threshold 460 Card regions per heap region 1 cards per card region 4096
 CPUs: 2 total, 2 available
 Memory: 3919M
 Large Page Support: Disabled
 NUMA Support: Disabled
 Compressed Oops: Enabled (Zero based)
 Heap Region Size: 2M
 Heap Min Capacity: 8M
 Heap Initial Capacity: 62M
 Heap Max Capacity: 4G
 Pre-touch: Disabled
 Parallel Workers: 2
 Concurrent Workers: 1
 Concurrent Refinement Workers: 2
 Periodic GC: Disabled
 String Deduplication is enabled

Heap:
 garbage-first heap   total 153600K, used 86471K [0x0000000700000000, 0x0000000800000000)
  region size 2048K, 1 young (2048K), 1 survivors (2048K)
 Metaspace       used 71385K, committed 73152K, reserved 1179648K
  class space    used 7317K, committed 8128K, reserved 1048576K

Heap Regions: E=young(eden), S=young(survivor), O=old, HS=humongous(starts), HC=humongous(continues), CS=collection set, F=free, TAMS=top-at-mark-start, PB=parsable bottom
|   0|0x0000000700000000, 0x0000000700200000, 0x0000000700200000|100%| O|  |TAMS 0x0000000700000000| PB 0x0000000700000000| Untracked 
|   1|0x0000000700200000, 0x0000000700400000, 0x0000000700400000|100%| O|  |TAMS 0x0000000700200000| PB 0x0000000700200000| Untracked 
|   2|0x0000000700400000, 0x0000000700600000, 0x0000000700600000|100%| O|  |TAMS 0x0000000700400000| PB 0x0000000700400000| Untracked 
|   3|0x0000000700600000, 0x0000000700800000, 0x0000000700800000|100%| O|  |TAMS 0x0000000700600000| PB 0x0000000700600000| Untracked 
|   4|0x0000000700800000, 0x0000000700a00000, 0x0000000700a00000|100%| O|  |TAMS 0x0000000700800000| PB 0x0000000700800000| Untracked 
|   5|0x0000000700a00000, 0x0000000700c00000, 0x0000000700c00000|100%| O|  |TAMS 0x0000000700a00000| PB 0x0000000700a00000| Untracked 
|   6|0x0000000700c00000, 0x0000000700e00000, 0x0000000700e00000|100%| O|  |TAMS 0x0000000700c00000| PB 0x0000000700c00000| Untracked 
|   7|0x0000000700e00000, 0x0000000701000000, 0x0000000701000000|100%| O|  |TAMS 0x0000000700e00000| PB 0x0000000700e00000| Untracked 
|   8|0x0000000701000000, 0x0000000701200000, 0x0000000701200000|100%| O|  |TAMS 0x0000000701000000| PB 0x0000000701000000| Untracked 
|   9|0x0000000701200000, 0x0000000701400000, 0x0000000701400000|100%| O|  |TAMS 0x0000000701200000| PB 0x0000000701200000| Untracked 
|  10|0x0000000701400000, 0x0000000701600000, 0x0000000701600000|100%| O|  |TAMS 0x0000000701400000| PB 0x0000000701400000| Untracked 
|  11|0x0000000701600000, 0x0000000701800000, 0x0000000701800000|100%| O|  |TAMS 0x0000000701600000| PB 0x0000000701600000| Untracked 
|  12|0x0000000701800000, 0x0000000701a00000, 0x0000000701a00000|100%| O|  |TAMS 0x0000000701800000| PB 0x0000000701800000| Untracked 
|  13|0x0000000701a00000, 0x0000000701c00000, 0x0000000701c00000|100%| O|Cm|TAMS 0x0000000701a00000| PB 0x0000000701a00000| Complete 
|  14|0x0000000701c00000, 0x0000000701e00000, 0x0000000701e00000|100%| O|  |TAMS 0x0000000701c00000| PB 0x0000000701c00000| Untracked 
|  15|0x0000000701e00000, 0x0000000702000000, 0x0000000702000000|100%| O|  |TAMS 0x0000000701e00000| PB 0x0000000701e00000| Untracked 
|  16|0x0000000702000000, 0x0000000702200000, 0x0000000702200000|100%| O|  |TAMS 0x0000000702000000| PB 0x0000000702000000| Untracked 
|  17|0x0000000702200000, 0x0000000702400000, 0x0000000702400000|100%| O|Cm|TAMS 0x0000000702200000| PB 0x0000000702200000| Complete 
|  18|0x0000000702400000, 0x0000000702600000, 0x0000000702600000|100%| O|  |TAMS 0x0000000702400000| PB 0x0000000702400000| Untracked 
|  19|0x0000000702600000, 0x0000000702800000, 0x0000000702800000|100%| O|  |TAMS 0x0000000702600000| PB 0x0000000702600000| Untracked 
|  20|0x0000000702800000, 0x0000000702a00000, 0x0000000702a00000|100%| O|Cm|TAMS 0x0000000702800000| PB 0x0000000702800000| Complete 
|  21|0x0000000702a00000, 0x0000000702c00000, 0x0000000702c00000|100%| O|  |TAMS 0x0000000702a00000| PB 0x0000000702a00000| Untracked 
|  22|0x0000000702c00000, 0x0000000702e00000, 0x0000000702e00000|100%| O|  |TAMS 0x0000000702c00000| PB 0x0000000702c00000| Untracked 
|  23|0x0000000702e00000, 0x0000000703000000, 0x0000000703000000|100%| O|  |TAMS 0x0000000702e00000| PB 0x0000000702e00000| Untracked 
|  24|0x0000000703000000, 0x0000000703200000, 0x0000000703200000|100%| O|  |TAMS 0x0000000703000000| PB 0x0000000703000000| Untracked 
|  25|0x0000000703200000, 0x0000000703400000, 0x0000000703400000|100%| O|  |TAMS 0x0000000703200000| PB 0x0000000703200000| Untracked 
|  26|0x0000000703400000, 0x0000000703600000, 0x0000000703600000|100%| O|  |TAMS 0x0000000703400000| PB 0x0000000703400000| Untracked 
|  27|0x0000000703600000, 0x0000000703800000, 0x0000000703800000|100%| O|  |TAMS 0x0000000703600000| PB 0x0000000703600000| Untracked 
|  28|0x0000000703800000, 0x0000000703a00000, 0x0000000703a00000|100%| O|  |TAMS 0x0000000703800000| PB 0x0000000703800000| Untracked 
|  29|0x0000000703a00000, 0x0000000703c00000, 0x0000000703c00000|100%| O|  |TAMS 0x0000000703a00000| PB 0x0000000703a00000| Untracked 
|  30|0x0000000703c00000, 0x0000000703e00000, 0x0000000703e00000|100%| O|  |TAMS 0x0000000703c00000| PB 0x0000000703c00000| Untracked 
|  31|0x0000000703e00000, 0x0000000704000000, 0x0000000704000000|100%| O|Cm|TAMS 0x0000000703e00000| PB 0x0000000703e00000| Complete 
|  32|0x0000000704000000, 0x0000000704200000, 0x0000000704200000|100%| O|  |TAMS 0x0000000704000000| PB 0x0000000704000000| Untracked 
|  33|0x0000000704200000, 0x0000000704400000, 0x0000000704400000|100%| O|Cm|TAMS 0x0000000704200000| PB 0x0000000704200000| Complete 
|  34|0x0000000704400000, 0x0000000704600000, 0x0000000704600000|100%| O|  |TAMS 0x0000000704400000| PB 0x0000000704400000| Untracked 
|  35|0x0000000704600000, 0x0000000704800000, 0x0000000704800000|100%| O|  |TAMS 0x0000000704600000| PB 0x0000000704600000| Untracked 
|  36|0x0000000704800000, 0x0000000704a00000, 0x0000000704a00000|100%| O|  |TAMS 0x0000000704800000| PB 0x0000000704800000| Untracked 
|  37|0x0000000704a00000, 0x0000000704c00000, 0x0000000704c00000|100%| O|  |TAMS 0x0000000704a00000| PB 0x0000000704a00000| Untracked 
|  38|0x0000000704c00000, 0x0000000704d6d2f8, 0x0000000704e00000| 71%| O|  |TAMS 0x0000000704c00000| PB 0x0000000704c00000| Untracked 
|  39|0x0000000704e00000, 0x0000000705000000, 0x0000000705000000|100%| O|Cm|TAMS 0x0000000704e00000| PB 0x0000000704e00000| Complete 
|  40|0x0000000705000000, 0x0000000705200000, 0x0000000705200000|100%| O|  |TAMS 0x0000000705000000| PB 0x0000000705000000| Untracked 
|  41|0x0000000705200000, 0x0000000705200000, 0x0000000705400000|  0%| F|  |TAMS 0x0000000705200000| PB 0x0000000705200000| Untracked 
|  42|0x0000000705400000, 0x0000000705400000, 0x0000000705600000|  0%| F|  |TAMS 0x0000000705400000| PB 0x0000000705400000| Untracked 
|  43|0x0000000705600000, 0x0000000705600000, 0x0000000705800000|  0%| F|  |TAMS 0x0000000705600000| PB 0x0000000705600000| Untracked 
|  44|0x0000000705800000, 0x0000000705800000, 0x0000000705a00000|  0%| F|  |TAMS 0x0000000705800000| PB 0x0000000705800000| Untracked 
|  45|0x0000000705a00000, 0x0000000705a00000, 0x0000000705c00000|  0%| F|  |TAMS 0x0000000705a00000| PB 0x0000000705a00000| Untracked 
|  46|0x0000000705c00000, 0x0000000705c00000, 0x0000000705e00000|  0%| F|  |TAMS 0x0000000705c00000| PB 0x0000000705c00000| Untracked 
|  47|0x0000000705e00000, 0x0000000705e00000, 0x0000000706000000|  0%| F|  |TAMS 0x0000000705e00000| PB 0x0000000705e00000| Untracked 
|  48|0x0000000706000000, 0x0000000706000000, 0x0000000706200000|  0%| F|  |TAMS 0x0000000706000000| PB 0x0000000706000000| Untracked 
|  49|0x0000000706200000, 0x0000000706200000, 0x0000000706400000|  0%| F|  |TAMS 0x0000000706200000| PB 0x0000000706200000| Untracked 
|  50|0x0000000706400000, 0x0000000706400000, 0x0000000706600000|  0%| F|  |TAMS 0x0000000706400000| PB 0x0000000706400000| Untracked 
|  51|0x0000000706600000, 0x0000000706600000, 0x0000000706800000|  0%| F|  |TAMS 0x0000000706600000| PB 0x0000000706600000| Untracked 
|  52|0x0000000706800000, 0x0000000706800000, 0x0000000706a00000|  0%| F|  |TAMS 0x0000000706800000| PB 0x0000000706800000| Untracked 
|  53|0x0000000706a00000, 0x0000000706a00000, 0x0000000706c00000|  0%| F|  |TAMS 0x0000000706a00000| PB 0x0000000706a00000| Untracked 
|  54|0x0000000706c00000, 0x0000000706c00000, 0x0000000706e00000|  0%| F|  |TAMS 0x0000000706c00000| PB 0x0000000706c00000| Untracked 
|  55|0x0000000706e00000, 0x0000000706e00000, 0x0000000707000000|  0%| F|  |TAMS 0x0000000706e00000| PB 0x0000000706e00000| Untracked 
|  56|0x0000000707000000, 0x0000000707000000, 0x0000000707200000|  0%| F|  |TAMS 0x0000000707000000| PB 0x0000000707000000| Untracked 
|  57|0x0000000707200000, 0x0000000707200000, 0x0000000707400000|  0%| F|  |TAMS 0x0000000707200000| PB 0x0000000707200000| Untracked 
|  58|0x0000000707400000, 0x0000000707400000, 0x0000000707600000|  0%| F|  |TAMS 0x0000000707400000| PB 0x0000000707400000| Untracked 
|  59|0x0000000707600000, 0x0000000707600000, 0x0000000707800000|  0%| F|  |TAMS 0x0000000707600000| PB 0x0000000707600000| Untracked 
|  60|0x0000000707800000, 0x0000000707800000, 0x0000000707a00000|  0%| F|  |TAMS 0x0000000707800000| PB 0x0000000707800000| Untracked 
|  61|0x0000000707a00000, 0x0000000707a00000, 0x0000000707c00000|  0%| F|  |TAMS 0x0000000707a00000| PB 0x0000000707a00000| Untracked 
|  62|0x0000000707c00000, 0x0000000707c00000, 0x0000000707e00000|  0%| F|  |TAMS 0x0000000707c00000| PB 0x0000000707c00000| Untracked 
|  63|0x0000000707e00000, 0x0000000707e00000, 0x0000000708000000|  0%| F|  |TAMS 0x0000000707e00000| PB 0x0000000707e00000| Untracked 
|  64|0x0000000708000000, 0x0000000708000000, 0x0000000708200000|  0%| F|  |TAMS 0x0000000708000000| PB 0x0000000708000000| Untracked 
|  65|0x0000000708200000, 0x0000000708200000, 0x0000000708400000|  0%| F|  |TAMS 0x0000000708200000| PB 0x0000000708200000| Untracked 
|  66|0x0000000708400000, 0x0000000708400000, 0x0000000708600000|  0%| F|  |TAMS 0x0000000708400000| PB 0x0000000708400000| Untracked 
|  67|0x0000000708600000, 0x0000000708600000, 0x0000000708800000|  0%| F|  |TAMS 0x0000000708600000| PB 0x0000000708600000| Untracked 
|  68|0x0000000708800000, 0x0000000708800000, 0x0000000708a00000|  0%| F|  |TAMS 0x0000000708800000| PB 0x0000000708800000| Untracked 
|  69|0x0000000708a00000, 0x0000000708a00000, 0x0000000708c00000|  0%| F|  |TAMS 0x0000000708a00000| PB 0x0000000708a00000| Untracked 
|2043|0x00000007ff600000, 0x00000007ff600000, 0x00000007ff800000|  0%| F|  |TAMS 0x00000007ff600000| PB 0x00000007ff600000| Untracked 
|2044|0x00000007ff800000, 0x00000007ff800000, 0x00000007ffa00000|  0%| F|  |TAMS 0x00000007ff800000| PB 0x00000007ff800000| Untracked 
|2045|0x00000007ffa00000, 0x00000007ffb04c80, 0x00000007ffc00000| 50%| S|CS|TAMS 0x00000007ffa00000| PB 0x00000007ffa00000| Complete 
|2046|0x00000007ffc00000, 0x00000007ffc00000, 0x00000007ffe00000|  0%| F|  |TAMS 0x00000007ffc00000| PB 0x00000007ffc00000| Untracked 
|2047|0x00000007ffe00000, 0x0000000800000000, 0x0000000800000000|100%| O|  |TAMS 0x00000007ffe00000| PB 0x00000007ffe00000| Untracked 

Card table byte_map: [0x0000021437bb0000,0x00000214383b0000] _byte_map_base: 0x00000214343b0000

Marking Bits: (CMBitMap*) 0x000002142521a670
 Bits: [0x00000214383b0000, 0x000002143c3b0000)

Polling page: 0x0000021424970000

Metaspace:

Usage:
  Non-class:     62.57 MB used.
      Class:      7.15 MB used.
       Both:     69.71 MB used.

Virtual space:
  Non-class space:      128.00 MB reserved,      63.50 MB ( 50%) committed,  2 nodes.
      Class space:        1.00 GB reserved,       7.94 MB ( <1%) committed,  1 nodes.
             Both:        1.12 GB reserved,      71.44 MB (  6%) committed. 

Chunk freelists:
   Non-Class:  16.00 MB
       Class:  7.98 MB
        Both:  23.97 MB

MaxMetaspaceSize: unlimited
CompressedClassSpaceSize: 1.00 GB
Initial GC threshold: 21.00 MB
Current GC threshold: 119.06 MB
CDS: on
 - commit_granule_bytes: 65536.
 - commit_granule_words: 8192.
 - virtual_space_node_default_size: 8388608.
 - enlarge_chunks_in_place: 1.
 - use_allocation_guard: 0.


Internal statistics:

num_allocs_failed_limit: 6.
num_arena_births: 1452.
num_arena_deaths: 14.
num_vsnodes_births: 3.
num_vsnodes_deaths: 0.
num_space_committed: 1143.
num_space_uncommitted: 0.
num_chunks_returned_to_freelist: 20.
num_chunks_taken_from_freelist: 4982.
num_chunk_merges: 12.
num_chunk_splits: 2991.
num_chunks_enlarged: 1663.
num_inconsistent_stats: 0.

CodeHeap 'non-profiled nmethods': size=120064Kb used=10111Kb max_used=10840Kb free=109952Kb
 bounds [0x000002142fe70000, 0x0000021430910000, 0x00000214373b0000]
CodeHeap 'profiled nmethods': size=120000Kb used=27853Kb max_used=31136Kb free=92146Kb
 bounds [0x00000214283b0000, 0x000002142a220000, 0x000002142f8e0000]
CodeHeap 'non-nmethods': size=5696Kb used=1633Kb max_used=1731Kb free=4062Kb
 bounds [0x000002142f8e0000, 0x000002142fb50000, 0x000002142fe70000]
CodeCache: size=245760Kb, used=39597Kb, max_used=43707Kb, free=206160Kb
 total_blobs=12252, nmethods=11476, adapters=679, full_count=0
Compilation: enabled, stopped_count=0, restarted_count=0

Compilation events (20 events):
Event: 351.487 Thread 0x000002143e512510 15418       4       java.util.Arrays::fill (21 bytes)
Event: 351.496 Thread 0x000002143e512510 nmethod 15418 0x0000021430905290 code [0x0000021430905420, 0x0000021430905588]
Event: 351.496 Thread 0x000002143e512510 15410       4       org.eclipse.jdt.internal.compiler.ast.Invocation::handleResourcePassedToInvocation (100 bytes)
Event: 351.500 Thread 0x000002143e512510 nmethod 15410 0x0000021430905690 code [0x00000214309058c0, 0x0000021430905c50]
Event: 351.700 Thread 0x000002143e5821c0 15421       3       org.eclipse.core.internal.dtree.DeltaDataTree::getData (135 bytes)
Event: 351.701 Thread 0x000002143e5821c0 nmethod 15421 0x0000021428548690 code [0x0000021428548960, 0x0000021428549850]
Event: 351.721 Thread 0x000002143e512510 15422       4       jdk.internal.misc.Unsafe::checkSize (32 bytes)
Event: 351.722 Thread 0x000002143e512510 nmethod 15422 0x000002142fe79710 code [0x000002142fe798a0, 0x000002142fe79958]
Event: 351.766 Thread 0x000002143e5821c0 15423       3       org.eclipse.core.internal.content.ContentType::isKindOf (35 bytes)
Event: 351.767 Thread 0x000002143e5821c0 nmethod 15423 0x00000214283cc810 code [0x00000214283cc9e0, 0x00000214283ccdc0]
Event: 351.817 Thread 0x000002143e512510 15424       4       jdk.internal.misc.Unsafe::putIntOpaque (9 bytes)
Event: 351.818 Thread 0x000002143e512510 nmethod 15424 0x000002142fe7a010 code [0x000002142fe7a1a0, 0x000002142fe7a238]
Event: 351.834 Thread 0x000002143e5821c0 15425       3       org.eclipse.core.internal.dtree.AbstractDataTree::<init> (5 bytes)
Event: 351.834 Thread 0x000002143e5821c0 nmethod 15425 0x00000214283b3f10 code [0x00000214283b40c0, 0x00000214283b4228]
Event: 351.840 Thread 0x000002143e512510 15427       4       org.eclipse.sisu.inject.TypeArguments::isAssignableFrom (161 bytes)
Event: 351.851 Thread 0x000002143e512510 nmethod 15427 0x000002142fe91710 code [0x000002142fe91960, 0x000002142fe921e8]
Event: 351.852 Thread 0x000002143e512510 15428       4       java.lang.Class::annotationData (44 bytes)
Event: 351.852 Thread 0x000002143e5821c0 15429       1       org.eclipse.aether.DefaultRepositorySystemSession::getTransferListener (5 bytes)
Event: 351.852 Thread 0x000002143e5821c0 nmethod 15429 0x000002142fe80b90 code [0x000002142fe80d20, 0x000002142fe80df0]
Event: 351.854 Thread 0x000002143e512510 nmethod 15428 0x000002142feba490 code [0x000002142feba620, 0x000002142feba7c8]

GC Heap History (20 events):
Event: 180.657 GC heap before
{Heap before GC invocations=61 (full 0):
 garbage-first heap   total 143360K, used 89559K [0x0000000700000000, 0x0000000800000000)
  region size 2048K, 5 young (10240K), 3 survivors (6144K)
 Metaspace       used 68804K, committed 70336K, reserved 1114112K
  class space    used 7093K, committed 7744K, reserved 1048576K
}
Event: 180.670 GC heap after
{Heap after GC invocations=62 (full 0):
 garbage-first heap   total 143360K, used 88533K [0x0000000700000000, 0x0000000800000000)
  region size 2048K, 1 young (2048K), 1 survivors (2048K)
 Metaspace       used 68804K, committed 70336K, reserved 1114112K
  class space    used 7093K, committed 7744K, reserved 1048576K
}
Event: 185.031 GC heap before
{Heap before GC invocations=63 (full 0):
 garbage-first heap   total 151552K, used 127445K [0x0000000700000000, 0x0000000800000000)
  region size 2048K, 19 young (38912K), 1 survivors (2048K)
 Metaspace       used 69305K, committed 70848K, reserved 1114112K
  class space    used 7140K, committed 7808K, reserved 1048576K
}
Event: 185.046 GC heap after
{Heap after GC invocations=64 (full 0):
 garbage-first heap   total 151552K, used 93307K [0x0000000700000000, 0x0000000800000000)
  region size 2048K, 3 young (6144K), 3 survivors (6144K)
 Metaspace       used 69305K, committed 70848K, reserved 1114112K
  class space    used 7140K, committed 7808K, reserved 1048576K
}
Event: 190.553 GC heap before
{Heap before GC invocations=64 (full 0):
 garbage-first heap   total 151552K, used 132219K [0x0000000700000000, 0x0000000800000000)
  region size 2048K, 23 young (47104K), 3 survivors (6144K)
 Metaspace       used 69573K, committed 71104K, reserved 1114112K
  class space    used 7151K, committed 7872K, reserved 1048576K
}
Event: 190.592 GC heap after
{Heap after GC invocations=65 (full 0):
 garbage-first heap   total 151552K, used 87703K [0x0000000700000000, 0x0000000800000000)
  region size 2048K, 3 young (6144K), 3 survivors (6144K)
 Metaspace       used 69573K, committed 71104K, reserved 1114112K
  class space    used 7151K, committed 7872K, reserved 1048576K
}
Event: 252.021 GC heap before
{Heap before GC invocations=65 (full 0):
 garbage-first heap   total 151552K, used 128663K [0x0000000700000000, 0x0000000800000000)
  region size 2048K, 23 young (47104K), 3 survivors (6144K)
 Metaspace       used 69904K, committed 71424K, reserved 1114112K
  class space    used 7159K, committed 7872K, reserved 1048576K
}
Event: 252.050 GC heap after
{Heap after GC invocations=66 (full 0):
 garbage-first heap   total 151552K, used 89498K [0x0000000700000000, 0x0000000800000000)
  region size 2048K, 3 young (6144K), 3 survivors (6144K)
 Metaspace       used 69904K, committed 71424K, reserved 1114112K
  class space    used 7159K, committed 7872K, reserved 1048576K
}
Event: 254.211 GC heap before
{Heap before GC invocations=66 (full 0):
 garbage-first heap   total 151552K, used 97690K [0x0000000700000000, 0x0000000800000000)
  region size 2048K, 8 young (16384K), 3 survivors (6144K)
 Metaspace       used 69942K, committed 71488K, reserved 1114112K
  class space    used 7159K, committed 7872K, reserved 1048576K
}
Event: 254.228 GC heap after
{Heap after GC invocations=67 (full 0):
 garbage-first heap   total 151552K, used 91482K [0x0000000700000000, 0x0000000800000000)
  region size 2048K, 2 young (4096K), 2 survivors (4096K)
 Metaspace       used 69942K, committed 71488K, reserved 1114112K
  class space    used 7159K, committed 7872K, reserved 1048576K
}
Event: 330.843 GC heap before
{Heap before GC invocations=68 (full 0):
 garbage-first heap   total 153600K, used 130394K [0x0000000700000000, 0x0000000800000000)
  region size 2048K, 20 young (40960K), 2 survivors (4096K)
 Metaspace       used 70056K, committed 71616K, reserved 1114112K
  class space    used 7166K, committed 7872K, reserved 1048576K
}
Event: 330.855 GC heap after
{Heap after GC invocations=69 (full 0):
 garbage-first heap   total 153600K, used 92160K [0x0000000700000000, 0x0000000800000000)
  region size 2048K, 2 young (4096K), 2 survivors (4096K)
 Metaspace       used 70056K, committed 71616K, reserved 1114112K
  class space    used 7166K, committed 7872K, reserved 1048576K
}
Event: 337.049 GC heap before
{Heap before GC invocations=69 (full 0):
 garbage-first heap   total 153600K, used 131072K [0x0000000700000000, 0x0000000800000000)
  region size 2048K, 22 young (45056K), 2 survivors (4096K)
 Metaspace       used 70940K, committed 72576K, reserved 1114112K
  class space    used 7282K, committed 8000K, reserved 1048576K
}
Event: 337.108 GC heap after
{Heap after GC invocations=70 (full 0):
 garbage-first heap   total 153600K, used 85001K [0x0000000700000000, 0x0000000800000000)
  region size 2048K, 3 young (6144K), 3 survivors (6144K)
 Metaspace       used 70940K, committed 72576K, reserved 1114112K
  class space    used 7282K, committed 8000K, reserved 1048576K
}
Event: 349.880 GC heap before
{Heap before GC invocations=70 (full 0):
 garbage-first heap   total 153600K, used 128009K [0x0000000700000000, 0x0000000800000000)
  region size 2048K, 25 young (51200K), 3 survivors (6144K)
 Metaspace       used 71378K, committed 73152K, reserved 1179648K
  class space    used 7317K, committed 8128K, reserved 1048576K
}
Event: 349.928 GC heap after
{Heap after GC invocations=71 (full 0):
 garbage-first heap   total 153600K, used 85287K [0x0000000700000000, 0x0000000800000000)
  region size 2048K, 4 young (8192K), 4 survivors (8192K)
 Metaspace       used 71378K, committed 73152K, reserved 1179648K
  class space    used 7317K, committed 8128K, reserved 1048576K
}
Event: 350.250 GC heap before
{Heap before GC invocations=71 (full 0):
 garbage-first heap   total 153600K, used 89383K [0x0000000700000000, 0x0000000800000000)
  region size 2048K, 7 young (14336K), 4 survivors (8192K)
 Metaspace       used 71384K, committed 73152K, reserved 1179648K
  class space    used 7317K, committed 8128K, reserved 1048576K
}
Event: 350.269 GC heap after
{Heap after GC invocations=72 (full 0):
 garbage-first heap   total 153600K, used 86652K [0x0000000700000000, 0x0000000800000000)
  region size 2048K, 1 young (2048K), 1 survivors (2048K)
 Metaspace       used 71384K, committed 73152K, reserved 1179648K
  class space    used 7317K, committed 8128K, reserved 1048576K
}
Event: 351.854 GC heap before
{Heap before GC invocations=73 (full 0):
 garbage-first heap   total 153600K, used 86652K [0x0000000700000000, 0x0000000800000000)
  region size 2048K, 2 young (4096K), 1 survivors (2048K)
 Metaspace       used 71385K, committed 73152K, reserved 1179648K
  class space    used 7317K, committed 8128K, reserved 1048576K
}
Event: 351.863 GC heap after
{Heap after GC invocations=74 (full 0):
 garbage-first heap   total 153600K, used 86471K [0x0000000700000000, 0x0000000800000000)
  region size 2048K, 1 young (2048K), 1 survivors (2048K)
 Metaspace       used 71385K, committed 73152K, reserved 1179648K
  class space    used 7317K, committed 8128K, reserved 1048576K
}

Dll operation events (20 events):
Event: 0.018 Attempting to load shared library c:\Users\58769084\.vscode\extensions\redhat.java-1.56.0-win32-x64\jre\21.0.12.1-win32-x86_64\bin\java.dll
Event: 0.018 Loaded shared library c:\Users\58769084\.vscode\extensions\redhat.java-1.56.0-win32-x64\jre\21.0.12.1-win32-x86_64\bin\java.dll
Event: 0.732 Attempting to load shared library c:\Users\58769084\.vscode\extensions\redhat.java-1.56.0-win32-x64\jre\21.0.12.1-win32-x86_64\bin\zip.dll
Event: 0.732 Loaded shared library c:\Users\58769084\.vscode\extensions\redhat.java-1.56.0-win32-x64\jre\21.0.12.1-win32-x86_64\bin\zip.dll
Event: 0.843 Attempting to load shared library C:\Users\58769084\.vscode\extensions\redhat.java-1.56.0-win32-x64\jre\21.0.12.1-win32-x86_64\bin\instrument.dll
Event: 0.843 Loaded shared library C:\Users\58769084\.vscode\extensions\redhat.java-1.56.0-win32-x64\jre\21.0.12.1-win32-x86_64\bin\instrument.dll
Event: 0.910 Attempting to load shared library C:\Users\58769084\.vscode\extensions\redhat.java-1.56.0-win32-x64\jre\21.0.12.1-win32-x86_64\bin\net.dll
Event: 0.911 Loaded shared library C:\Users\58769084\.vscode\extensions\redhat.java-1.56.0-win32-x64\jre\21.0.12.1-win32-x86_64\bin\net.dll
Event: 0.935 Attempting to load shared library C:\Users\58769084\.vscode\extensions\redhat.java-1.56.0-win32-x64\jre\21.0.12.1-win32-x86_64\bin\nio.dll
Event: 0.946 Loaded shared library C:\Users\58769084\.vscode\extensions\redhat.java-1.56.0-win32-x64\jre\21.0.12.1-win32-x86_64\bin\nio.dll
Event: 0.952 Attempting to load shared library C:\Users\58769084\.vscode\extensions\redhat.java-1.56.0-win32-x64\jre\21.0.12.1-win32-x86_64\bin\zip.dll
Event: 0.952 Loaded shared library C:\Users\58769084\.vscode\extensions\redhat.java-1.56.0-win32-x64\jre\21.0.12.1-win32-x86_64\bin\zip.dll
Event: 0.988 Attempting to load shared library C:\Users\58769084\.vscode\extensions\redhat.java-1.56.0-win32-x64\jre\21.0.12.1-win32-x86_64\bin\jimage.dll
Event: 0.988 Loaded shared library C:\Users\58769084\.vscode\extensions\redhat.java-1.56.0-win32-x64\jre\21.0.12.1-win32-x86_64\bin\jimage.dll
Event: 1.664 Attempting to load shared library c:\Users\58769084\.vscode\extensions\redhat.java-1.56.0-win32-x64\jre\21.0.12.1-win32-x86_64\bin\verify.dll
Event: 1.664 Loaded shared library c:\Users\58769084\.vscode\extensions\redhat.java-1.56.0-win32-x64\jre\21.0.12.1-win32-x86_64\bin\verify.dll
Event: 7.090 Attempting to load shared library C:\Users\58769084\AppData\Roaming\Code\User\globalStorage\redhat.java\1.56.0\config_win\org.eclipse.equinox.launcher\org.eclipse.equinox.launcher.win32.win32.x86_64_1.3.100.v20260804-1928\eclipse_11924.dll
Event: 7.117 Loaded shared library C:\Users\58769084\AppData\Roaming\Code\User\globalStorage\redhat.java\1.56.0\config_win\org.eclipse.equinox.launcher\org.eclipse.equinox.launcher.win32.win32.x86_64_1.3.100.v20260804-1928\eclipse_11924.dll
Event: 24.110 Attempting to load shared library C:\Users\58769084\AppData\Local\Temp\jna-1961452565\jna15414781405534864192.dll
Event: 28.943 Loaded shared library C:\Users\58769084\AppData\Local\Temp\jna-1961452565\jna15414781405534864192.dll

Deoptimization events (20 events):
Event: 344.814 Thread 0x0000021484263410 Uncommon trap: trap_request=0xffffffde fr.pc=0x0000021430164cd4 relative=0x0000000000000f14
Event: 344.814 Thread 0x0000021484263410 Uncommon trap: reason=class_check action=maybe_recompile pc=0x0000021430164cd4 method=org.eclipse.jdt.internal.compiler.SourceElementParser.constructTypeReference(I)Lorg/eclipse/jdt/internal/compiler/ast/TypeReference; @ 222 c2
Event: 344.814 Thread 0x0000021484263410 DEOPT PACKING pc=0x0000021430164cd4 sp=0x000000e3e9ffebb0
Event: 344.814 Thread 0x0000021484263410 DEOPT UNPACKING pc=0x000002142f93439c sp=0x000000e3e9ffeb50 mode 2
Event: 344.814 Thread 0x0000021484263410 Uncommon trap: trap_request=0xffffffde fr.pc=0x0000021430164cd4 relative=0x0000000000000f14
Event: 344.814 Thread 0x0000021484263410 Uncommon trap: reason=class_check action=maybe_recompile pc=0x0000021430164cd4 method=org.eclipse.jdt.internal.compiler.SourceElementParser.constructTypeReference(I)Lorg/eclipse/jdt/internal/compiler/ast/TypeReference; @ 222 c2
Event: 344.814 Thread 0x0000021484263410 DEOPT PACKING pc=0x0000021430164cd4 sp=0x000000e3e9ffeac0
Event: 344.814 Thread 0x0000021484263410 DEOPT UNPACKING pc=0x000002142f93439c sp=0x000000e3e9ffea60 mode 2
Event: 344.814 Thread 0x0000021484263410 Uncommon trap: trap_request=0xffffffde fr.pc=0x0000021430164f78 relative=0x00000000000011b8
Event: 344.814 Thread 0x0000021484263410 Uncommon trap: reason=class_check action=maybe_recompile pc=0x0000021430164f78 method=org.eclipse.jdt.internal.compiler.SourceElementParser.constructTypeReference(I)Lorg/eclipse/jdt/internal/compiler/ast/TypeReference; @ 552 c2
Event: 344.814 Thread 0x0000021484263410 DEOPT PACKING pc=0x0000021430164f78 sp=0x000000e3e9ffeac0
Event: 344.814 Thread 0x0000021484263410 DEOPT UNPACKING pc=0x000002142f93439c sp=0x000000e3e9ffea58 mode 2
Event: 344.814 Thread 0x0000021484263410 Uncommon trap: trap_request=0xffffffde fr.pc=0x0000021430164f78 relative=0x00000000000011b8
Event: 344.814 Thread 0x0000021484263410 Uncommon trap: reason=class_check action=maybe_recompile pc=0x0000021430164f78 method=org.eclipse.jdt.internal.compiler.SourceElementParser.constructTypeReference(I)Lorg/eclipse/jdt/internal/compiler/ast/TypeReference; @ 552 c2
Event: 344.814 Thread 0x0000021484263410 DEOPT PACKING pc=0x0000021430164f78 sp=0x000000e3e9ffeba0
Event: 344.814 Thread 0x0000021484263410 DEOPT UNPACKING pc=0x000002142f93439c sp=0x000000e3e9ffeb38 mode 2
Event: 350.250 Thread 0x0000021484263410 Uncommon trap: trap_request=0xffffff3d fr.pc=0x00000214308d44e8 relative=0x0000000000004ea8
Event: 350.250 Thread 0x0000021484263410 Uncommon trap: reason=unstable_fused_if action=reinterpret pc=0x00000214308d44e8 method=org.eclipse.jdt.internal.compiler.util.HashtableOfObject.<init>(I)V @ 47 c2
Event: 350.250 Thread 0x0000021484263410 DEOPT PACKING pc=0x00000214308d44e8 sp=0x000000e3e9ffecc0
Event: 350.250 Thread 0x0000021484263410 DEOPT UNPACKING pc=0x000002142f93439c sp=0x000000e3e9ffec08 mode 2

Classes loaded (20 events):
Event: 335.278 Loading class java/util/regex/Pattern$Behind
Event: 335.279 Loading class java/util/regex/Pattern$Behind done
Event: 335.281 Loading class java/util/regex/Pattern$Neg
Event: 335.281 Loading class java/util/regex/Pattern$Neg done
Event: 338.613 Loading class java/util/stream/Nodes$CollectorTask$OfRef
Event: 338.620 Loading class java/util/stream/Nodes$CollectorTask
Event: 338.623 Loading class java/util/stream/Nodes$CollectorTask done
Event: 338.623 Loading class java/util/stream/Nodes$CollectorTask$OfRef done
Event: 338.624 Loading class java/util/function/LongFunction
Event: 338.626 Loading class java/util/function/LongFunction done
Event: 338.628 Loading class java/util/stream/Nodes$ConcNode
Event: 338.628 Loading class java/util/stream/Nodes$AbstractConcNode
Event: 338.629 Loading class java/util/stream/Nodes$AbstractConcNode done
Event: 338.629 Loading class java/util/stream/Nodes$ConcNode done
Event: 339.102 Loading class java/io/ObjectOutputStream$BlockDataOutputStream
Event: 339.104 Loading class java/io/ObjectOutputStream$BlockDataOutputStream done
Event: 339.104 Loading class java/io/ObjectOutputStream$HandleTable
Event: 339.104 Loading class java/io/ObjectOutputStream$HandleTable done
Event: 339.104 Loading class java/io/ObjectOutputStream$ReplaceTable
Event: 339.104 Loading class java/io/ObjectOutputStream$ReplaceTable done

Classes unloaded (7 events):
Event: 51.046 Thread 0x000002143e4ea8a0 Unloading class 0x00000214401ad400 'java/lang/invoke/LambdaForm$MH+0x00000214401ad400'
Event: 51.046 Thread 0x000002143e4ea8a0 Unloading class 0x00000214401ad000 'java/lang/invoke/LambdaForm$MH+0x00000214401ad000'
Event: 51.046 Thread 0x000002143e4ea8a0 Unloading class 0x00000214401acc00 'java/lang/invoke/LambdaForm$MH+0x00000214401acc00'
Event: 51.046 Thread 0x000002143e4ea8a0 Unloading class 0x00000214401ac800 'java/lang/invoke/LambdaForm$MH+0x00000214401ac800'
Event: 51.046 Thread 0x000002143e4ea8a0 Unloading class 0x00000214401ac400 'java/lang/invoke/LambdaForm$BMH+0x00000214401ac400'
Event: 51.046 Thread 0x000002143e4ea8a0 Unloading class 0x00000214401ac000 'java/lang/invoke/LambdaForm$DMH+0x00000214401ac000'
Event: 51.046 Thread 0x000002143e4ea8a0 Unloading class 0x00000214401aac00 'java/lang/invoke/LambdaForm$DMH+0x00000214401aac00'

Classes redefined (0 events):
No events

Internal exceptions (20 events):
Event: 349.700 Thread 0x0000021484803be0 Exception <a 'java/lang/NullPointerException'{0x0000000706c27438}> (0x0000000706c27438) 
thrown [s\src\hotspot\share\runtime\sharedRuntime.cpp, line 625]
Event: 349.700 Thread 0x0000021484803be0 Implicit null exception at 0x000002142960e62a to 0x000002142960ec2c
Event: 349.700 Thread 0x0000021484803be0 Exception <a 'java/lang/NullPointerException'{0x0000000706c27fb0}> (0x0000000706c27fb0) 
thrown [s\src\hotspot\share\runtime\sharedRuntime.cpp, line 625]
Event: 349.700 Thread 0x0000021484803be0 Implicit null exception at 0x000002142960e62a to 0x000002142960ec2c
Event: 349.700 Thread 0x0000021484803be0 Exception <a 'java/lang/NullPointerException'{0x0000000706c28740}> (0x0000000706c28740) 
thrown [s\src\hotspot\share\runtime\sharedRuntime.cpp, line 625]
Event: 349.700 Thread 0x0000021484803be0 Implicit null exception at 0x000002142960e62a to 0x000002142960ec2c
Event: 349.700 Thread 0x0000021484803be0 Exception <a 'java/lang/NullPointerException'{0x0000000706c28be0}> (0x0000000706c28be0) 
thrown [s\src\hotspot\share\runtime\sharedRuntime.cpp, line 625]
Event: 349.700 Thread 0x0000021484803be0 Exception <a 'java/lang/NullPointerException'{0x0000000706c29230}> (0x0000000706c29230) 
thrown [s\src\hotspot\share\interpreter\linkResolver.cpp, line 1372]
Event: 349.700 Thread 0x0000021484803be0 Implicit null exception at 0x000002142960e62a to 0x000002142960ec2c
Event: 349.700 Thread 0x0000021484803be0 Exception <a 'java/lang/NullPointerException'{0x0000000706c296d0}> (0x0000000706c296d0) 
thrown [s\src\hotspot\share\runtime\sharedRuntime.cpp, line 625]
Event: 349.700 Thread 0x0000021484803be0 Implicit null exception at 0x000002142960e62a to 0x000002142960ec2c
Event: 349.700 Thread 0x0000021484803be0 Exception <a 'java/lang/NullPointerException'{0x0000000706c2a318}> (0x0000000706c2a318) 
thrown [s\src\hotspot\share\runtime\sharedRuntime.cpp, line 625]
Event: 349.700 Thread 0x0000021484803be0 Implicit null exception at 0x000002142960e62a to 0x000002142960ec2c
Event: 349.700 Thread 0x0000021484803be0 Exception <a 'java/lang/NullPointerException'{0x0000000706c2a900}> (0x0000000706c2a900) 
thrown [s\src\hotspot\share\runtime\sharedRuntime.cpp, line 625]
Event: 349.700 Thread 0x0000021484803be0 Implicit null exception at 0x000002142960e62a to 0x000002142960ec2c
Event: 349.700 Thread 0x0000021484803be0 Exception <a 'java/lang/NullPointerException'{0x0000000706c2ade0}> (0x0000000706c2ade0) 
thrown [s\src\hotspot\share\runtime\sharedRuntime.cpp, line 625]
Event: 349.700 Thread 0x0000021484803be0 Implicit null exception at 0x000002142960e62a to 0x000002142960ec2c
Event: 349.700 Thread 0x0000021484803be0 Exception <a 'java/lang/NullPointerException'{0x0000000706c2b468}> (0x0000000706c2b468) 
thrown [s\src\hotspot\share\runtime\sharedRuntime.cpp, line 625]
Event: 349.700 Thread 0x0000021484803be0 Implicit null exception at 0x000002142960e62a to 0x000002142960ec2c
Event: 349.700 Thread 0x0000021484803be0 Exception <a 'java/lang/NullPointerException'{0x0000000706c2cc80}> (0x0000000706c2cc80) 
thrown [s\src\hotspot\share\runtime\sharedRuntime.cpp, line 625]

ZGC Phase Switch (0 events):
No events

VM Operations (20 events):
Event: 340.783 Executing safepoint VM operation: Cleanup done
Event: 341.796 Executing safepoint VM operation: Cleanup
Event: 341.796 Executing safepoint VM operation: Cleanup done
Event: 342.808 Executing safepoint VM operation: Cleanup
Event: 343.276 Executing safepoint VM operation: Cleanup done
Event: 344.278 Executing safepoint VM operation: Cleanup
Event: 344.278 Executing safepoint VM operation: Cleanup done
Event: 345.286 Executing safepoint VM operation: Cleanup
Event: 347.026 Executing safepoint VM operation: Cleanup done
Event: 348.026 Executing safepoint VM operation: Cleanup
Event: 349.344 Executing safepoint VM operation: Cleanup done
Event: 349.871 Executing safepoint VM operation: G1CollectForAllocation (G1 Evacuation Pause)
Event: 349.928 Executing safepoint VM operation: G1CollectForAllocation (G1 Evacuation Pause) done
Event: 350.250 Executing safepoint VM operation: G1TryInitiateConcMark (G1 Humongous Allocation)
Event: 350.269 Executing safepoint VM operation: G1TryInitiateConcMark (G1 Humongous Allocation) done
Event: 351.639 Executing safepoint VM operation: G1PauseRemark
Event: 351.688 Executing safepoint VM operation: G1PauseRemark done
Event: 351.789 Executing safepoint VM operation: G1PauseCleanup
Event: 351.807 Executing safepoint VM operation: G1PauseCleanup done
Event: 351.854 Executing safepoint VM operation: G1CollectForAllocation (G1 Humongous Allocation)

Memory protections (0 events):
No events

Nmethod flushes (20 events):
Event: 351.684 Thread 0x000002143e4ea8a0 flushing  nmethod 0x0000021429a9cb10
Event: 351.684 Thread 0x000002143e4ea8a0 flushing  nmethod 0x0000021429a9d290
Event: 351.684 Thread 0x000002143e4ea8a0 flushing  nmethod 0x0000021429a9e490
Event: 351.684 Thread 0x000002143e4ea8a0 flushing  nmethod 0x0000021429aaef90
Event: 351.684 Thread 0x000002143e4ea8a0 flushing  nmethod 0x0000021429ad6f10
Event: 351.684 Thread 0x000002143e4ea8a0 flushing  nmethod 0x0000021429b49a90
Event: 351.684 Thread 0x000002143e4ea8a0 flushing  nmethod 0x0000021429b87f10
Event: 351.684 Thread 0x000002143e4ea8a0 flushing  nmethod 0x0000021429bc5490
Event: 351.684 Thread 0x000002143e4ea8a0 flushing  nmethod 0x0000021429bd0190
Event: 351.684 Thread 0x000002143e4ea8a0 flushing  nmethod 0x0000021429bd9190
Event: 351.684 Thread 0x000002143e4ea8a0 flushing  nmethod 0x0000021429bdbb90
Event: 351.684 Thread 0x000002143e4ea8a0 flushing  nmethod 0x0000021429c78d90
Event: 351.684 Thread 0x000002143e4ea8a0 flushing  nmethod 0x0000021429d09c10
Event: 351.684 Thread 0x000002143e4ea8a0 flushing  nmethod 0x0000021429d26d90
Event: 351.684 Thread 0x000002143e4ea8a0 flushing osr nmethod 0x0000021429d3e810
Event: 351.684 Thread 0x000002143e4ea8a0 flushing  nmethod 0x0000021429d66590
Event: 351.684 Thread 0x000002143e4ea8a0 flushing  nmethod 0x0000021429d67e90
Event: 351.684 Thread 0x000002143e4ea8a0 flushing osr nmethod 0x0000021429d6d110
Event: 351.684 Thread 0x000002143e4ea8a0 flushing  nmethod 0x0000021429e9e810
Event: 351.684 Thread 0x000002143e4ea8a0 flushing  nmethod 0x0000021429ea8110

Events (20 events):
Event: 338.631 Thread 0x0000021484804f90 Thread exited: 0x0000021484804f90
Event: 338.748 Thread 0x00000214842626f0 Thread added: 0x0000021484800760
Event: 338.817 Thread 0x0000021484805cb0 Thread exited: 0x0000021484805cb0
Event: 338.822 Thread 0x00000214848021a0 Thread exited: 0x00000214848021a0
Event: 338.825 Thread 0x00000214863a1570 Thread added: 0x00000214848021a0
Event: 339.154 Thread 0x0000021484800760 Thread exited: 0x0000021484800760
Event: 341.422 Thread 0x0000021484803550 Thread exited: 0x0000021484803550
Event: 347.026 Thread 0x00000214848021a0 Thread exited: 0x00000214848021a0
Event: 347.379 Thread 0x00000214863a1570 Thread added: 0x00000214848021a0
Event: 347.825 Thread 0x00000214848021a0 Thread exited: 0x00000214848021a0
Event: 347.827 Thread 0x00000214863a1570 Thread added: 0x00000214848021a0
Event: 347.921 Thread 0x00000214848021a0 Thread exited: 0x00000214848021a0
Event: 349.671 Thread 0x00000214863a1570 Thread added: 0x0000021484804f90
Event: 349.672 Thread 0x0000021484804f90 Thread exited: 0x0000021484804f90
Event: 351.706 Thread 0x00000214863a1570 Thread added: 0x0000021484804f90
Event: 351.720 Thread 0x00000214863a1570 Thread added: 0x00000214848000d0
Event: 351.723 Thread 0x00000214863a1570 Thread added: 0x0000021486456170
Event: 351.813 Thread 0x0000021484804f90 Thread exited: 0x0000021484804f90
Event: 351.814 Thread 0x00000214848000d0 Thread exited: 0x00000214848000d0
Event: 351.814 Thread 0x0000021486456170 Thread exited: 0x0000021486456170


Dynamic libraries:
0x00007ff6d4fb0000 - 0x00007ff6d4fbe000 	c:\Users\58769084\.vscode\extensions\redhat.java-1.56.0-win32-x64\jre\21.0.12.1-win32-x86_64\bin\java.exe
0x00007ffb813f0000 - 0x00007ffb815e8000 	C:\WINDOWS\SYSTEM32\ntdll.dll
0x00007ffb7ff30000 - 0x00007ffb7fff2000 	C:\WINDOWS\System32\KERNEL32.DLL
0x00007ffb7efe0000 - 0x00007ffb7f2d6000 	C:\WINDOWS\System32\KERNELBASE.dll
0x00007ffb7afc0000 - 0x00007ffb7b054000 	C:\WINDOWS\SYSTEM32\apphelp.dll
0x00007ffb7f2e0000 - 0x00007ffb7f3e0000 	C:\WINDOWS\System32\ucrtbase.dll
0x00007ffb77fb0000 - 0x00007ffb77fc8000 	c:\Users\58769084\.vscode\extensions\redhat.java-1.56.0-win32-x64\jre\21.0.12.1-win32-x86_64\bin\jli.dll
0x00007ffb7f630000 - 0x00007ffb7f7d1000 	C:\WINDOWS\System32\USER32.dll
0x00007ffb7eee0000 - 0x00007ffb7ef02000 	C:\WINDOWS\System32\win32u.dll
0x00007ffb7f7e0000 - 0x00007ffb7f80b000 	C:\WINDOWS\System32\GDI32.dll
0x00007ffb7ed10000 - 0x00007ffb7ee29000 	C:\WINDOWS\System32\gdi32full.dll
0x00007ffb7ea80000 - 0x00007ffb7eb1d000 	C:\WINDOWS\System32\msvcp_win.dll
0x00007ffb753e0000 - 0x00007ffb753fe000 	c:\Users\58769084\.vscode\extensions\redhat.java-1.56.0-win32-x64\jre\21.0.12.1-win32-x86_64\bin\VCRUNTIME140.dll
0x00007ffb7dd40000 - 0x00007ffb7dfdb000 	C:\WINDOWS\WinSxS\amd64_microsoft.windows.common-controls_6595b64144ccf1df_6.0.19041.6456_none_60b8a6cb71f64256\COMCTL32.dll
0x00007ffb7f410000 - 0x00007ffb7f4ae000 	C:\WINDOWS\System32\msvcrt.dll
0x00007ffb7fcb0000 - 0x00007ffb7fcdf000 	C:\WINDOWS\System32\IMM32.DLL
0x00007ffb7c190000 - 0x00007ffb7c19c000 	c:\Users\58769084\.vscode\extensions\redhat.java-1.56.0-win32-x64\jre\21.0.12.1-win32-x86_64\bin\vcruntime140_1.dll
0x00007ffb48800000 - 0x00007ffb4888d000 	c:\Users\58769084\.vscode\extensions\redhat.java-1.56.0-win32-x64\jre\21.0.12.1-win32-x86_64\bin\msvcp140.dll
0x00007ffafd020000 - 0x00007ffafddc2000 	c:\Users\58769084\.vscode\extensions\redhat.java-1.56.0-win32-x64\jre\21.0.12.1-win32-x86_64\bin\server\jvm.dll
0x00007ffb80110000 - 0x00007ffb801c1000 	C:\WINDOWS\System32\ADVAPI32.dll
0x00007ffb81310000 - 0x00007ffb813af000 	C:\WINDOWS\System32\sechost.dll
0x00007ffb7f4b0000 - 0x00007ffb7f5d0000 	C:\WINDOWS\System32\RPCRT4.dll
0x00007ffb7f3e0000 - 0x00007ffb7f407000 	C:\WINDOWS\System32\bcrypt.dll
0x00007ffb80b30000 - 0x00007ffb80b9b000 	C:\WINDOWS\System32\WS2_32.dll
0x00007ffb7e8e0000 - 0x00007ffb7e92b000 	C:\WINDOWS\SYSTEM32\POWRPROF.dll
0x00007ffb67a20000 - 0x00007ffb67a47000 	C:\WINDOWS\SYSTEM32\WINMM.dll
0x00007ffb7b440000 - 0x00007ffb7b44a000 	C:\WINDOWS\SYSTEM32\VERSION.dll
0x00007ffb7e8c0000 - 0x00007ffb7e8d2000 	C:\WINDOWS\SYSTEM32\UMPDC.dll
0x00007ffb7b790000 - 0x00007ffb7b7a2000 	C:\WINDOWS\SYSTEM32\kernel.appcore.dll
0x00007ffb77fa0000 - 0x00007ffb77faa000 	c:\Users\58769084\.vscode\extensions\redhat.java-1.56.0-win32-x64\jre\21.0.12.1-win32-x86_64\bin\jimage.dll
0x00007ffb7e1c0000 - 0x00007ffb7e3c1000 	C:\WINDOWS\SYSTEM32\DBGHELP.DLL
0x00007ffb7e140000 - 0x00007ffb7e174000 	C:\WINDOWS\SYSTEM32\dbgcore.DLL
0x00007ffb7ec80000 - 0x00007ffb7ed02000 	C:\WINDOWS\System32\bcryptPrimitives.dll
0x00007ffb75550000 - 0x00007ffb7555f000 	c:\Users\58769084\.vscode\extensions\redhat.java-1.56.0-win32-x64\jre\21.0.12.1-win32-x86_64\bin\instrument.dll
0x00007ffb753a0000 - 0x00007ffb753c0000 	c:\Users\58769084\.vscode\extensions\redhat.java-1.56.0-win32-x64\jre\21.0.12.1-win32-x86_64\bin\java.dll
0x00007ffb80ba0000 - 0x00007ffb81310000 	C:\WINDOWS\System32\SHELL32.dll
0x00007ffb7b990000 - 0x00007ffb7c135000 	C:\WINDOWS\SYSTEM32\windows.storage.dll
0x00007ffb804d0000 - 0x00007ffb80824000 	C:\WINDOWS\System32\combase.dll
0x00007ffb7dc30000 - 0x00007ffb7dc5b000 	C:\WINDOWS\SYSTEM32\Wldp.dll
0x00007ffb80a60000 - 0x00007ffb80b2d000 	C:\WINDOWS\System32\OLEAUT32.dll
0x00007ffb80830000 - 0x00007ffb808dd000 	C:\WINDOWS\System32\SHCORE.dll
0x00007ffb7f5d0000 - 0x00007ffb7f62b000 	C:\WINDOWS\System32\shlwapi.dll
0x00007ffb7e9b0000 - 0x00007ffb7e9d4000 	C:\WINDOWS\SYSTEM32\profapi.dll
0x00007ffb75380000 - 0x00007ffb75398000 	c:\Users\58769084\.vscode\extensions\redhat.java-1.56.0-win32-x64\jre\21.0.12.1-win32-x86_64\bin\zip.dll
0x00007ffb752e0000 - 0x00007ffb752f0000 	C:\Users\58769084\.vscode\extensions\redhat.java-1.56.0-win32-x64\jre\21.0.12.1-win32-x86_64\bin\net.dll
0x00007ffb7d330000 - 0x00007ffb7d43a000 	C:\WINDOWS\SYSTEM32\WINHTTP.dll
0x00007ffb7da10000 - 0x00007ffb7da7a000 	C:\WINDOWS\system32\mswsock.dll
0x00007ffb64c00000 - 0x00007ffb64c16000 	C:\Users\58769084\.vscode\extensions\redhat.java-1.56.0-win32-x64\jre\21.0.12.1-win32-x86_64\bin\nio.dll
0x00007ffb59ca0000 - 0x00007ffb59cb0000 	c:\Users\58769084\.vscode\extensions\redhat.java-1.56.0-win32-x64\jre\21.0.12.1-win32-x86_64\bin\verify.dll
0x00007ffb64d60000 - 0x00007ffb64da5000 	C:\Users\58769084\AppData\Roaming\Code\User\globalStorage\redhat.java\1.56.0\config_win\org.eclipse.equinox.launcher\org.eclipse.equinox.launcher.win32.win32.x86_64_1.3.100.v20260804-1928\eclipse_11924.dll
0x00007ffb7fdf0000 - 0x00007ffb7ff1b000 	C:\WINDOWS\System32\ole32.dll
0x00007ffb7e780000 - 0x00007ffb7e798000 	C:\WINDOWS\SYSTEM32\CRYPTSP.dll
0x00007ffb7d2a0000 - 0x00007ffb7d2d8000 	C:\WINDOWS\system32\rsaenh.dll
0x00007ffb7e930000 - 0x00007ffb7e95e000 	C:\WINDOWS\SYSTEM32\USERENV.dll
0x00007ffb7dba0000 - 0x00007ffb7dbac000 	C:\WINDOWS\SYSTEM32\CRYPTBASE.dll
0x00007ffb7d710000 - 0x00007ffb7d74b000 	C:\WINDOWS\SYSTEM32\IPHLPAPI.DLL
0x00007ffb80230000 - 0x00007ffb80238000 	C:\WINDOWS\System32\NSI.dll
0x00007ffb68e20000 - 0x00007ffb68e69000 	C:\Users\58769084\AppData\Local\Temp\jna-1961452565\jna15414781405534864192.dll
0x00007ffb7ff20000 - 0x00007ffb7ff28000 	C:\WINDOWS\System32\PSAPI.DLL
0x00007ffb742f0000 - 0x00007ffb74307000 	C:\WINDOWS\SYSTEM32\dhcpcsvc6.DLL
0x00007ffb765a0000 - 0x00007ffb765bd000 	C:\WINDOWS\SYSTEM32\dhcpcsvc.DLL

JVMTI agents:
c:\Users\58769084\.vscode\extensions\redhat.java-1.56.0-win32-x64\lombok\lombok-1.18.39-4050.jar path:c:\Users\58769084\.vscode\extensions\redhat.java-1.56.0-win32-x64\jre\21.0.12.1-win32-x86_64\bin\instrument.dll, loaded, initialized, instrumentlib options:none

dbghelp: loaded successfully - version: 4.0.5 - missing functions: none
symbol engine: initialized successfully - sym options: 0x614 - pdb path: .;c:\Users\58769084\.vscode\extensions\redhat.java-1.56.0-win32-x64\jre\21.0.12.1-win32-x86_64\bin;C:\WINDOWS\SYSTEM32;C:\WINDOWS\WinSxS\amd64_microsoft.windows.common-controls_6595b64144ccf1df_6.0.19041.6456_none_60b8a6cb71f64256;c:\Users\58769084\.vscode\extensions\redhat.java-1.56.0-win32-x64\jre\21.0.12.1-win32-x86_64\bin\server;C:\Users\58769084\AppData\Roaming\Code\User\globalStorage\redhat.java\1.56.0\config_win\org.eclipse.equinox.launcher\org.eclipse.equinox.launcher.win32.win32.x86_64_1.3.100.v20260804-1928;C:\Users\58769084\AppData\Local\Temp\jna-1961452565

VM Arguments:
jvm_args: --add-modules=ALL-SYSTEM --add-opens=java.base/java.util=ALL-UNNAMED --add-opens=java.base/java.lang=ALL-UNNAMED --add-opens=java.base/sun.nio.fs=ALL-UNNAMED -Declipse.application=org.eclipse.jdt.ls.core.id1 -Dosgi.bundles.defaultStartLevel=4 -Declipse.product=org.eclipse.jdt.ls.core.product -Djava.import.generatesMetadataFilesAtProjectRoot=false -Dm2e.project.cache.size=50 -DDetectVMInstallationsJob.disabled=true -Dfile.encoding=utf8 -Xlog:disable -XX:+UseG1GC -XX:+UseStringDeduplication -Xmx4G -javaagent:c:\Users\58769084\.vscode\extensions\redhat.java-1.56.0-win32-x64\lombok\lombok-1.18.39-4050.jar -XX:+HeapDumpOnOutOfMemoryError -XX:HeapDumpPath=c:\Users\58769084\AppData\Roaming\Code\User\workspaceStorage\f183437116053616420707e311afbfd2\redhat.java -Daether.dependencyCollector.impl=bf 
java_command: c:\Users\58769084\.vscode\extensions\redhat.java-1.56.0-win32-x64\server\plugins\org.eclipse.equinox.launcher_1.8.0.v20260804-1928.jar -configuration c:\Users\58769084\AppData\Roaming\Code\User\globalStorage\redhat.java\1.56.0\config_win -data c:\Users\58769084\AppData\Roaming\Code\User\workspaceStorage\f183437116053616420707e311afbfd2\redhat.java\jdt_ws --pipe=\\.\pipe\lsp-b549ef6b542b23a119eb54e105d22ef8-sock
java_class_path (initial): c:\Users\58769084\.vscode\extensions\redhat.java-1.56.0-win32-x64\server\plugins\org.eclipse.equinox.launcher_1.8.0.v20260804-1928.jar
Launcher Type: SUN_STANDARD

[Global flags]
     intx CICompilerCount                          = 2                                         {product} {ergonomic}
     uint ConcGCThreads                            = 1                                         {product} {ergonomic}
     uint G1ConcRefinementThreads                  = 2                                         {product} {ergonomic}
   size_t G1HeapRegionSize                         = 2097152                                   {product} {ergonomic}
    uintx GCDrainStackTargetSize                   = 64                                        {product} {ergonomic}
     bool HeapDumpOnOutOfMemoryError               = true                                   {manageable} {command line}
    ccstr HeapDumpPath                             = c:\Users\58769084\AppData\Roaming\Code\User\workspaceStorage\f183437116053616420707e311afbfd2\redhat.java         {manageable} {command line}
   size_t InitialHeapSize                          = 65011712                                  {product} {ergonomic}
   size_t MarkStackSize                            = 4194304                                   {product} {ergonomic}
   size_t MaxHeapSize                              = 4294967296                                {product} {command line}
   size_t MaxNewSize                               = 2575302656                                {product} {ergonomic}
   size_t MinHeapDeltaBytes                        = 2097152                                   {product} {ergonomic}
   size_t MinHeapSize                              = 8388608                                   {product} {ergonomic}
    uintx NonNMethodCodeHeapSize                   = 5826188                                {pd product} {ergonomic}
    uintx NonProfiledCodeHeapSize                  = 122916026                              {pd product} {ergonomic}
    uintx ProfiledCodeHeapSize                     = 122916026                              {pd product} {ergonomic}
    uintx ReservedCodeCacheSize                    = 251658240                              {pd product} {ergonomic}
     bool SegmentedCodeCache                       = true                                      {product} {ergonomic}
   size_t SoftMaxHeapSize                          = 4294967296                             {manageable} {ergonomic}
     bool UseCompressedOops                        = true                           {product lp64_product} {ergonomic}
     bool UseG1GC                                  = true                                      {product} {command line}
     bool UseLargePagesIndividualAllocation        = false                                  {pd product} {ergonomic}
     bool UseStringDeduplication                   = true                                      {product} {command line}

Logging:
Log output configuration:
 #0: stdout all=off uptime,level,tags foldmultilines=false
 #1: stderr all=off uptime,level,tags foldmultilines=false

Release file:
JAVA_VERSION="21.0.12.1" 
MODULES="java.base java.compiler java.datatransfer java.xml java.prefs java.desktop java.instrument java.logging java.management java.security.sasl java.naming java.rmi java.management.rmi java.net.http java.scripting java.security.jgss java.transaction.xa java.sql java.sql.rowset java.xml.crypto java.se java.smartcardio jdk.accessibility jdk.internal.jvmstat jdk.attach jdk.charsets jdk.internal.opt jdk.zipfs jdk.compiler jdk.crypto.ec jdk.crypto.cryptoki jdk.crypto.mscapi jdk.dynalink jdk.internal.ed jdk.editpad jdk.hotspot.agent jdk.httpserver jdk.internal.le jdk.internal.vm.ci jdk.internal.vm.compiler jdk.internal.vm.compiler.management jdk.jartool jdk.javadoc jdk.jcmd jdk.management jdk.management.agent jdk.jconsole jdk.jdeps jdk.jdwp.agent jdk.jdi jdk.jfr jdk.jshell jdk.jsobject jdk.jstatd jdk.localedata jdk.management.jfr jdk.naming.dns jdk.naming.rmi jdk.net jdk.nio.mapmode jdk.random jdk.sctp jdk.security.auth jdk.security.jgss jdk.unsupported jdk.unsupported.desktop jdk.xml.dom" 

Environment Variables:
JAVA_HOME=C:\Program Files\Eclipse Adoptium\jdk-17.0.20.101-hotspot
PATH=C:\Program Files\Eclipse Adoptium\jdk-17.0.20.101-hotspot\bin;C:\WINDOWS\system32;C:\WINDOWS;C:\WINDOWS\System32\Wbem;C:\WINDOWS\System32\WindowsPowerShell\v1.0\;C:\WINDOWS\System32\OpenSSH\;C:\Program Files\dotnet\;C:\Program Files\nodejs\;C:\Program Files\Git\cmd;C:\Users\58769084\AppData\Local\Microsoft\WindowsApps;C:\Users\58769084\AppData\Local\Programs\Microsoft VS Code\bin;C:\Users\58769084\Downloads\flutter_windows_3.44.1-stable\flutter\bin;C:\Users\58769084\Desktop\flutt\flutter\bin;C:\Users\58769084\AppData\Roaming\npm;C:\Program Files\Java\jdk-21.0.12.1\bin;C:\Users\58769084\Documents\apache-maven-3.9.16-bin\apache-maven-3.9.16\bin
USERNAME=58769084
OS=Windows_NT
PROCESSOR_IDENTIFIER=Intel64 Family 6 Model 122 Stepping 8, GenuineIntel
TMP=C:\Users\58769084\AppData\Local\Temp
TEMP=C:\Users\58769084\AppData\Local\Temp




Periodic native trim disabled

---------------  S Y S T E M  ---------------

OS:
 Windows 10 , 64 bit Build 19041 (10.0.19041.5915)
OS uptime: 0 days 2:27 hours
Hyper-V role detected

CPU: total 2 (initial active 2) (2 cores per cpu, 1 threads per core) family 6 model 122 stepping 8 microcode 0xc, cx8, cmov, fxsr, mmx, 3dnowpref, sse, sse2, sse3, ssse3, sse4.1, sse4.2, popcnt, tsc, tscinvbit, aes, erms, clmul, sha, clflush, clflushopt, hv, rdtscp, rdpid
Processor Information for the first 2 processors :
  Max Mhz: 1101, Current Mhz: 1101, Mhz Limit: 1101

Memory: 4k page, system-wide physical 3919M (339M free)
TotalPageFile size 10256M (AvailPageFile size 1885M)
current process WorkingSet (physical memory assigned to process): 338M, peak: 373M
current process commit charge ("private bytes"): 412M, peak: 4358M

vm_info: OpenJDK 64-Bit Server VM (21.0.12.1+1-LTS) for windows-amd64 JRE (21.0.12.1+1-LTS), built on 2026-08-18T00:00:00Z by "admin" with MS VC++ 17.12 (VS2022)

END.
